Archive member included because of file (symbol)

/home/marco/ARMToolchain/gcc-arm-none-eabi-4_9-2015q2/bin/../lib/gcc/arm-none-eabi/4.9.3/../../../../arm-none-eabi/lib/armv6-m/libc_nano.a(lib_a-exit.o)
                              /home/marco/ARMToolchain/gcc-arm-none-eabi-4_9-2015q2/bin/../lib/gcc/arm-none-eabi/4.9.3/../../../../arm-none-eabi/lib/armv6-m/crt0.o (exit)
/home/marco/ARMToolchain/gcc-arm-none-eabi-4_9-2015q2/bin/../lib/gcc/arm-none-eabi/4.9.3/../../../../arm-none-eabi/lib/armv6-m/libc_nano.a(lib_a-impure.o)
                              /home/marco/ARMToolchain/gcc-arm-none-eabi-4_9-2015q2/bin/../lib/gcc/arm-none-eabi/4.9.3/../../../../arm-none-eabi/lib/armv6-m/libc_nano.a(lib_a-exit.o) (_global_impure_ptr)
/home/marco/ARMToolchain/gcc-arm-none-eabi-4_9-2015q2/bin/../lib/gcc/arm-none-eabi/4.9.3/../../../../arm-none-eabi/lib/armv6-m/libc_nano.a(lib_a-init.o)
                              /home/marco/ARMToolchain/gcc-arm-none-eabi-4_9-2015q2/bin/../lib/gcc/arm-none-eabi/4.9.3/../../../../arm-none-eabi/lib/armv6-m/crt0.o (__libc_init_array)
/home/marco/ARMToolchain/gcc-arm-none-eabi-4_9-2015q2/bin/../lib/gcc/arm-none-eabi/4.9.3/../../../../arm-none-eabi/lib/armv6-m/libc_nano.a(lib_a-memset.o)
                              /home/marco/ARMToolchain/gcc-arm-none-eabi-4_9-2015q2/bin/../lib/gcc/arm-none-eabi/4.9.3/../../../../arm-none-eabi/lib/armv6-m/crt0.o (memset)
/home/marco/ARMToolchain/gcc-arm-none-eabi-4_9-2015q2/bin/../lib/gcc/arm-none-eabi/4.9.3/../../../../arm-none-eabi/lib/armv6-m/libnosys.a(_exit.o)
                              /home/marco/ARMToolchain/gcc-arm-none-eabi-4_9-2015q2/bin/../lib/gcc/arm-none-eabi/4.9.3/../../../../arm-none-eabi/lib/armv6-m/libc_nano.a(lib_a-exit.o) (_exit)
/home/marco/ARMToolchain/gcc-arm-none-eabi-4_9-2015q2/bin/../lib/gcc/arm-none-eabi/4.9.3/armv6-m/libgcc.a(_udivsi3.o)
                              _build/pstorage.o (__aeabi_uidiv)
/home/marco/ARMToolchain/gcc-arm-none-eabi-4_9-2015q2/bin/../lib/gcc/arm-none-eabi/4.9.3/armv6-m/libgcc.a(_divsi3.o)
                              _build/pstorage.o (__aeabi_idiv)
/home/marco/ARMToolchain/gcc-arm-none-eabi-4_9-2015q2/bin/../lib/gcc/arm-none-eabi/4.9.3/armv6-m/libgcc.a(_dvmd_tls.o)
                              /home/marco/ARMToolchain/gcc-arm-none-eabi-4_9-2015q2/bin/../lib/gcc/arm-none-eabi/4.9.3/armv6-m/libgcc.a(_udivsi3.o) (__aeabi_idiv0)
/home/marco/ARMToolchain/gcc-arm-none-eabi-4_9-2015q2/bin/../lib/gcc/arm-none-eabi/4.9.3/../../../../arm-none-eabi/lib/armv6-m/libc_nano.a(lib_a-memcpy.o)
                              _build/ble_manager.o (memcpy)
/home/marco/ARMToolchain/gcc-arm-none-eabi-4_9-2015q2/bin/../lib/gcc/arm-none-eabi/4.9.3/../../../../arm-none-eabi/lib/armv6-m/libc_nano.a(lib_a-sprintf.o)
                              _build/mpu6050.o (sprintf)
/home/marco/ARMToolchain/gcc-arm-none-eabi-4_9-2015q2/bin/../lib/gcc/arm-none-eabi/4.9.3/../../../../arm-none-eabi/lib/armv6-m/libc_nano.a(lib_a-strlen.o)
                              _build/mpu6050.o (strlen)
/home/marco/ARMToolchain/gcc-arm-none-eabi-4_9-2015q2/bin/../lib/gcc/arm-none-eabi/4.9.3/../../../../arm-none-eabi/lib/armv6-m/libc_nano.a(lib_a-nano-svfprintf.o)
                              /home/marco/ARMToolchain/gcc-arm-none-eabi-4_9-2015q2/bin/../lib/gcc/arm-none-eabi/4.9.3/../../../../arm-none-eabi/lib/armv6-m/libc_nano.a(lib_a-sprintf.o) (_svfprintf_r)
/home/marco/ARMToolchain/gcc-arm-none-eabi-4_9-2015q2/bin/../lib/gcc/arm-none-eabi/4.9.3/../../../../arm-none-eabi/lib/armv6-m/libc_nano.a(lib_a-nano-vfprintf_i.o)
                              /home/marco/ARMToolchain/gcc-arm-none-eabi-4_9-2015q2/bin/../lib/gcc/arm-none-eabi/4.9.3/../../../../arm-none-eabi/lib/armv6-m/libc_nano.a(lib_a-nano-svfprintf.o) (_printf_i)
/home/marco/ARMToolchain/gcc-arm-none-eabi-4_9-2015q2/bin/../lib/gcc/arm-none-eabi/4.9.3/../../../../arm-none-eabi/lib/armv6-m/libc_nano.a(lib_a-memchr.o)
                              /home/marco/ARMToolchain/gcc-arm-none-eabi-4_9-2015q2/bin/../lib/gcc/arm-none-eabi/4.9.3/../../../../arm-none-eabi/lib/armv6-m/libc_nano.a(lib_a-nano-svfprintf.o) (memchr)
/home/marco/ARMToolchain/gcc-arm-none-eabi-4_9-2015q2/bin/../lib/gcc/arm-none-eabi/4.9.3/../../../../arm-none-eabi/lib/armv6-m/libc_nano.a(lib_a-memmove.o)
                              /home/marco/ARMToolchain/gcc-arm-none-eabi-4_9-2015q2/bin/../lib/gcc/arm-none-eabi/4.9.3/../../../../arm-none-eabi/lib/armv6-m/libc_nano.a(lib_a-nano-svfprintf.o) (memmove)
/home/marco/ARMToolchain/gcc-arm-none-eabi-4_9-2015q2/bin/../lib/gcc/arm-none-eabi/4.9.3/../../../../arm-none-eabi/lib/armv6-m/libc_nano.a(lib_a-nano-freer.o)
                              /home/marco/ARMToolchain/gcc-arm-none-eabi-4_9-2015q2/bin/../lib/gcc/arm-none-eabi/4.9.3/../../../../arm-none-eabi/lib/armv6-m/libc_nano.a(lib_a-nano-svfprintf.o) (_free_r)
/home/marco/ARMToolchain/gcc-arm-none-eabi-4_9-2015q2/bin/../lib/gcc/arm-none-eabi/4.9.3/../../../../arm-none-eabi/lib/armv6-m/libc_nano.a(lib_a-nano-mallocr.o)
                              /home/marco/ARMToolchain/gcc-arm-none-eabi-4_9-2015q2/bin/../lib/gcc/arm-none-eabi/4.9.3/../../../../arm-none-eabi/lib/armv6-m/libc_nano.a(lib_a-nano-svfprintf.o) (_malloc_r)
/home/marco/ARMToolchain/gcc-arm-none-eabi-4_9-2015q2/bin/../lib/gcc/arm-none-eabi/4.9.3/../../../../arm-none-eabi/lib/armv6-m/libc_nano.a(lib_a-nano-reallocr.o)
                              /home/marco/ARMToolchain/gcc-arm-none-eabi-4_9-2015q2/bin/../lib/gcc/arm-none-eabi/4.9.3/../../../../arm-none-eabi/lib/armv6-m/libc_nano.a(lib_a-nano-svfprintf.o) (_realloc_r)
/home/marco/ARMToolchain/gcc-arm-none-eabi-4_9-2015q2/bin/../lib/gcc/arm-none-eabi/4.9.3/../../../../arm-none-eabi/lib/armv6-m/libc_nano.a(lib_a-sbrkr.o)
                              /home/marco/ARMToolchain/gcc-arm-none-eabi-4_9-2015q2/bin/../lib/gcc/arm-none-eabi/4.9.3/../../../../arm-none-eabi/lib/armv6-m/libc_nano.a(lib_a-nano-mallocr.o) (_sbrk_r)
/home/marco/ARMToolchain/gcc-arm-none-eabi-4_9-2015q2/bin/../lib/gcc/arm-none-eabi/4.9.3/../../../../arm-none-eabi/lib/armv6-m/libc_nano.a(lib_a-nano-msizer.o)
                              /home/marco/ARMToolchain/gcc-arm-none-eabi-4_9-2015q2/bin/../lib/gcc/arm-none-eabi/4.9.3/../../../../arm-none-eabi/lib/armv6-m/libc_nano.a(lib_a-nano-reallocr.o) (_malloc_usable_size_r)
/home/marco/ARMToolchain/gcc-arm-none-eabi-4_9-2015q2/bin/../lib/gcc/arm-none-eabi/4.9.3/../../../../arm-none-eabi/lib/armv6-m/libc_nano.a(lib_a-reent.o)
                              /home/marco/ARMToolchain/gcc-arm-none-eabi-4_9-2015q2/bin/../lib/gcc/arm-none-eabi/4.9.3/../../../../arm-none-eabi/lib/armv6-m/libc_nano.a(lib_a-sbrkr.o) (errno)
/home/marco/ARMToolchain/gcc-arm-none-eabi-4_9-2015q2/bin/../lib/gcc/arm-none-eabi/4.9.3/../../../../arm-none-eabi/lib/armv6-m/libnosys.a(sbrk.o)
                              /home/marco/ARMToolchain/gcc-arm-none-eabi-4_9-2015q2/bin/../lib/gcc/arm-none-eabi/4.9.3/../../../../arm-none-eabi/lib/armv6-m/libc_nano.a(lib_a-sbrkr.o) (_sbrk)

Allocating common symbols
Common symbol       size              file

nrf_nvic_state      0x8               _build/softdevice_handler.o
errno               0x4               /home/marco/ARMToolchain/gcc-arm-none-eabi-4_9-2015q2/bin/../lib/gcc/arm-none-eabi/4.9.3/../../../../arm-none-eabi/lib/armv6-m/libc_nano.a(lib_a-reent.o)
scan_resp_data      0x1f              _build/ble_manager.o
adv_data            0x13              _build/ble_manager.o

Discarded input sections

 .text          0x00000000        0x0 /home/marco/ARMToolchain/gcc-arm-none-eabi-4_9-2015q2/bin/../lib/gcc/arm-none-eabi/4.9.3/armv6-m/crti.o
 .data          0x00000000        0x0 /home/marco/ARMToolchain/gcc-arm-none-eabi-4_9-2015q2/bin/../lib/gcc/arm-none-eabi/4.9.3/armv6-m/crti.o
 .bss           0x00000000        0x0 /home/marco/ARMToolchain/gcc-arm-none-eabi-4_9-2015q2/bin/../lib/gcc/arm-none-eabi/4.9.3/armv6-m/crti.o
 .data          0x00000000        0x4 /home/marco/ARMToolchain/gcc-arm-none-eabi-4_9-2015q2/bin/../lib/gcc/arm-none-eabi/4.9.3/armv6-m/crtbegin.o
 .data          0x00000000        0x0 /home/marco/ARMToolchain/gcc-arm-none-eabi-4_9-2015q2/bin/../lib/gcc/arm-none-eabi/4.9.3/../../../../arm-none-eabi/lib/armv6-m/crt0.o
 .bss           0x00000000        0x0 /home/marco/ARMToolchain/gcc-arm-none-eabi-4_9-2015q2/bin/../lib/gcc/arm-none-eabi/4.9.3/../../../../arm-none-eabi/lib/armv6-m/crt0.o
 .ARM.extab     0x00000000        0x0 /home/marco/ARMToolchain/gcc-arm-none-eabi-4_9-2015q2/bin/../lib/gcc/arm-none-eabi/4.9.3/../../../../arm-none-eabi/lib/armv6-m/crt0.o
 .text          0x00000000        0x0 /home/marco/ARMToolchain/gcc-arm-none-eabi-4_9-2015q2/bin/../lib/gcc/arm-none-eabi/4.9.3/../../../../arm-none-eabi/lib/armv6-m/libc_nano.a(lib_a-exit.o)
 .data          0x00000000        0x0 /home/marco/ARMToolchain/gcc-arm-none-eabi-4_9-2015q2/bin/../lib/gcc/arm-none-eabi/4.9.3/../../../../arm-none-eabi/lib/armv6-m/libc_nano.a(lib_a-exit.o)
 .bss           0x00000000        0x0 /home/marco/ARMToolchain/gcc-arm-none-eabi-4_9-2015q2/bin/../lib/gcc/arm-none-eabi/4.9.3/../../../../arm-none-eabi/lib/armv6-m/libc_nano.a(lib_a-exit.o)
 .text          0x00000000        0x0 /home/marco/ARMToolchain/gcc-arm-none-eabi-4_9-2015q2/bin/../lib/gcc/arm-none-eabi/4.9.3/../../../../arm-none-eabi/lib/armv6-m/libc_nano.a(lib_a-impure.o)
 .data          0x00000000        0x0 /home/marco/ARMToolchain/gcc-arm-none-eabi-4_9-2015q2/bin/../lib/gcc/arm-none-eabi/4.9.3/../../../../arm-none-eabi/lib/armv6-m/libc_nano.a(lib_a-impure.o)
 .bss           0x00000000        0x0 /home/marco/ARMToolchain/gcc-arm-none-eabi-4_9-2015q2/bin/../lib/gcc/arm-none-eabi/4.9.3/../../../../arm-none-eabi/lib/armv6-m/libc_nano.a(lib_a-impure.o)
 .text          0x00000000        0x0 /home/marco/ARMToolchain/gcc-arm-none-eabi-4_9-2015q2/bin/../lib/gcc/arm-none-eabi/4.9.3/../../../../arm-none-eabi/lib/armv6-m/libc_nano.a(lib_a-init.o)
 .data          0x00000000        0x0 /home/marco/ARMToolchain/gcc-arm-none-eabi-4_9-2015q2/bin/../lib/gcc/arm-none-eabi/4.9.3/../../../../arm-none-eabi/lib/armv6-m/libc_nano.a(lib_a-init.o)
 .bss           0x00000000        0x0 /home/marco/ARMToolchain/gcc-arm-none-eabi-4_9-2015q2/bin/../lib/gcc/arm-none-eabi/4.9.3/../../../../arm-none-eabi/lib/armv6-m/libc_nano.a(lib_a-init.o)
 .text          0x00000000        0x0 /home/marco/ARMToolchain/gcc-arm-none-eabi-4_9-2015q2/bin/../lib/gcc/arm-none-eabi/4.9.3/../../../../arm-none-eabi/lib/armv6-m/libc_nano.a(lib_a-memset.o)
 .data          0x00000000        0x0 /home/marco/ARMToolchain/gcc-arm-none-eabi-4_9-2015q2/bin/../lib/gcc/arm-none-eabi/4.9.3/../../../../arm-none-eabi/lib/armv6-m/libc_nano.a(lib_a-memset.o)
 .bss           0x00000000        0x0 /home/marco/ARMToolchain/gcc-arm-none-eabi-4_9-2015q2/bin/../lib/gcc/arm-none-eabi/4.9.3/../../../../arm-none-eabi/lib/armv6-m/libc_nano.a(lib_a-memset.o)
 .text          0x00000000        0x0 /home/marco/ARMToolchain/gcc-arm-none-eabi-4_9-2015q2/bin/../lib/gcc/arm-none-eabi/4.9.3/../../../../arm-none-eabi/lib/armv6-m/libnosys.a(_exit.o)
 .data          0x00000000        0x0 /home/marco/ARMToolchain/gcc-arm-none-eabi-4_9-2015q2/bin/../lib/gcc/arm-none-eabi/4.9.3/../../../../arm-none-eabi/lib/armv6-m/libnosys.a(_exit.o)
 .bss           0x00000000        0x0 /home/marco/ARMToolchain/gcc-arm-none-eabi-4_9-2015q2/bin/../lib/gcc/arm-none-eabi/4.9.3/../../../../arm-none-eabi/lib/armv6-m/libnosys.a(_exit.o)
 .text          0x00000000        0x0 _build/main.o
 .data          0x00000000        0x0 _build/main.o
 .bss           0x00000000        0x0 _build/main.o
 .text.assert_nrf_callback
                0x00000000       0x14 _build/main.o
 .text          0x00000000        0x0 _build/uart.o
 .data          0x00000000        0x0 _build/uart.o
 .bss           0x00000000        0x0 _build/uart.o
 .text          0x00000000        0x0 _build/mpu6050.o
 .data          0x00000000        0x0 _build/mpu6050.o
 .bss           0x00000000        0x0 _build/mpu6050.o
 .text          0x00000000        0x0 _build/ble_manager.o
 .data          0x00000000        0x0 _build/ble_manager.o
 .bss           0x00000000        0x0 _build/ble_manager.o
 .text          0x00000000        0x0 _build/application.o
 .data          0x00000000        0x0 _build/application.o
 .bss           0x00000000        0x0 _build/application.o
 .text          0x00000000        0x0 _build/app_error.o
 .data          0x00000000        0x0 _build/app_error.o
 .bss           0x00000000        0x0 _build/app_error.o
 .text.app_error_handler
                0x00000000       0x20 _build/app_error.o
 .text.app_error_save_and_stop
                0x00000000       0x64 _build/app_error.o
 .bss.m_error_data.5657
                0x00000000       0x20 _build/app_error.o
 .text          0x00000000        0x0 _build/app_error_weak.o
 .data          0x00000000        0x0 _build/app_error_weak.o
 .bss           0x00000000        0x0 _build/app_error_weak.o
 .text          0x00000000        0x0 _build/app_timer.o
 .data          0x00000000        0x0 _build/app_timer.o
 .bss           0x00000000        0x0 _build/app_timer.o
 .text.app_timer_stop
                0x00000000       0xc8 _build/app_timer.o
 .text.app_timer_stop_all
                0x00000000       0xb8 _build/app_timer.o
 .text.app_timer_cnt_get
                0x00000000       0x14 _build/app_timer.o
 .text.app_timer_cnt_diff_compute
                0x00000000        0xc _build/app_timer.o
 .text          0x00000000        0x0 _build/nrf_assert.o
 .data          0x00000000        0x0 _build/nrf_assert.o
 .bss           0x00000000        0x0 _build/nrf_assert.o
 .comment       0x00000000       0x71 _build/nrf_assert.o
 .ARM.attributes
                0x00000000       0x31 _build/nrf_assert.o
 .text          0x00000000        0x0 _build/app_fifo.o
 .data          0x00000000        0x0 _build/app_fifo.o
 .bss           0x00000000        0x0 _build/app_fifo.o
 .text.app_fifo_peek
                0x00000000       0x24 _build/app_fifo.o
 .text.app_fifo_flush
                0x00000000        0x8 _build/app_fifo.o
 .text.app_fifo_read
                0x00000000       0x54 _build/app_fifo.o
 .text.app_fifo_write
                0x00000000       0x58 _build/app_fifo.o
 .text          0x00000000        0x0 _build/app_twi.o
 .data          0x00000000        0x0 _build/app_twi.o
 .bss           0x00000000        0x0 _build/app_twi.o
 .text.app_twi_uninit
                0x00000000       0x10 _build/app_twi.o
 .text          0x00000000        0x0 _build/app_util_platform.o
 .data          0x00000000        0x0 _build/app_util_platform.o
 .bss           0x00000000        0x0 _build/app_util_platform.o
 .text.app_util_disable_irq
                0x00000000       0x10 _build/app_util_platform.o
 .text.app_util_enable_irq
                0x00000000       0x14 _build/app_util_platform.o
 .bss.m_in_critical_region
                0x00000000        0x4 _build/app_util_platform.o
 .text          0x00000000        0x0 _build/fstorage.o
 .data          0x00000000        0x0 _build/fstorage.o
 .bss           0x00000000        0x0 _build/fstorage.o
 .text.sd_flash_write
                0x00000000        0x4 _build/fstorage.o
 .text.sd_flash_page_erase
                0x00000000        0x4 _build/fstorage.o
 .text.unlikely.queue_get_next_free
                0x00000000       0x3c _build/fstorage.o
 .text.unlikely.queue_start
                0x00000000       0xc8 _build/fstorage.o
 .text.fs_init  0x00000000       0xa4 _build/fstorage.o
 .text.fs_store
                0x00000000       0x90 _build/fstorage.o
 .text.fs_erase
                0x00000000       0x88 _build/fstorage.o
 .text.fs_queued_op_count_get
                0x00000000       0x18 _build/fstorage.o
 .text.fs_sys_event_handler
                0x00000000      0x294 _build/fstorage.o
 .bss.m_flags   0x00000000        0x1 _build/fstorage.o
 .bss.m_queue   0x00000000       0x58 _build/fstorage.o
 .bss.m_retry_count
                0x00000000        0x1 _build/fstorage.o
 .comment       0x00000000       0x71 _build/fstorage.o
 .ARM.attributes
                0x00000000       0x31 _build/fstorage.o
 .text          0x00000000        0x0 _build/nrf_delay.o
 .data          0x00000000        0x0 _build/nrf_delay.o
 .bss           0x00000000        0x0 _build/nrf_delay.o
 .text          0x00000000        0x0 _build/app_uart_fifo.o
 .data          0x00000000        0x0 _build/app_uart_fifo.o
 .bss           0x00000000        0x0 _build/app_uart_fifo.o
 .text.app_uart_flush
                0x00000000       0x1c _build/app_uart_fifo.o
 .text.app_uart_close
                0x00000000        0xc _build/app_uart_fifo.o
 .text          0x00000000        0x0 _build/nrf_drv_clock.o
 .data          0x00000000        0x0 _build/nrf_drv_clock.o
 .bss           0x00000000        0x0 _build/nrf_drv_clock.o
 .text.sd_clock_hfclk_request
                0x00000000        0x4 _build/nrf_drv_clock.o
 .text.sd_clock_hfclk_release
                0x00000000        0x4 _build/nrf_drv_clock.o
 .text.sd_clock_hfclk_is_running
                0x00000000        0x4 _build/nrf_drv_clock.o
 .text.sd_softdevice_is_enabled
                0x00000000        0x4 _build/nrf_drv_clock.o
 .text.nrf_drv_clock_init
                0x00000000       0x38 _build/nrf_drv_clock.o
 .text.nrf_drv_clock_uninit
                0x00000000       0x14 _build/nrf_drv_clock.o
 .text.nrf_drv_clock_lfclk_request
                0x00000000       0x10 _build/nrf_drv_clock.o
 .text.nrf_drv_clock_lfclk_release
                0x00000000        0x4 _build/nrf_drv_clock.o
 .text.nrf_drv_clock_lfclk_is_running
                0x00000000        0x4 _build/nrf_drv_clock.o
 .text.nrf_drv_clock_hfclk_request
                0x00000000       0x50 _build/nrf_drv_clock.o
 .text.nrf_drv_clock_hfclk_release
                0x00000000       0x38 _build/nrf_drv_clock.o
 .text.nrf_drv_clock_hfclk_is_running
                0x00000000       0x18 _build/nrf_drv_clock.o
 .text.nrf_drv_clock_calibration_start
                0x00000000        0x4 _build/nrf_drv_clock.o
 .text.nrf_drv_clock_calibration_abort
                0x00000000        0x4 _build/nrf_drv_clock.o
 .text.nrf_drv_clock_is_calibrating
                0x00000000        0x4 _build/nrf_drv_clock.o
 .text          0x00000000        0x0 _build/nrf_drv_common.o
 .data          0x00000000        0x0 _build/nrf_drv_common.o
 .bss           0x00000000        0x0 _build/nrf_drv_common.o
 .text          0x00000000        0x0 _build/nrf_drv_gpiote.o
 .data          0x00000000        0x0 _build/nrf_drv_gpiote.o
 .bss           0x00000000        0x0 _build/nrf_drv_gpiote.o
 .text.nrf_drv_gpiote_init
                0x00000000       0x68 _build/nrf_drv_gpiote.o
 .text.nrf_drv_gpiote_is_init
                0x00000000       0x14 _build/nrf_drv_gpiote.o
 .text.nrf_drv_gpiote_uninit
                0x00000000       0xec _build/nrf_drv_gpiote.o
 .text.nrf_drv_gpiote_out_init
                0x00000000       0xdc _build/nrf_drv_gpiote.o
 .text.nrf_drv_gpiote_out_uninit
                0x00000000       0x48 _build/nrf_drv_gpiote.o
 .text.nrf_drv_gpiote_out_set
                0x00000000       0x14 _build/nrf_drv_gpiote.o
 .text.nrf_drv_gpiote_out_clear
                0x00000000       0x14 _build/nrf_drv_gpiote.o
 .text.nrf_drv_gpiote_out_toggle
                0x00000000       0x2c _build/nrf_drv_gpiote.o
 .text.nrf_drv_gpiote_out_task_enable
                0x00000000       0x38 _build/nrf_drv_gpiote.o
 .text.nrf_drv_gpiote_out_task_disable
                0x00000000       0x28 _build/nrf_drv_gpiote.o
 .text.nrf_drv_gpiote_out_task_addr_get
                0x00000000       0x20 _build/nrf_drv_gpiote.o
 .text.nrf_drv_gpiote_out_task_force
                0x00000000       0x38 _build/nrf_drv_gpiote.o
 .text.nrf_drv_gpiote_out_task_trigger
                0x00000000       0x20 _build/nrf_drv_gpiote.o
 .text.nrf_drv_gpiote_in_init
                0x00000000      0x15c _build/nrf_drv_gpiote.o
 .text.nrf_drv_gpiote_in_event_enable
                0x00000000       0xa8 _build/nrf_drv_gpiote.o
 .text.nrf_drv_gpiote_in_event_disable
                0x00000000       0x60 _build/nrf_drv_gpiote.o
 .text.nrf_drv_gpiote_in_uninit
                0x00000000       0xa8 _build/nrf_drv_gpiote.o
 .text.nrf_drv_gpiote_in_is_set
                0x00000000       0x14 _build/nrf_drv_gpiote.o
 .text.nrf_drv_gpiote_in_event_addr_get
                0x00000000       0x20 _build/nrf_drv_gpiote.o
 .text          0x00000000        0x0 _build/nrf_drv_timer.o
 .data          0x00000000        0x0 _build/nrf_drv_timer.o
 .bss           0x00000000        0x0 _build/nrf_drv_timer.o
 .text.nrf_drv_timer_init
                0x00000000       0xe8 _build/nrf_drv_timer.o
 .text.nrf_drv_timer_uninit
                0x00000000       0x58 _build/nrf_drv_timer.o
 .text.nrf_drv_timer_enable
                0x00000000       0x1c _build/nrf_drv_timer.o
 .text.nrf_drv_timer_disable
                0x00000000       0x1c _build/nrf_drv_timer.o
 .text.nrf_drv_timer_resume
                0x00000000        0x8 _build/nrf_drv_timer.o
 .text.nrf_drv_timer_pause
                0x00000000        0x8 _build/nrf_drv_timer.o
 .text.nrf_drv_timer_clear
                0x00000000        0x8 _build/nrf_drv_timer.o
 .text.nrf_drv_timer_increment
                0x00000000        0x8 _build/nrf_drv_timer.o
 .text.nrf_drv_timer_capture
                0x00000000       0x20 _build/nrf_drv_timer.o
 .text.nrf_drv_timer_compare
                0x00000000       0x2c _build/nrf_drv_timer.o
 .text.nrf_drv_timer_extended_compare
                0x00000000       0x4c _build/nrf_drv_timer.o
 .text.nrf_drv_timer_compare_int_enable
                0x00000000       0x24 _build/nrf_drv_timer.o
 .text.nrf_drv_timer_compare_int_disable
                0x00000000       0x14 _build/nrf_drv_timer.o
 .rodata.m_default_config
                0x00000000        0x8 _build/nrf_drv_timer.o
 .text          0x00000000        0x0 _build/nrf_drv_rtc.o
 .data          0x00000000        0x0 _build/nrf_drv_rtc.o
 .bss           0x00000000        0x0 _build/nrf_drv_rtc.o
 .text.nrf_drv_rtc_init
                0x00000000       0x6c _build/nrf_drv_rtc.o
 .text.nrf_drv_rtc_uninit
                0x00000000       0x44 _build/nrf_drv_rtc.o
 .text.nrf_drv_rtc_enable
                0x00000000       0x18 _build/nrf_drv_rtc.o
 .text.nrf_drv_rtc_disable
                0x00000000       0x18 _build/nrf_drv_rtc.o
 .text.nrf_drv_rtc_cc_disable
                0x00000000       0x40 _build/nrf_drv_rtc.o
 .text.nrf_drv_rtc_cc_set
                0x00000000       0xc0 _build/nrf_drv_rtc.o
 .text.nrf_drv_rtc_tick_enable
                0x00000000       0x24 _build/nrf_drv_rtc.o
 .text.nrf_drv_rtc_tick_disable
                0x00000000       0x14 _build/nrf_drv_rtc.o
 .text.nrf_drv_rtc_overflow_enable
                0x00000000       0x24 _build/nrf_drv_rtc.o
 .text.nrf_drv_rtc_overflow_disable
                0x00000000       0x14 _build/nrf_drv_rtc.o
 .text.nrf_drv_rtc_max_ticks_get
                0x00000000       0x24 _build/nrf_drv_rtc.o
 .bss.m_handlers
                0x00000000        0x0 _build/nrf_drv_rtc.o
 .rodata.m_default_config
                0x00000000        0x0 _build/nrf_drv_rtc.o
 .bss.m_cb      0x00000000        0x0 _build/nrf_drv_rtc.o
 .comment       0x00000000       0x71 _build/nrf_drv_rtc.o
 .ARM.attributes
                0x00000000       0x31 _build/nrf_drv_rtc.o
 .text          0x00000000        0x0 _build/nrf_drv_twi.o
 .data          0x00000000        0x0 _build/nrf_drv_twi.o
 .bss           0x00000000        0x0 _build/nrf_drv_twi.o
 .text.nrf_drv_twi_uninit
                0x00000000       0x68 _build/nrf_drv_twi.o
 .text.nrf_drv_twi_disable
                0x00000000       0x34 _build/nrf_drv_twi.o
 .text.nrf_drv_twi_tx
                0x00000000      0x250 _build/nrf_drv_twi.o
 .text.nrf_drv_twi_rx
                0x00000000       0xb4 _build/nrf_drv_twi.o
 .text.nrf_drv_twi_data_count_get
                0x00000000       0x18 _build/nrf_drv_twi.o
 .text.nrf_drv_twi_start_task_get
                0x00000000       0x10 _build/nrf_drv_twi.o
 .text.nrf_drv_twi_stopped_event_get
                0x00000000        0x8 _build/nrf_drv_twi.o
 .text          0x00000000        0x0 _build/pstorage.o
 .data          0x00000000        0x0 _build/pstorage.o
 .bss           0x00000000        0x0 _build/pstorage.o
 .text.sd_flash_write
                0x00000000        0x4 _build/pstorage.o
 .text.sd_flash_page_erase
                0x00000000        0x4 _build/pstorage.o
 .text.flash_api_err_code_process
                0x00000000       0x60 _build/pstorage.o
 .text.state_entry_action_run
                0x00000000      0x1b4 _build/pstorage.o
 .text.clear_operation_execute
                0x00000000      0x194 _build/pstorage.o
 .text.unlikely.cmd_queue_enqueue
                0x00000000       0x8c _build/pstorage.o
 .text.tail_restore_state_run
                0x00000000       0xb4 _build/pstorage.o
 .text.state_write_data_swap_entry_run
                0x00000000       0xb0 _build/pstorage.o
 .text.state_restore_head_entry_run
                0x00000000       0xb0 _build/pstorage.o
 .text.data_to_swap_write_state_run
                0x00000000       0xa0 _build/pstorage.o
 .text.state_restore_tail_entry_run
                0x00000000       0xc0 _build/pstorage.o
 .text.state_erase_data_page_entry_run
                0x00000000       0x70 _build/pstorage.o
 .text.swap_erase_state_run
                0x00000000       0xd4 _build/pstorage.o
 .text.state_swap_erase_entry_run
                0x00000000       0xa4 _build/pstorage.o
 .text.store_cmd_flash_write_execute
                0x00000000      0x120 _build/pstorage.o
 .text.head_restore_state_run
                0x00000000      0x21c _build/pstorage.o
 .text.data_page_erase_state_run
                0x00000000      0x26c _build/pstorage.o
 .text.command_end_procedure_run
                0x00000000       0xb8 _build/pstorage.o
 .text.pstorage_sys_event_handler
                0x00000000      0x1cc _build/pstorage.o
 .text.pstorage_init
                0x00000000      0x14c _build/pstorage.o
 .text.pstorage_register
                0x00000000       0xf0 _build/pstorage.o
 .text.pstorage_block_identifier_get
                0x00000000       0x50 _build/pstorage.o
 .text.pstorage_store
                0x00000000       0x88 _build/pstorage.o
 .text.pstorage_update
                0x00000000       0x88 _build/pstorage.o
 .text.pstorage_load
                0x00000000       0xa8 _build/pstorage.o
 .text.pstorage_clear
                0x00000000       0x94 _build/pstorage.o
 .text.pstorage_access_status_get
                0x00000000       0x28 _build/pstorage.o
 .bss.m_cmd_queue
                0x00000000       0xcc _build/pstorage.o
 .bss.m_num_of_bytes_written
                0x00000000        0x4 _build/pstorage.o
 .bss.m_tail_word_size
                0x00000000        0x4 _build/pstorage.o
 .bss.m_app_table
                0x00000000        0xc _build/pstorage.o
 .bss.m_next_app_instance
                0x00000000        0x2 _build/pstorage.o
 .bss.m_next_page_addr
                0x00000000        0x4 _build/pstorage.o
 .bss.m_flags   0x00000000        0x4 _build/pstorage.o
 .bss.m_swap_sub_state
                0x00000000        0x1 _build/pstorage.o
 .bss.m_state   0x00000000        0x1 _build/pstorage.o
 .rodata.swap_sub_state_sm_lut.6780
                0x00000000       0x14 _build/pstorage.o
 .bss.m_app_data_size
                0x00000000        0x4 _build/pstorage.o
 .bss.m_num_of_command_retries
                0x00000000        0x4 _build/pstorage.o
 .bss.m_head_word_size
                0x00000000        0x4 _build/pstorage.o
 .bss.m_current_page_id
                0x00000000        0x4 _build/pstorage.o
 .rodata.swap_sub_state_sm_lut.6705
                0x00000000       0x14 _build/pstorage.o
 .comment       0x00000000       0x71 _build/pstorage.o
 .ARM.attributes
                0x00000000       0x31 _build/pstorage.o
 .text          0x00000000        0x0 _build/nrf_drv_uart.o
 .data          0x00000000        0x0 _build/nrf_drv_uart.o
 .bss           0x00000000        0x0 _build/nrf_drv_uart.o
 .text.nrf_drv_uart_uninit
                0x00000000       0xbc _build/nrf_drv_uart.o
 .text.nrf_drv_uart_rx_disable
                0x00000000       0x18 _build/nrf_drv_uart.o
 .text.nrf_drv_uart_errorsrc_get
                0x00000000       0x1c _build/nrf_drv_uart.o
 .text.nrf_drv_uart_tx_abort
                0x00000000       0x3c _build/nrf_drv_uart.o
 .text.nrf_drv_uart_rx_abort
                0x00000000       0x1c _build/nrf_drv_uart.o
 .text          0x00000000        0x0 _build/ble_advdata.o
 .data          0x00000000        0x0 _build/ble_advdata.o
 .bss           0x00000000        0x0 _build/ble_advdata.o
 .text.sd_ble_gap_address_get
                0x00000000        0x4 _build/ble_advdata.o
 .text.sd_ble_gap_adv_data_set
                0x00000000        0x4 _build/ble_advdata.o
 .text.sd_ble_gap_appearance_get
                0x00000000        0x4 _build/ble_advdata.o
 .text.sd_ble_gap_device_name_get
                0x00000000        0x4 _build/ble_advdata.o
 .text.sd_ble_uuid_encode
                0x00000000        0x4 _build/ble_advdata.o
 .text.name_encode
                0x00000000       0x8c _build/ble_advdata.o
 .text.uuid_list_sized_encode
                0x00000000       0xe8 _build/ble_advdata.o
 .text.adv_data_encode
                0x00000000      0x550 _build/ble_advdata.o
 .text.ble_advdata_set
                0x00000000      0x508 _build/ble_advdata.o
 .comment       0x00000000       0x71 _build/ble_advdata.o
 .ARM.attributes
                0x00000000       0x31 _build/ble_advdata.o
 .text          0x00000000        0x0 _build/ble_conn_params.o
 .data          0x00000000        0x0 _build/ble_conn_params.o
 .bss           0x00000000        0x0 _build/ble_conn_params.o
 .text.sd_ble_gap_conn_param_update
                0x00000000        0x4 _build/ble_conn_params.o
 .text.sd_ble_gap_disconnect
                0x00000000        0x4 _build/ble_conn_params.o
 .text.sd_ble_gap_ppcp_set
                0x00000000        0x4 _build/ble_conn_params.o
 .text.sd_ble_gap_ppcp_get
                0x00000000        0x4 _build/ble_conn_params.o
 .text.update_timeout_handler
                0x00000000       0x78 _build/ble_conn_params.o
 .text.conn_params_negotiation
                0x00000000       0x88 _build/ble_conn_params.o
 .text.ble_conn_params_init
                0x00000000       0x78 _build/ble_conn_params.o
 .text.ble_conn_params_stop
                0x00000000       0x10 _build/ble_conn_params.o
 .text.ble_conn_params_on_ble_evt
                0x00000000       0xa4 _build/ble_conn_params.o
 .text.ble_conn_params_change_conn_params
                0x00000000       0x70 _build/ble_conn_params.o
 .bss.m_change_param
                0x00000000        0x1 _build/ble_conn_params.o
 .bss.m_current_conn_params
                0x00000000        0x8 _build/ble_conn_params.o
 .bss.m_update_count
                0x00000000        0x1 _build/ble_conn_params.o
 .bss.m_conn_params_config
                0x00000000       0x1c _build/ble_conn_params.o
 .bss.m_conn_params_timer_id_data
                0x00000000       0x20 _build/ble_conn_params.o
 .rodata.m_conn_params_timer_id
                0x00000000        0x4 _build/ble_conn_params.o
 .bss.m_conn_handle
                0x00000000        0x2 _build/ble_conn_params.o
 .bss.m_preferred_conn_params
                0x00000000        0x8 _build/ble_conn_params.o
 .comment       0x00000000       0x71 _build/ble_conn_params.o
 .ARM.attributes
                0x00000000       0x31 _build/ble_conn_params.o
 .text          0x00000000        0x0 _build/ble_srv_common.o
 .data          0x00000000        0x0 _build/ble_srv_common.o
 .bss           0x00000000        0x0 _build/ble_srv_common.o
 .text.sd_ble_gatts_characteristic_add
                0x00000000        0x4 _build/ble_srv_common.o
 .text.sd_ble_gatts_descriptor_add
                0x00000000        0x4 _build/ble_srv_common.o
 .text.ble_srv_report_ref_encode
                0x00000000        0xc _build/ble_srv_common.o
 .text.ble_srv_ascii_to_utf8
                0x00000000       0x14 _build/ble_srv_common.o
 .text.characteristic_add
                0x00000000      0x368 _build/ble_srv_common.o
 .rodata.characteristic_add
                0x00000000       0x78 _build/ble_srv_common.o
 .text.descriptor_add
                0x00000000      0x15c _build/ble_srv_common.o
 .rodata.descriptor_add
                0x00000000       0x30 _build/ble_srv_common.o
 .comment       0x00000000       0x71 _build/ble_srv_common.o
 .ARM.attributes
                0x00000000       0x31 _build/ble_srv_common.o
 .text          0x00000000        0x0 _build/system_nrf51.o
 .data          0x00000000        0x0 _build/system_nrf51.o
 .bss           0x00000000        0x0 _build/system_nrf51.o
 .text.SystemCoreClockUpdate
                0x00000000       0x10 _build/system_nrf51.o
 .data.SystemCoreClock
                0x00000000        0x4 _build/system_nrf51.o
 .text          0x00000000        0x0 _build/nrf_soc.o
 .data          0x00000000        0x0 _build/nrf_soc.o
 .bss           0x00000000        0x0 _build/nrf_soc.o
 .text.sd_app_evt_wait
                0x00000000        0x8 _build/nrf_soc.o
 .comment       0x00000000       0x71 _build/nrf_soc.o
 .ARM.attributes
                0x00000000       0x31 _build/nrf_soc.o
 .text          0x00000000        0x0 _build/softdevice_handler.o
 .data          0x00000000        0x0 _build/softdevice_handler.o
 .bss           0x00000000        0x0 _build/softdevice_handler.o
 .text.sd_softdevice_disable
                0x00000000        0x4 _build/softdevice_handler.o
 .text.intern_softdevice_events_execute
                0x00000000       0x14 _build/softdevice_handler.o
 .text.softdevice_handler_isEnabled
                0x00000000        0xc _build/softdevice_handler.o
 .text.softdevice_handler_sd_disable
                0x00000000       0x18 _build/softdevice_handler.o
 .text.softdevice_sys_evt_handler_set
                0x00000000       0x14 _build/softdevice_handler.o
 .data          0x00000000        0x0 _build/gcc_startup_nrf51.o
 .bss           0x00000000        0x0 _build/gcc_startup_nrf51.o
 .data          0x00000000        0x0 /home/marco/ARMToolchain/gcc-arm-none-eabi-4_9-2015q2/bin/../lib/gcc/arm-none-eabi/4.9.3/armv6-m/libgcc.a(_udivsi3.o)
 .bss           0x00000000        0x0 /home/marco/ARMToolchain/gcc-arm-none-eabi-4_9-2015q2/bin/../lib/gcc/arm-none-eabi/4.9.3/armv6-m/libgcc.a(_udivsi3.o)
 .text          0x00000000      0x1e0 /home/marco/ARMToolchain/gcc-arm-none-eabi-4_9-2015q2/bin/../lib/gcc/arm-none-eabi/4.9.3/armv6-m/libgcc.a(_divsi3.o)
 .data          0x00000000        0x0 /home/marco/ARMToolchain/gcc-arm-none-eabi-4_9-2015q2/bin/../lib/gcc/arm-none-eabi/4.9.3/armv6-m/libgcc.a(_divsi3.o)
 .bss           0x00000000        0x0 /home/marco/ARMToolchain/gcc-arm-none-eabi-4_9-2015q2/bin/../lib/gcc/arm-none-eabi/4.9.3/armv6-m/libgcc.a(_divsi3.o)
 .debug_frame   0x00000000       0x20 /home/marco/ARMToolchain/gcc-arm-none-eabi-4_9-2015q2/bin/../lib/gcc/arm-none-eabi/4.9.3/armv6-m/libgcc.a(_divsi3.o)
 .ARM.attributes
                0x00000000       0x1e /home/marco/ARMToolchain/gcc-arm-none-eabi-4_9-2015q2/bin/../lib/gcc/arm-none-eabi/4.9.3/armv6-m/libgcc.a(_divsi3.o)
 .data          0x00000000        0x0 /home/marco/ARMToolchain/gcc-arm-none-eabi-4_9-2015q2/bin/../lib/gcc/arm-none-eabi/4.9.3/armv6-m/libgcc.a(_dvmd_tls.o)
 .bss           0x00000000        0x0 /home/marco/ARMToolchain/gcc-arm-none-eabi-4_9-2015q2/bin/../lib/gcc/arm-none-eabi/4.9.3/armv6-m/libgcc.a(_dvmd_tls.o)
 .text          0x00000000        0x0 /home/marco/ARMToolchain/gcc-arm-none-eabi-4_9-2015q2/bin/../lib/gcc/arm-none-eabi/4.9.3/../../../../arm-none-eabi/lib/armv6-m/libc_nano.a(lib_a-memcpy.o)
 .data          0x00000000        0x0 /home/marco/ARMToolchain/gcc-arm-none-eabi-4_9-2015q2/bin/../lib/gcc/arm-none-eabi/4.9.3/../../../../arm-none-eabi/lib/armv6-m/libc_nano.a(lib_a-memcpy.o)
 .bss           0x00000000        0x0 /home/marco/ARMToolchain/gcc-arm-none-eabi-4_9-2015q2/bin/../lib/gcc/arm-none-eabi/4.9.3/../../../../arm-none-eabi/lib/armv6-m/libc_nano.a(lib_a-memcpy.o)
 .text          0x00000000        0x0 /home/marco/ARMToolchain/gcc-arm-none-eabi-4_9-2015q2/bin/../lib/gcc/arm-none-eabi/4.9.3/../../../../arm-none-eabi/lib/armv6-m/libc_nano.a(lib_a-sprintf.o)
 .data          0x00000000        0x0 /home/marco/ARMToolchain/gcc-arm-none-eabi-4_9-2015q2/bin/../lib/gcc/arm-none-eabi/4.9.3/../../../../arm-none-eabi/lib/armv6-m/libc_nano.a(lib_a-sprintf.o)
 .bss           0x00000000        0x0 /home/marco/ARMToolchain/gcc-arm-none-eabi-4_9-2015q2/bin/../lib/gcc/arm-none-eabi/4.9.3/../../../../arm-none-eabi/lib/armv6-m/libc_nano.a(lib_a-sprintf.o)
 .text._sprintf_r
                0x00000000       0x40 /home/marco/ARMToolchain/gcc-arm-none-eabi-4_9-2015q2/bin/../lib/gcc/arm-none-eabi/4.9.3/../../../../arm-none-eabi/lib/armv6-m/libc_nano.a(lib_a-sprintf.o)
 .text          0x00000000        0x0 /home/marco/ARMToolchain/gcc-arm-none-eabi-4_9-2015q2/bin/../lib/gcc/arm-none-eabi/4.9.3/../../../../arm-none-eabi/lib/armv6-m/libc_nano.a(lib_a-strlen.o)
 .data          0x00000000        0x0 /home/marco/ARMToolchain/gcc-arm-none-eabi-4_9-2015q2/bin/../lib/gcc/arm-none-eabi/4.9.3/../../../../arm-none-eabi/lib/armv6-m/libc_nano.a(lib_a-strlen.o)
 .bss           0x00000000        0x0 /home/marco/ARMToolchain/gcc-arm-none-eabi-4_9-2015q2/bin/../lib/gcc/arm-none-eabi/4.9.3/../../../../arm-none-eabi/lib/armv6-m/libc_nano.a(lib_a-strlen.o)
 .text          0x00000000        0x0 /home/marco/ARMToolchain/gcc-arm-none-eabi-4_9-2015q2/bin/../lib/gcc/arm-none-eabi/4.9.3/../../../../arm-none-eabi/lib/armv6-m/libc_nano.a(lib_a-nano-svfprintf.o)
 .data          0x00000000        0x0 /home/marco/ARMToolchain/gcc-arm-none-eabi-4_9-2015q2/bin/../lib/gcc/arm-none-eabi/4.9.3/../../../../arm-none-eabi/lib/armv6-m/libc_nano.a(lib_a-nano-svfprintf.o)
 .bss           0x00000000        0x0 /home/marco/ARMToolchain/gcc-arm-none-eabi-4_9-2015q2/bin/../lib/gcc/arm-none-eabi/4.9.3/../../../../arm-none-eabi/lib/armv6-m/libc_nano.a(lib_a-nano-svfprintf.o)
 .text.__ssprint_r
                0x00000000      0x108 /home/marco/ARMToolchain/gcc-arm-none-eabi-4_9-2015q2/bin/../lib/gcc/arm-none-eabi/4.9.3/../../../../arm-none-eabi/lib/armv6-m/libc_nano.a(lib_a-nano-svfprintf.o)
 .text          0x00000000        0x0 /home/marco/ARMToolchain/gcc-arm-none-eabi-4_9-2015q2/bin/../lib/gcc/arm-none-eabi/4.9.3/../../../../arm-none-eabi/lib/armv6-m/libc_nano.a(lib_a-nano-vfprintf_i.o)
 .data          0x00000000        0x0 /home/marco/ARMToolchain/gcc-arm-none-eabi-4_9-2015q2/bin/../lib/gcc/arm-none-eabi/4.9.3/../../../../arm-none-eabi/lib/armv6-m/libc_nano.a(lib_a-nano-vfprintf_i.o)
 .bss           0x00000000        0x0 /home/marco/ARMToolchain/gcc-arm-none-eabi-4_9-2015q2/bin/../lib/gcc/arm-none-eabi/4.9.3/../../../../arm-none-eabi/lib/armv6-m/libc_nano.a(lib_a-nano-vfprintf_i.o)
 .text          0x00000000        0x0 /home/marco/ARMToolchain/gcc-arm-none-eabi-4_9-2015q2/bin/../lib/gcc/arm-none-eabi/4.9.3/../../../../arm-none-eabi/lib/armv6-m/libc_nano.a(lib_a-memchr.o)
 .data          0x00000000        0x0 /home/marco/ARMToolchain/gcc-arm-none-eabi-4_9-2015q2/bin/../lib/gcc/arm-none-eabi/4.9.3/../../../../arm-none-eabi/lib/armv6-m/libc_nano.a(lib_a-memchr.o)
 .bss           0x00000000        0x0 /home/marco/ARMToolchain/gcc-arm-none-eabi-4_9-2015q2/bin/../lib/gcc/arm-none-eabi/4.9.3/../../../../arm-none-eabi/lib/armv6-m/libc_nano.a(lib_a-memchr.o)
 .text          0x00000000        0x0 /home/marco/ARMToolchain/gcc-arm-none-eabi-4_9-2015q2/bin/../lib/gcc/arm-none-eabi/4.9.3/../../../../arm-none-eabi/lib/armv6-m/libc_nano.a(lib_a-memmove.o)
 .data          0x00000000        0x0 /home/marco/ARMToolchain/gcc-arm-none-eabi-4_9-2015q2/bin/../lib/gcc/arm-none-eabi/4.9.3/../../../../arm-none-eabi/lib/armv6-m/libc_nano.a(lib_a-memmove.o)
 .bss           0x00000000        0x0 /home/marco/ARMToolchain/gcc-arm-none-eabi-4_9-2015q2/bin/../lib/gcc/arm-none-eabi/4.9.3/../../../../arm-none-eabi/lib/armv6-m/libc_nano.a(lib_a-memmove.o)
 .text          0x00000000        0x0 /home/marco/ARMToolchain/gcc-arm-none-eabi-4_9-2015q2/bin/../lib/gcc/arm-none-eabi/4.9.3/../../../../arm-none-eabi/lib/armv6-m/libc_nano.a(lib_a-nano-freer.o)
 .data          0x00000000        0x0 /home/marco/ARMToolchain/gcc-arm-none-eabi-4_9-2015q2/bin/../lib/gcc/arm-none-eabi/4.9.3/../../../../arm-none-eabi/lib/armv6-m/libc_nano.a(lib_a-nano-freer.o)
 .bss           0x00000000        0x0 /home/marco/ARMToolchain/gcc-arm-none-eabi-4_9-2015q2/bin/../lib/gcc/arm-none-eabi/4.9.3/../../../../arm-none-eabi/lib/armv6-m/libc_nano.a(lib_a-nano-freer.o)
 .text          0x00000000        0x0 /home/marco/ARMToolchain/gcc-arm-none-eabi-4_9-2015q2/bin/../lib/gcc/arm-none-eabi/4.9.3/../../../../arm-none-eabi/lib/armv6-m/libc_nano.a(lib_a-nano-mallocr.o)
 .data          0x00000000        0x0 /home/marco/ARMToolchain/gcc-arm-none-eabi-4_9-2015q2/bin/../lib/gcc/arm-none-eabi/4.9.3/../../../../arm-none-eabi/lib/armv6-m/libc_nano.a(lib_a-nano-mallocr.o)
 .bss           0x00000000        0x0 /home/marco/ARMToolchain/gcc-arm-none-eabi-4_9-2015q2/bin/../lib/gcc/arm-none-eabi/4.9.3/../../../../arm-none-eabi/lib/armv6-m/libc_nano.a(lib_a-nano-mallocr.o)
 .text          0x00000000        0x0 /home/marco/ARMToolchain/gcc-arm-none-eabi-4_9-2015q2/bin/../lib/gcc/arm-none-eabi/4.9.3/../../../../arm-none-eabi/lib/armv6-m/libc_nano.a(lib_a-nano-reallocr.o)
 .data          0x00000000        0x0 /home/marco/ARMToolchain/gcc-arm-none-eabi-4_9-2015q2/bin/../lib/gcc/arm-none-eabi/4.9.3/../../../../arm-none-eabi/lib/armv6-m/libc_nano.a(lib_a-nano-reallocr.o)
 .bss           0x00000000        0x0 /home/marco/ARMToolchain/gcc-arm-none-eabi-4_9-2015q2/bin/../lib/gcc/arm-none-eabi/4.9.3/../../../../arm-none-eabi/lib/armv6-m/libc_nano.a(lib_a-nano-reallocr.o)
 .text          0x00000000        0x0 /home/marco/ARMToolchain/gcc-arm-none-eabi-4_9-2015q2/bin/../lib/gcc/arm-none-eabi/4.9.3/../../../../arm-none-eabi/lib/armv6-m/libc_nano.a(lib_a-sbrkr.o)
 .data          0x00000000        0x0 /home/marco/ARMToolchain/gcc-arm-none-eabi-4_9-2015q2/bin/../lib/gcc/arm-none-eabi/4.9.3/../../../../arm-none-eabi/lib/armv6-m/libc_nano.a(lib_a-sbrkr.o)
 .bss           0x00000000        0x0 /home/marco/ARMToolchain/gcc-arm-none-eabi-4_9-2015q2/bin/../lib/gcc/arm-none-eabi/4.9.3/../../../../arm-none-eabi/lib/armv6-m/libc_nano.a(lib_a-sbrkr.o)
 .text          0x00000000        0x0 /home/marco/ARMToolchain/gcc-arm-none-eabi-4_9-2015q2/bin/../lib/gcc/arm-none-eabi/4.9.3/../../../../arm-none-eabi/lib/armv6-m/libc_nano.a(lib_a-nano-msizer.o)
 .data          0x00000000        0x0 /home/marco/ARMToolchain/gcc-arm-none-eabi-4_9-2015q2/bin/../lib/gcc/arm-none-eabi/4.9.3/../../../../arm-none-eabi/lib/armv6-m/libc_nano.a(lib_a-nano-msizer.o)
 .bss           0x00000000        0x0 /home/marco/ARMToolchain/gcc-arm-none-eabi-4_9-2015q2/bin/../lib/gcc/arm-none-eabi/4.9.3/../../../../arm-none-eabi/lib/armv6-m/libc_nano.a(lib_a-nano-msizer.o)
 .text          0x00000000        0x0 /home/marco/ARMToolchain/gcc-arm-none-eabi-4_9-2015q2/bin/../lib/gcc/arm-none-eabi/4.9.3/../../../../arm-none-eabi/lib/armv6-m/libc_nano.a(lib_a-reent.o)
 .data          0x00000000        0x0 /home/marco/ARMToolchain/gcc-arm-none-eabi-4_9-2015q2/bin/../lib/gcc/arm-none-eabi/4.9.3/../../../../arm-none-eabi/lib/armv6-m/libc_nano.a(lib_a-reent.o)
 .bss           0x00000000        0x0 /home/marco/ARMToolchain/gcc-arm-none-eabi-4_9-2015q2/bin/../lib/gcc/arm-none-eabi/4.9.3/../../../../arm-none-eabi/lib/armv6-m/libc_nano.a(lib_a-reent.o)
 .text.cleanup_glue
                0x00000000       0x1a /home/marco/ARMToolchain/gcc-arm-none-eabi-4_9-2015q2/bin/../lib/gcc/arm-none-eabi/4.9.3/../../../../arm-none-eabi/lib/armv6-m/libc_nano.a(lib_a-reent.o)
 .text._reclaim_reent
                0x00000000       0xcc /home/marco/ARMToolchain/gcc-arm-none-eabi-4_9-2015q2/bin/../lib/gcc/arm-none-eabi/4.9.3/../../../../arm-none-eabi/lib/armv6-m/libc_nano.a(lib_a-reent.o)
 .text          0x00000000        0x0 /home/marco/ARMToolchain/gcc-arm-none-eabi-4_9-2015q2/bin/../lib/gcc/arm-none-eabi/4.9.3/armv6-m/crtend.o
 .data          0x00000000        0x0 /home/marco/ARMToolchain/gcc-arm-none-eabi-4_9-2015q2/bin/../lib/gcc/arm-none-eabi/4.9.3/armv6-m/crtend.o
 .bss           0x00000000        0x0 /home/marco/ARMToolchain/gcc-arm-none-eabi-4_9-2015q2/bin/../lib/gcc/arm-none-eabi/4.9.3/armv6-m/crtend.o
 .text          0x00000000        0x0 /home/marco/ARMToolchain/gcc-arm-none-eabi-4_9-2015q2/bin/../lib/gcc/arm-none-eabi/4.9.3/armv6-m/crtn.o
 .data          0x00000000        0x0 /home/marco/ARMToolchain/gcc-arm-none-eabi-4_9-2015q2/bin/../lib/gcc/arm-none-eabi/4.9.3/armv6-m/crtn.o
 .bss           0x00000000        0x0 /home/marco/ARMToolchain/gcc-arm-none-eabi-4_9-2015q2/bin/../lib/gcc/arm-none-eabi/4.9.3/armv6-m/crtn.o
 .text          0x00000000        0x0 /home/marco/ARMToolchain/gcc-arm-none-eabi-4_9-2015q2/bin/../lib/gcc/arm-none-eabi/4.9.3/../../../../arm-none-eabi/lib/armv6-m/libnosys.a(sbrk.o)
 .data          0x00000000        0x0 /home/marco/ARMToolchain/gcc-arm-none-eabi-4_9-2015q2/bin/../lib/gcc/arm-none-eabi/4.9.3/../../../../arm-none-eabi/lib/armv6-m/libnosys.a(sbrk.o)
 .bss           0x00000000        0x0 /home/marco/ARMToolchain/gcc-arm-none-eabi-4_9-2015q2/bin/../lib/gcc/arm-none-eabi/4.9.3/../../../../arm-none-eabi/lib/armv6-m/libnosys.a(sbrk.o)

Memory Configuration

Name             Origin             Length             Attributes
FLASH            0x0001b000         0x00024000         xr
RAM              0x20002800         0x00001800         xrw
*default*        0x00000000         0xffffffff

Linker script and memory map

LOAD /home/marco/ARMToolchain/gcc-arm-none-eabi-4_9-2015q2/bin/../lib/gcc/arm-none-eabi/4.9.3/armv6-m/crti.o
LOAD /home/marco/ARMToolchain/gcc-arm-none-eabi-4_9-2015q2/bin/../lib/gcc/arm-none-eabi/4.9.3/armv6-m/crtbegin.o
LOAD /home/marco/ARMToolchain/gcc-arm-none-eabi-4_9-2015q2/bin/../lib/gcc/arm-none-eabi/4.9.3/../../../../arm-none-eabi/lib/armv6-m/crt0.o
LOAD /home/marco/ARMToolchain/gcc-arm-none-eabi-4_9-2015q2/bin/../lib/gcc/arm-none-eabi/4.9.3/../../../../arm-none-eabi/lib/armv6-m/libc_nano.a
LOAD /home/marco/ARMToolchain/gcc-arm-none-eabi-4_9-2015q2/bin/../lib/gcc/arm-none-eabi/4.9.3/../../../../arm-none-eabi/lib/armv6-m/libnosys.a
LOAD _build/main.o
LOAD _build/uart.o
LOAD _build/mpu6050.o
LOAD _build/ble_manager.o
LOAD _build/application.o
LOAD _build/app_error.o
LOAD _build/app_error_weak.o
LOAD _build/app_timer.o
LOAD _build/nrf_assert.o
LOAD _build/app_fifo.o
LOAD _build/app_twi.o
LOAD _build/app_util_platform.o
LOAD _build/fstorage.o
LOAD _build/nrf_delay.o
LOAD _build/app_uart_fifo.o
LOAD _build/nrf_drv_clock.o
LOAD _build/nrf_drv_common.o
LOAD _build/nrf_drv_gpiote.o
LOAD _build/nrf_drv_timer.o
LOAD _build/nrf_drv_rtc.o
LOAD _build/nrf_drv_twi.o
LOAD _build/pstorage.o
LOAD _build/nrf_drv_uart.o
LOAD _build/ble_advdata.o
LOAD _build/ble_conn_params.o
LOAD _build/ble_srv_common.o
LOAD _build/system_nrf51.o
LOAD _build/nrf_soc.o
LOAD _build/softdevice_handler.o
LOAD _build/gcc_startup_nrf51.o
START GROUP
LOAD /home/marco/ARMToolchain/gcc-arm-none-eabi-4_9-2015q2/bin/../lib/gcc/arm-none-eabi/4.9.3/armv6-m/libgcc.a
LOAD /home/marco/ARMToolchain/gcc-arm-none-eabi-4_9-2015q2/bin/../lib/gcc/arm-none-eabi/4.9.3/../../../../arm-none-eabi/lib/armv6-m/libc_nano.a
END GROUP
START GROUP
LOAD /home/marco/ARMToolchain/gcc-arm-none-eabi-4_9-2015q2/bin/../lib/gcc/arm-none-eabi/4.9.3/armv6-m/libgcc.a
LOAD /home/marco/ARMToolchain/gcc-arm-none-eabi-4_9-2015q2/bin/../lib/gcc/arm-none-eabi/4.9.3/../../../../arm-none-eabi/lib/armv6-m/libc_nano.a
END GROUP
LOAD /home/marco/ARMToolchain/gcc-arm-none-eabi-4_9-2015q2/bin/../lib/gcc/arm-none-eabi/4.9.3/armv6-m/crtend.o
LOAD /home/marco/ARMToolchain/gcc-arm-none-eabi-4_9-2015q2/bin/../lib/gcc/arm-none-eabi/4.9.3/armv6-m/crtn.o
START GROUP
LOAD /home/marco/ARMToolchain/gcc-arm-none-eabi-4_9-2015q2/bin/../lib/gcc/arm-none-eabi/4.9.3/armv6-m/libgcc.a
LOAD /home/marco/ARMToolchain/gcc-arm-none-eabi-4_9-2015q2/bin/../lib/gcc/arm-none-eabi/4.9.3/../../../../arm-none-eabi/lib/armv6-m/libc.a
LOAD /home/marco/ARMToolchain/gcc-arm-none-eabi-4_9-2015q2/bin/../lib/gcc/arm-none-eabi/4.9.3/../../../../arm-none-eabi/lib/armv6-m/libnosys.a
END GROUP

.fs_data_out    0x00000000        0x0
                0x00000000                PROVIDE (__start_fs_data, .)
 *(fs_data)
                0x00000000                PROVIDE (__stop_fs_data, .)

.text           0x0001b000     0x3a54
 *(.isr_vector)
 .isr_vector    0x0001b000       0xc0 _build/gcc_startup_nrf51.o
                0x0001b000                __isr_vector
 *(.text*)
 .text          0x0001b0c0       0x60 /home/marco/ARMToolchain/gcc-arm-none-eabi-4_9-2015q2/bin/../lib/gcc/arm-none-eabi/4.9.3/armv6-m/crtbegin.o
 .text          0x0001b120       0x78 /home/marco/ARMToolchain/gcc-arm-none-eabi-4_9-2015q2/bin/../lib/gcc/arm-none-eabi/4.9.3/../../../../arm-none-eabi/lib/armv6-m/crt0.o
                0x0001b120                _mainCRTStartup
                0x0001b120                _start
 .text.exit     0x0001b198       0x2c /home/marco/ARMToolchain/gcc-arm-none-eabi-4_9-2015q2/bin/../lib/gcc/arm-none-eabi/4.9.3/../../../../arm-none-eabi/lib/armv6-m/libc_nano.a(lib_a-exit.o)
                0x0001b198                exit
 .text.__libc_init_array
                0x0001b1c4       0x4c /home/marco/ARMToolchain/gcc-arm-none-eabi-4_9-2015q2/bin/../lib/gcc/arm-none-eabi/4.9.3/../../../../arm-none-eabi/lib/armv6-m/libc_nano.a(lib_a-init.o)
                0x0001b1c4                __libc_init_array
 .text.memset   0x0001b210       0x10 /home/marco/ARMToolchain/gcc-arm-none-eabi-4_9-2015q2/bin/../lib/gcc/arm-none-eabi/4.9.3/../../../../arm-none-eabi/lib/armv6-m/libc_nano.a(lib_a-memset.o)
                0x0001b210                memset
 .text._exit    0x0001b220        0x4 /home/marco/ARMToolchain/gcc-arm-none-eabi-4_9-2015q2/bin/../lib/gcc/arm-none-eabi/4.9.3/../../../../arm-none-eabi/lib/armv6-m/libnosys.a(_exit.o)
                0x0001b220                _exit
 .text.sd_app_evt_wait
                0x0001b224        0x4 _build/main.o
 .text.startup.main
                0x0001b228       0x48 _build/main.o
                0x0001b228                main
 .text.uart_event_handler
                0x0001b270       0x48 _build/uart.o
 .text.uart_send_string
                0x0001b2b8       0x24 _build/uart.o
                0x0001b2b8                uart_send_string
 .text.uart_init
                0x0001b2dc       0x48 _build/uart.o
                0x0001b2dc                uart_init
 .text.bust_read_cb
                0x0001b324       0x94 _build/mpu6050.o
 .text.mpu6050_start_burst_read
                0x0001b3b8       0x20 _build/mpu6050.o
                0x0001b3b8                mpu6050_start_burst_read
 .text.mpu6050_init
                0x0001b3d8       0xdc _build/mpu6050.o
                0x0001b3d8                mpu6050_init
 .text.sd_ble_gap_adv_data_set
                0x0001b4b4        0x4 _build/ble_manager.o
 .text.sd_ble_gap_adv_start
                0x0001b4b8        0x4 _build/ble_manager.o
 .text.sd_ble_gap_adv_stop
                0x0001b4bc        0x4 _build/ble_manager.o
 .text.sd_ble_gap_appearance_set
                0x0001b4c0        0x4 _build/ble_manager.o
 .text.sd_ble_gap_device_name_set
                0x0001b4c4        0x4 _build/ble_manager.o
 .text.ble_evt_dispatch
                0x0001b4c8        0x4 _build/ble_manager.o
 .text.ble_man_adv_update
                0x0001b4cc       0x64 _build/ble_manager.o
                0x0001b4cc                ble_man_adv_update
 .text.ble_man_adv_start
                0x0001b530       0xa8 _build/ble_manager.o
                0x0001b530                ble_man_adv_start
 .text.ble_man_init
                0x0001b5d8       0xb0 _build/ble_manager.o
                0x0001b5d8                ble_man_init
 .text.mpu6050_burst_read_callback
                0x0001b688      0x2cc _build/application.o
 .text.update_timeout_handler
                0x0001b954       0x40 _build/application.o
 .text.read_timeout_handler
                0x0001b994        0x8 _build/application.o
 .text.app_init
                0x0001b99c       0x90 _build/application.o
                0x0001b99c                app_init
 .text.app_run  0x0001ba2c        0x4 _build/application.o
                0x0001ba2c                app_run
 .text.app_error_handler_bare
                0x0001ba30       0x20 _build/app_error.o
                0x0001ba30                app_error_handler_bare
 .text.app_error_fault_handler
                0x0001ba50       0x1c _build/app_error_weak.o
                0x0001ba50                app_error_fault_handler
 .text.rtc1_stop
                0x0001ba6c       0x78 _build/app_timer.o
 .text.RTC1_IRQHandler
                0x0001bae4       0xdc _build/app_timer.o
                0x0001bae4                RTC1_IRQHandler
 .text.SWI0_IRQHandler
                0x0001bbc0      0x448 _build/app_timer.o
                0x0001bbc0                SWI0_IRQHandler
 .text.app_timer_init
                0x0001c008       0xe4 _build/app_timer.o
                0x0001c008                app_timer_init
 .text.app_timer_create
                0x0001c0ec       0x34 _build/app_timer.o
                0x0001c0ec                app_timer_create
 .text.app_timer_start
                0x0001c120       0xf8 _build/app_timer.o
                0x0001c120                app_timer_start
 .text.app_fifo_init
                0x0001c218       0x28 _build/app_fifo.o
                0x0001c218                app_fifo_init
 .text.app_fifo_put
                0x0001c240       0x28 _build/app_fifo.o
                0x0001c240                app_fifo_put
 .text.app_fifo_get
                0x0001c268       0x24 _build/app_fifo.o
                0x0001c268                app_fifo_get
 .text.internal_transaction_cb
                0x0001c28c        0xc _build/app_twi.o
 .text.start_pending_transaction
                0x0001c298      0x14c _build/app_twi.o
 .text.twi_event_handler
                0x0001c3e4       0xe8 _build/app_twi.o
 .text.app_twi_init
                0x0001c4cc       0x40 _build/app_twi.o
                0x0001c4cc                app_twi_init
 .text.app_twi_schedule
                0x0001c50c       0x6c _build/app_twi.o
                0x0001c50c                app_twi_schedule
 .text.app_twi_perform
                0x0001c578       0xc8 _build/app_twi.o
                0x0001c578                app_twi_perform
 .text.app_util_critical_region_enter
                0x0001c640       0x40 _build/app_util_platform.o
                0x0001c640                app_util_critical_region_enter
 .text.app_util_critical_region_exit
                0x0001c680       0x2c _build/app_util_platform.o
                0x0001c680                app_util_critical_region_exit
 .text.nrf_delay_ms
                0x0001c6ac       0x3c _build/nrf_delay.o
                0x0001c6ac                nrf_delay_ms
 .text.uart_event_handler
                0x0001c6e8       0xc8 _build/app_uart_fifo.o
 .text.app_uart_init
                0x0001c7b0       0xa4 _build/app_uart_fifo.o
                0x0001c7b0                app_uart_init
 .text.app_uart_get
                0x0001c854       0x34 _build/app_uart_fifo.o
                0x0001c854                app_uart_get
 .text.app_uart_put
                0x0001c888       0x40 _build/app_uart_fifo.o
                0x0001c888                app_uart_put
 .text.nrf_drv_clock_on_soc_event
                0x0001c8c8       0x24 _build/nrf_drv_clock.o
                0x0001c8c8                nrf_drv_clock_on_soc_event
 .text.nrf_drv_common_irq_enable
                0x0001c8ec       0x80 _build/nrf_drv_common.o
                0x0001c8ec                nrf_drv_common_irq_enable
 .text.GPIOTE_IRQHandler
                0x0001c96c      0x2a8 _build/nrf_drv_gpiote.o
                0x0001c96c                GPIOTE_IRQHandler
 .text.TIMER0_IRQHandler
                0x0001cc14       0xb4 _build/nrf_drv_timer.o
                0x0001cc14                TIMER0_IRQHandler
 .text.twi_transfer
                0x0001ccc8      0x110 _build/nrf_drv_twi.o
 .text.twi_rx_start_transfer
                0x0001cdd8      0x170 _build/nrf_drv_twi.o
 .text.nrf_drv_twi_init
                0x0001cf48      0x1e0 _build/nrf_drv_twi.o
                0x0001cf48                nrf_drv_twi_init
 .text.nrf_drv_twi_enable
                0x0001d128       0x24 _build/nrf_drv_twi.o
                0x0001d128                nrf_drv_twi_enable
 .text.nrf_drv_twi_xfer
                0x0001d14c      0x1ac _build/nrf_drv_twi.o
                0x0001d14c                nrf_drv_twi_xfer
 .text.SPI0_TWI0_IRQHandler
                0x0001d2f8      0x364 _build/nrf_drv_twi.o
                0x0001d2f8                SPI0_TWI0_IRQHandler
 .text.nrf_drv_uart_init
                0x0001d65c      0x120 _build/nrf_drv_uart.o
                0x0001d65c                nrf_drv_uart_init
 .text.nrf_drv_uart_tx
                0x0001d77c       0xb4 _build/nrf_drv_uart.o
                0x0001d77c                nrf_drv_uart_tx
 .text.nrf_drv_uart_tx_in_progress
                0x0001d830       0x10 _build/nrf_drv_uart.o
                0x0001d830                nrf_drv_uart_tx_in_progress
 .text.nrf_drv_uart_rx
                0x0001d840      0x130 _build/nrf_drv_uart.o
                0x0001d840                nrf_drv_uart_rx
 .text.nrf_drv_uart_rx_enable
                0x0001d970       0x2c _build/nrf_drv_uart.o
                0x0001d970                nrf_drv_uart_rx_enable
 .text.UART0_IRQHandler
                0x0001d99c      0x1a8 _build/nrf_drv_uart.o
                0x0001d99c                UART0_IRQHandler
 .text.SystemInit
                0x0001db44       0xec _build/system_nrf51.o
                0x0001db44                SystemInit
 .text.sd_evt_get
                0x0001dc30        0x4 _build/softdevice_handler.o
 .text.sd_softdevice_enable
                0x0001dc34        0x4 _build/softdevice_handler.o
 .text.sd_ble_enable
                0x0001dc38        0x4 _build/softdevice_handler.o
 .text.sd_ble_evt_get
                0x0001dc3c        0x4 _build/softdevice_handler.o
 .text.softdevice_fault_handler
                0x0001dc40        0x8 _build/softdevice_handler.o
                0x0001dc40                softdevice_fault_handler
 .text.intern_softdevice_events_execute.part.0
                0x0001dc48       0xd4 _build/softdevice_handler.o
 .text.softdevice_handler_init
                0x0001dd1c       0x7c _build/softdevice_handler.o
                0x0001dd1c                softdevice_handler_init
 .text.softdevice_ble_evt_handler_set
                0x0001dd98       0x14 _build/softdevice_handler.o
                0x0001dd98                softdevice_ble_evt_handler_set
 .text.SWI2_IRQHandler
                0x0001ddac       0x30 _build/softdevice_handler.o
                0x0001ddac                SWI2_IRQHandler
 .text.softdevice_enable_get_default_config
                0x0001dddc       0x30 _build/softdevice_handler.o
                0x0001dddc                softdevice_enable_get_default_config
 .text.sd_check_ram_start
                0x0001de0c       0x14 _build/softdevice_handler.o
                0x0001de0c                sd_check_ram_start
 .text.softdevice_enable
                0x0001de20       0x1c _build/softdevice_handler.o
                0x0001de20                softdevice_enable
 .text          0x0001de3c       0x4c _build/gcc_startup_nrf51.o
                0x0001de3c                Reset_Handler
                0x0001de7c                NMI_Handler
                0x0001de7e                HardFault_Handler
                0x0001de80                SVC_Handler
                0x0001de82                PendSV_Handler
                0x0001de84                SysTick_Handler
                0x0001de86                TIMER2_IRQHandler
                0x0001de86                RTC0_IRQHandler
                0x0001de86                POWER_CLOCK_IRQHandler
                0x0001de86                RADIO_IRQHandler
                0x0001de86                LPCOMP_IRQHandler
                0x0001de86                SWI4_IRQHandler
                0x0001de86                TEMP_IRQHandler
                0x0001de86                QDEC_IRQHandler
                0x0001de86                SWI5_IRQHandler
                0x0001de86                TIMER1_IRQHandler
                0x0001de86                ECB_IRQHandler
                0x0001de86                Default_Handler
                0x0001de86                ADC_IRQHandler
                0x0001de86                SWI3_IRQHandler
                0x0001de86                CCM_AAR_IRQHandler
                0x0001de86                WDT_IRQHandler
                0x0001de86                RNG_IRQHandler
                0x0001de86                SPI1_TWI1_IRQHandler
                0x0001de86                SWI1_IRQHandler
 .text          0x0001de88      0x120 /home/marco/ARMToolchain/gcc-arm-none-eabi-4_9-2015q2/bin/../lib/gcc/arm-none-eabi/4.9.3/armv6-m/libgcc.a(_udivsi3.o)
                0x0001de88                __udivsi3
                0x0001de88                __aeabi_uidiv
                0x0001df94                __aeabi_uidivmod
 .text          0x0001dfa8        0x4 /home/marco/ARMToolchain/gcc-arm-none-eabi-4_9-2015q2/bin/../lib/gcc/arm-none-eabi/4.9.3/armv6-m/libgcc.a(_dvmd_tls.o)
                0x0001dfa8                __aeabi_ldiv0
                0x0001dfa8                __aeabi_idiv0
 .text.memcpy   0x0001dfac       0x12 /home/marco/ARMToolchain/gcc-arm-none-eabi-4_9-2015q2/bin/../lib/gcc/arm-none-eabi/4.9.3/../../../../arm-none-eabi/lib/armv6-m/libc_nano.a(lib_a-memcpy.o)
                0x0001dfac                memcpy
 *fill*         0x0001dfbe        0x2 
 .text.sprintf  0x0001dfc0       0x44 /home/marco/ARMToolchain/gcc-arm-none-eabi-4_9-2015q2/bin/../lib/gcc/arm-none-eabi/4.9.3/../../../../arm-none-eabi/lib/armv6-m/libc_nano.a(lib_a-sprintf.o)
                0x0001dfc0                sprintf
                0x0001dfc0                siprintf
 .text.strlen   0x0001e004        0xe /home/marco/ARMToolchain/gcc-arm-none-eabi-4_9-2015q2/bin/../lib/gcc/arm-none-eabi/4.9.3/../../../../arm-none-eabi/lib/armv6-m/libc_nano.a(lib_a-strlen.o)
                0x0001e004                strlen
 *fill*         0x0001e012        0x2 
 .text.__ssputs_r
                0x0001e014       0xc0 /home/marco/ARMToolchain/gcc-arm-none-eabi-4_9-2015q2/bin/../lib/gcc/arm-none-eabi/4.9.3/../../../../arm-none-eabi/lib/armv6-m/libc_nano.a(lib_a-nano-svfprintf.o)
                0x0001e014                __ssputs_r
 .text._svfprintf_r
                0x0001e0d4      0x1ec /home/marco/ARMToolchain/gcc-arm-none-eabi-4_9-2015q2/bin/../lib/gcc/arm-none-eabi/4.9.3/../../../../arm-none-eabi/lib/armv6-m/libc_nano.a(lib_a-nano-svfprintf.o)
                0x0001e0d4                _svfprintf_r
                0x0001e0d4                _svfiprintf_r
 .text._printf_common
                0x0001e2c0       0xdc /home/marco/ARMToolchain/gcc-arm-none-eabi-4_9-2015q2/bin/../lib/gcc/arm-none-eabi/4.9.3/../../../../arm-none-eabi/lib/armv6-m/libc_nano.a(lib_a-nano-vfprintf_i.o)
                0x0001e2c0                _printf_common
 .text._printf_i
                0x0001e39c      0x230 /home/marco/ARMToolchain/gcc-arm-none-eabi-4_9-2015q2/bin/../lib/gcc/arm-none-eabi/4.9.3/../../../../arm-none-eabi/lib/armv6-m/libc_nano.a(lib_a-nano-vfprintf_i.o)
                0x0001e39c                _printf_i
 .text.memchr   0x0001e5cc       0x16 /home/marco/ARMToolchain/gcc-arm-none-eabi-4_9-2015q2/bin/../lib/gcc/arm-none-eabi/4.9.3/../../../../arm-none-eabi/lib/armv6-m/libc_nano.a(lib_a-memchr.o)
                0x0001e5cc                memchr
 .text.memmove  0x0001e5e2       0x28 /home/marco/ARMToolchain/gcc-arm-none-eabi-4_9-2015q2/bin/../lib/gcc/arm-none-eabi/4.9.3/../../../../arm-none-eabi/lib/armv6-m/libc_nano.a(lib_a-memmove.o)
                0x0001e5e2                memmove
 *fill*         0x0001e60a        0x2 
 .text._free_r  0x0001e60c       0x8c /home/marco/ARMToolchain/gcc-arm-none-eabi-4_9-2015q2/bin/../lib/gcc/arm-none-eabi/4.9.3/../../../../arm-none-eabi/lib/armv6-m/libc_nano.a(lib_a-nano-freer.o)
                0x0001e60c                _free_r
 .text._malloc_r
                0x0001e698       0xb0 /home/marco/ARMToolchain/gcc-arm-none-eabi-4_9-2015q2/bin/../lib/gcc/arm-none-eabi/4.9.3/../../../../arm-none-eabi/lib/armv6-m/libc_nano.a(lib_a-nano-mallocr.o)
                0x0001e698                _malloc_r
 .text._realloc_r
                0x0001e748       0x4c /home/marco/ARMToolchain/gcc-arm-none-eabi-4_9-2015q2/bin/../lib/gcc/arm-none-eabi/4.9.3/../../../../arm-none-eabi/lib/armv6-m/libc_nano.a(lib_a-nano-reallocr.o)
                0x0001e748                _realloc_r
 .text._sbrk_r  0x0001e794       0x24 /home/marco/ARMToolchain/gcc-arm-none-eabi-4_9-2015q2/bin/../lib/gcc/arm-none-eabi/4.9.3/../../../../arm-none-eabi/lib/armv6-m/libc_nano.a(lib_a-sbrkr.o)
                0x0001e794                _sbrk_r
 .text._malloc_usable_size_r
                0x0001e7b8       0x16 /home/marco/ARMToolchain/gcc-arm-none-eabi-4_9-2015q2/bin/../lib/gcc/arm-none-eabi/4.9.3/../../../../arm-none-eabi/lib/armv6-m/libc_nano.a(lib_a-nano-msizer.o)
                0x0001e7b8                _malloc_usable_size_r
 *fill*         0x0001e7ce        0x2 
 .text._sbrk    0x0001e7d0       0x1c /home/marco/ARMToolchain/gcc-arm-none-eabi-4_9-2015q2/bin/../lib/gcc/arm-none-eabi/4.9.3/../../../../arm-none-eabi/lib/armv6-m/libnosys.a(sbrk.o)
                0x0001e7d0                _sbrk
 *(.init)
 .init          0x0001e7ec        0x4 /home/marco/ARMToolchain/gcc-arm-none-eabi-4_9-2015q2/bin/../lib/gcc/arm-none-eabi/4.9.3/armv6-m/crti.o
                0x0001e7ec                _init
 .init          0x0001e7f0        0x8 /home/marco/ARMToolchain/gcc-arm-none-eabi-4_9-2015q2/bin/../lib/gcc/arm-none-eabi/4.9.3/armv6-m/crtn.o
 *(.fini)
 .fini          0x0001e7f8        0x4 /home/marco/ARMToolchain/gcc-arm-none-eabi-4_9-2015q2/bin/../lib/gcc/arm-none-eabi/4.9.3/armv6-m/crti.o
                0x0001e7f8                _fini
 .fini          0x0001e7fc        0x8 /home/marco/ARMToolchain/gcc-arm-none-eabi-4_9-2015q2/bin/../lib/gcc/arm-none-eabi/4.9.3/armv6-m/crtn.o
 *crtbegin.o(.ctors)
 *crtbegin?.o(.ctors)
 *(EXCLUDE_FILE(*crtend.o *crtend?.o) .ctors)
 *(SORT(.ctors.*))
 *(.ctors)
 *crtbegin.o(.dtors)
 *crtbegin?.o(.dtors)
 *(EXCLUDE_FILE(*crtend.o *crtend?.o) .dtors)
 *(SORT(.dtors.*))
 *(.dtors)
 *(.rodata*)
 .rodata.str1.1
                0x0001e804        0x2 /home/marco/ARMToolchain/gcc-arm-none-eabi-4_9-2015q2/bin/../lib/gcc/arm-none-eabi/4.9.3/../../../../arm-none-eabi/lib/armv6-m/libc_nano.a(lib_a-impure.o)
 *fill*         0x0001e806        0x2 
 .rodata._global_impure_ptr
                0x0001e808        0x4 /home/marco/ARMToolchain/gcc-arm-none-eabi-4_9-2015q2/bin/../lib/gcc/arm-none-eabi/4.9.3/../../../../arm-none-eabi/lib/armv6-m/libc_nano.a(lib_a-impure.o)
                0x0001e808                _global_impure_ptr
 .rodata        0x0001e80c        0xc _build/uart.o
 .rodata.str1.4
                0x0001e818        0x7 _build/uart.o
 *fill*         0x0001e81f        0x1 
 .rodata        0x0001e820       0x10 _build/mpu6050.o
 .rodata.transaction.7206
                0x0001e830       0x10 _build/mpu6050.o
 .rodata.transfers.7205
                0x0001e840       0x10 _build/mpu6050.o
 .rodata.transf_power_mng2_data
                0x0001e850        0x2 _build/mpu6050.o
 *fill*         0x0001e852        0x2 
 .rodata.transf_signal_path_reset_data
                0x0001e854        0x2 _build/mpu6050.o
 *fill*         0x0001e856        0x2 
 .rodata.transf_gyro_config_data
                0x0001e858        0x2 _build/mpu6050.o
 *fill*         0x0001e85a        0x2 
 .rodata.mpu6050_whoami_transfers
                0x0001e85c       0x10 _build/mpu6050.o
 .rodata.who_am_i_reg_addr
                0x0001e86c        0x1 _build/mpu6050.o
 *fill*         0x0001e86d        0x3 
 .rodata.transf_power_mng1_data
                0x0001e870        0x2 _build/mpu6050.o
 *fill*         0x0001e872        0x2 
 .rodata.transf_config_data
                0x0001e874        0x2 _build/mpu6050.o
 *fill*         0x0001e876        0x2 
 .rodata.str1.4
                0x0001e878       0x79 _build/mpu6050.o
 .rodata.xout_high_reg_addr
                0x0001e8f1        0x1 _build/mpu6050.o
 *fill*         0x0001e8f2        0x2 
 .rodata.transf_acc_config_data
                0x0001e8f4        0x2 _build/mpu6050.o
 *fill*         0x0001e8f6        0x2 
 .rodata.mpu6050_init_transfers
                0x0001e8f8       0x30 _build/mpu6050.o
 .rodata        0x0001e928        0x4 _build/ble_manager.o
 .rodata.adv_data_packet
                0x0001e92c       0x13 _build/ble_manager.o
 *fill*         0x0001e93f        0x1 
 .rodata.str1.4
                0x0001e940       0x1f _build/ble_manager.o
 *fill*         0x0001e95f        0x1 
 .rodata.ble_update_trigger
                0x0001e960        0x4 _build/application.o
 .rodata.adv_values
                0x0001e964        0x4 _build/application.o
 .rodata.str1.4
                0x0001e968       0x60 _build/application.o
                                 0x5f (size before relaxing)
 .rodata.read_trigger
                0x0001e9c8        0x4 _build/application.o
 .rodata        0x0001e9cc       0x20 _build/app_uart_fifo.o
 .rodata.m_default_config
                0x0001e9ec       0x10 _build/nrf_drv_twi.o
 .rodata.m_default_config
                0x0001e9fc       0x20 _build/nrf_drv_uart.o
 .rodata.str1.1
                0x0001ea1c       0x11 /home/marco/ARMToolchain/gcc-arm-none-eabi-4_9-2015q2/bin/../lib/gcc/arm-none-eabi/4.9.3/../../../../arm-none-eabi/lib/armv6-m/libc_nano.a(lib_a-nano-svfprintf.o)
 .rodata.str1.1
                0x0001ea2d       0x22 /home/marco/ARMToolchain/gcc-arm-none-eabi-4_9-2015q2/bin/../lib/gcc/arm-none-eabi/4.9.3/../../../../arm-none-eabi/lib/armv6-m/libc_nano.a(lib_a-nano-vfprintf_i.o)
 *(.eh_frame*)
 *fill*         0x0001ea4f        0x1 
 .eh_frame      0x0001ea50        0x0 /home/marco/ARMToolchain/gcc-arm-none-eabi-4_9-2015q2/bin/../lib/gcc/arm-none-eabi/4.9.3/armv6-m/crtbegin.o
 .eh_frame      0x0001ea50        0x4 /home/marco/ARMToolchain/gcc-arm-none-eabi-4_9-2015q2/bin/../lib/gcc/arm-none-eabi/4.9.3/armv6-m/crtend.o

.glue_7         0x0001ea54        0x0
 .glue_7        0x00000000        0x0 linker stubs

.glue_7t        0x0001ea54        0x0
 .glue_7t       0x00000000        0x0 linker stubs

.vfp11_veneer   0x0001ea54        0x0
 .vfp11_veneer  0x00000000        0x0 linker stubs

.v4_bx          0x0001ea54        0x0
 .v4_bx         0x00000000        0x0 linker stubs

.iplt           0x0001ea54        0x0
 .iplt          0x00000000        0x0 /home/marco/ARMToolchain/gcc-arm-none-eabi-4_9-2015q2/bin/../lib/gcc/arm-none-eabi/4.9.3/armv6-m/crtbegin.o

.ARM.extab
 *(.ARM.extab* .gnu.linkonce.armextab.*)
                0x0001ea54                __exidx_start = .

.ARM.exidx      0x0001ea54        0x8
 *(.ARM.exidx* .gnu.linkonce.armexidx.*)
 .ARM.exidx     0x0001ea54        0x8 /home/marco/ARMToolchain/gcc-arm-none-eabi-4_9-2015q2/bin/../lib/gcc/arm-none-eabi/4.9.3/../../../../arm-none-eabi/lib/armv6-m/crt0.o
                0x0001ea5c                __exidx_end = .
                0x0001ea5c                __etext = .

.rel.dyn        0x0001ea5c        0x0
 .rel.iplt      0x00000000        0x0 /home/marco/ARMToolchain/gcc-arm-none-eabi-4_9-2015q2/bin/../lib/gcc/arm-none-eabi/4.9.3/armv6-m/crtbegin.o

.data           0x20002800       0x94 load address 0x0001ea5c
                0x20002800                __data_start__ = .
 *(vtable)
 *(.data*)
 .data.impure_data
                0x20002800       0x60 /home/marco/ARMToolchain/gcc-arm-none-eabi-4_9-2015q2/bin/../lib/gcc/arm-none-eabi/4.9.3/../../../../arm-none-eabi/lib/armv6-m/libc_nano.a(lib_a-impure.o)
 .data._impure_ptr
                0x20002860        0x4 /home/marco/ARMToolchain/gcc-arm-none-eabi-4_9-2015q2/bin/../lib/gcc/arm-none-eabi/4.9.3/../../../../arm-none-eabi/lib/armv6-m/libc_nano.a(lib_a-impure.o)
                0x20002860                _impure_ptr
 .data.m_app_twi
                0x20002864       0x18 _build/mpu6050.o
 .data.device_name
                0x2000287c        0xb _build/ble_manager.o
 .data.last_motion_state_index
                0x20002887        0x1 _build/application.o
                0x20002888                . = ALIGN (0x4)
                0x20002888                PROVIDE (__preinit_array_start, .)
 *(.preinit_array)
                0x20002888                PROVIDE (__preinit_array_end, .)
                0x20002888                . = ALIGN (0x4)
                0x20002888                PROVIDE (__init_array_start, .)
 *(SORT(.init_array.*))
 *(.init_array)
 .init_array    0x20002888        0x4 /home/marco/ARMToolchain/gcc-arm-none-eabi-4_9-2015q2/bin/../lib/gcc/arm-none-eabi/4.9.3/armv6-m/crtbegin.o
                0x2000288c                PROVIDE (__init_array_end, .)
                0x2000288c                . = ALIGN (0x4)
                0x2000288c                PROVIDE (__fini_array_start, .)
 *(SORT(.fini_array.*))
 *(.fini_array)
 .fini_array    0x2000288c        0x4 /home/marco/ARMToolchain/gcc-arm-none-eabi-4_9-2015q2/bin/../lib/gcc/arm-none-eabi/4.9.3/armv6-m/crtbegin.o
                0x20002890                PROVIDE (__fini_array_end, .)
 *(.jcr*)
 .jcr           0x20002890        0x0 /home/marco/ARMToolchain/gcc-arm-none-eabi-4_9-2015q2/bin/../lib/gcc/arm-none-eabi/4.9.3/armv6-m/crtbegin.o
 .jcr           0x20002890        0x4 /home/marco/ARMToolchain/gcc-arm-none-eabi-4_9-2015q2/bin/../lib/gcc/arm-none-eabi/4.9.3/armv6-m/crtend.o
                0x20002894                . = ALIGN (0x4)
                0x20002894                __data_end__ = .

.igot.plt       0x20002894        0x0 load address 0x0001eaf0
 .igot.plt      0x00000000        0x0 /home/marco/ARMToolchain/gcc-arm-none-eabi-4_9-2015q2/bin/../lib/gcc/arm-none-eabi/4.9.3/armv6-m/crtbegin.o

.bss            0x20002894      0x528 load address 0x0001eaf0
                0x20002894                . = ALIGN (0x4)
                0x20002894                __bss_start__ = .
 *(.bss*)
 .bss           0x20002894       0x1c /home/marco/ARMToolchain/gcc-arm-none-eabi-4_9-2015q2/bin/../lib/gcc/arm-none-eabi/4.9.3/armv6-m/crtbegin.o
 .bss.APP_TIMER_BUF.8294
                0x200028b0      0x1c8 _build/main.o
 .bss.rx_buf.7227
                0x20002a78        0x1 _build/uart.o
 *fill*         0x20002a79        0x3 
 .bss.tx_buf.7228
                0x20002a7c      0x100 _build/uart.o
 .bss.final_values
                0x20002b7c        0xe _build/mpu6050.o
 *fill*         0x20002b8a        0x2 
 .bss.m_buffer  0x20002b8c        0xe _build/mpu6050.o
 *fill*         0x20002b9a        0x2 
 .bss.queue_buffer.7199
                0x20002b9c       0x24 _build/mpu6050.o
 .bss.app_burst_read_handler
                0x20002bc0        0x4 _build/mpu6050.o
 .bss.BLE_EVT_BUFFER.8526
                0x20002bc4       0x48 _build/ble_manager.o
 .bss.m_adv_params
                0x20002c0c       0x18 _build/ble_manager.o
 .bss.ble_update_trigger_data
                0x20002c24       0x20 _build/application.o
 .bss.motion_codified
                0x20002c44        0x2 _build/application.o
 *fill*         0x20002c46        0x2 
 .bss.read_trigger_data
                0x20002c48       0x20 _build/application.o
 .bss.m_ticks_latest
                0x20002c68        0x4 _build/app_timer.o
 .bss.mp_timer_id_head
                0x20002c6c        0x4 _build/app_timer.o
 .bss.m_evt_schedule_func
                0x20002c70        0x4 _build/app_timer.o
 .bss.m_user_array_size
                0x20002c74        0x1 _build/app_timer.o
 *fill*         0x20002c75        0x3 
 .bss.mp_users  0x20002c78        0x4 _build/app_timer.o
 .bss.m_ticks_elapsed_q_read_ind
                0x20002c7c        0x1 _build/app_timer.o
 .bss.m_ticks_elapsed_q_write_ind
                0x20002c7d        0x1 _build/app_timer.o
 .bss.m_rtc1_reset
                0x20002c7e        0x1 _build/app_timer.o
 *fill*         0x20002c7f        0x1 
 .bss.m_ticks_elapsed
                0x20002c80        0x8 _build/app_timer.o
 .bss.m_rtc1_running
                0x20002c88        0x1 _build/app_timer.o
 *fill*         0x20002c89        0x3 
 .bss.tx_buffer
                0x20002c8c        0x1 _build/app_uart_fifo.o
 *fill*         0x20002c8d        0x3 
 .bss.m_event_handler
                0x20002c90        0x4 _build/app_uart_fifo.o
 .bss.rx_buffer
                0x20002c94        0x1 _build/app_uart_fifo.o
 *fill*         0x20002c95        0x3 
 .bss.m_tx_fifo
                0x20002c98       0x10 _build/app_uart_fifo.o
 .bss.m_rx_fifo
                0x20002ca8       0x10 _build/app_uart_fifo.o
 .bss.m_clock_cb
                0x20002cb8        0xc _build/nrf_drv_clock.o
 .bss.m_cb      0x20002cc4       0x48 _build/nrf_drv_gpiote.o
 .bss.m_cb      0x20002d0c        0xc _build/nrf_drv_timer.o
 .bss.m_cb      0x20002d18       0x28 _build/nrf_drv_twi.o
 .bss.m_cb      0x20002d40       0x1c _build/nrf_drv_uart.o
 .bss.m_softdevice_enabled
                0x20002d5c        0x1 _build/softdevice_handler.o
 *fill*         0x20002d5d        0x1 
 .bss.m_ble_evt_buffer_size
                0x20002d5e        0x2 _build/softdevice_handler.o
 .bss.mp_ble_evt_buffer
                0x20002d60        0x4 _build/softdevice_handler.o
 .bss.m_sys_evt_handler
                0x20002d64        0x4 _build/softdevice_handler.o
 .bss.m_ble_evt_handler
                0x20002d68        0x4 _build/softdevice_handler.o
 .bss.m_evt_schedule_func
                0x20002d6c        0x4 _build/softdevice_handler.o
 .bss.__malloc_sbrk_start
                0x20002d70        0x4 /home/marco/ARMToolchain/gcc-arm-none-eabi-4_9-2015q2/bin/../lib/gcc/arm-none-eabi/4.9.3/../../../../arm-none-eabi/lib/armv6-m/libc_nano.a(lib_a-nano-mallocr.o)
                0x20002d70                __malloc_sbrk_start
 .bss.__malloc_free_list
                0x20002d74        0x4 /home/marco/ARMToolchain/gcc-arm-none-eabi-4_9-2015q2/bin/../lib/gcc/arm-none-eabi/4.9.3/../../../../arm-none-eabi/lib/armv6-m/libc_nano.a(lib_a-nano-mallocr.o)
                0x20002d74                __malloc_free_list
 .bss.heap_end.4079
                0x20002d78        0x4 /home/marco/ARMToolchain/gcc-arm-none-eabi-4_9-2015q2/bin/../lib/gcc/arm-none-eabi/4.9.3/../../../../arm-none-eabi/lib/armv6-m/libnosys.a(sbrk.o)
 *(COMMON)
 COMMON         0x20002d7c       0x33 _build/ble_manager.o
                0x20002d7c                scan_resp_data
                0x20002d9c                adv_data
 *fill*         0x20002daf        0x1 
 COMMON         0x20002db0        0x8 _build/softdevice_handler.o
                0x20002db0                nrf_nvic_state
 COMMON         0x20002db8        0x4 /home/marco/ARMToolchain/gcc-arm-none-eabi-4_9-2015q2/bin/../lib/gcc/arm-none-eabi/4.9.3/../../../../arm-none-eabi/lib/armv6-m/libc_nano.a(lib_a-reent.o)
                0x20002db8                errno
                0x20002dbc                . = ALIGN (0x4)
                0x20002dbc                __bss_end__ = .

.heap           0x20002dc0      0x800
                0x20002dc0                __end__ = .
                0x20002dc0                PROVIDE (end, .)
 *(.heap*)
 .heap          0x20002dc0      0x800 _build/gcc_startup_nrf51.o
                0x20002dc0                __HeapBase
                0x200035c0                __HeapLimit = .

.stack_dummy    0x20002dc0      0x800
 *(.stack*)
 .stack         0x20002dc0      0x800 _build/gcc_startup_nrf51.o
                0x20004000                __StackTop = (ORIGIN (RAM) + 0x1800)
                0x20003800                __StackLimit = (__StackTop - SIZEOF (.stack_dummy))
                0x20004000                PROVIDE (__stack, __StackTop)
                0x00000001                ASSERT ((__StackLimit >= __HeapLimit), region RAM overflowed with stack)
OUTPUT(_build/ble_controller_s130.out elf32-littlearm)

.ARM.attributes
                0x00000000       0x28
 .ARM.attributes
                0x00000000       0x1e /home/marco/ARMToolchain/gcc-arm-none-eabi-4_9-2015q2/bin/../lib/gcc/arm-none-eabi/4.9.3/armv6-m/crti.o
 .ARM.attributes
                0x0000001e       0x2c /home/marco/ARMToolchain/gcc-arm-none-eabi-4_9-2015q2/bin/../lib/gcc/arm-none-eabi/4.9.3/armv6-m/crtbegin.o
 .ARM.attributes
                0x0000004a       0x1b /home/marco/ARMToolchain/gcc-arm-none-eabi-4_9-2015q2/bin/../lib/gcc/arm-none-eabi/4.9.3/../../../../arm-none-eabi/lib/armv6-m/crt0.o
 .ARM.attributes
                0x00000065       0x2c /home/marco/ARMToolchain/gcc-arm-none-eabi-4_9-2015q2/bin/../lib/gcc/arm-none-eabi/4.9.3/../../../../arm-none-eabi/lib/armv6-m/libc_nano.a(lib_a-exit.o)
 .ARM.attributes
                0x00000091       0x2c /home/marco/ARMToolchain/gcc-arm-none-eabi-4_9-2015q2/bin/../lib/gcc/arm-none-eabi/4.9.3/../../../../arm-none-eabi/lib/armv6-m/libc_nano.a(lib_a-impure.o)
 .ARM.attributes
                0x000000bd       0x2c /home/marco/ARMToolchain/gcc-arm-none-eabi-4_9-2015q2/bin/../lib/gcc/arm-none-eabi/4.9.3/../../../../arm-none-eabi/lib/armv6-m/libc_nano.a(lib_a-init.o)
 .ARM.attributes
                0x000000e9       0x2c /home/marco/ARMToolchain/gcc-arm-none-eabi-4_9-2015q2/bin/../lib/gcc/arm-none-eabi/4.9.3/../../../../arm-none-eabi/lib/armv6-m/libc_nano.a(lib_a-memset.o)
 .ARM.attributes
                0x00000115       0x2c /home/marco/ARMToolchain/gcc-arm-none-eabi-4_9-2015q2/bin/../lib/gcc/arm-none-eabi/4.9.3/../../../../arm-none-eabi/lib/armv6-m/libnosys.a(_exit.o)
 .ARM.attributes
                0x00000141       0x31 _build/main.o
 .ARM.attributes
                0x00000172       0x31 _build/uart.o
 .ARM.attributes
                0x000001a3       0x31 _build/mpu6050.o
 .ARM.attributes
                0x000001d4       0x31 _build/ble_manager.o
 .ARM.attributes
                0x00000205       0x31 _build/application.o
 .ARM.attributes
                0x00000236       0x31 _build/app_error.o
 .ARM.attributes
                0x00000267       0x31 _build/app_error_weak.o
 .ARM.attributes
                0x00000298       0x31 _build/app_timer.o
 .ARM.attributes
                0x000002c9       0x31 _build/app_fifo.o
 .ARM.attributes
                0x000002fa       0x31 _build/app_twi.o
 .ARM.attributes
                0x0000032b       0x31 _build/app_util_platform.o
 .ARM.attributes
                0x0000035c       0x31 _build/nrf_delay.o
 .ARM.attributes
                0x0000038d       0x31 _build/app_uart_fifo.o
 .ARM.attributes
                0x000003be       0x31 _build/nrf_drv_clock.o
 .ARM.attributes
                0x000003ef       0x31 _build/nrf_drv_common.o
 .ARM.attributes
                0x00000420       0x31 _build/nrf_drv_gpiote.o
 .ARM.attributes
                0x00000451       0x31 _build/nrf_drv_timer.o
 .ARM.attributes
                0x00000482       0x31 _build/nrf_drv_twi.o
 .ARM.attributes
                0x000004b3       0x31 _build/nrf_drv_uart.o
 .ARM.attributes
                0x000004e4       0x31 _build/system_nrf51.o
 .ARM.attributes
                0x00000515       0x31 _build/softdevice_handler.o
 .ARM.attributes
                0x00000546       0x1b _build/gcc_startup_nrf51.o
 .ARM.attributes
                0x00000561       0x1e /home/marco/ARMToolchain/gcc-arm-none-eabi-4_9-2015q2/bin/../lib/gcc/arm-none-eabi/4.9.3/armv6-m/libgcc.a(_udivsi3.o)
 .ARM.attributes
                0x0000057f       0x1e /home/marco/ARMToolchain/gcc-arm-none-eabi-4_9-2015q2/bin/../lib/gcc/arm-none-eabi/4.9.3/armv6-m/libgcc.a(_dvmd_tls.o)
 .ARM.attributes
                0x0000059d       0x2c /home/marco/ARMToolchain/gcc-arm-none-eabi-4_9-2015q2/bin/../lib/gcc/arm-none-eabi/4.9.3/../../../../arm-none-eabi/lib/armv6-m/libc_nano.a(lib_a-memcpy.o)
 .ARM.attributes
                0x000005c9       0x2c /home/marco/ARMToolchain/gcc-arm-none-eabi-4_9-2015q2/bin/../lib/gcc/arm-none-eabi/4.9.3/../../../../arm-none-eabi/lib/armv6-m/libc_nano.a(lib_a-sprintf.o)
 .ARM.attributes
                0x000005f5       0x2c /home/marco/ARMToolchain/gcc-arm-none-eabi-4_9-2015q2/bin/../lib/gcc/arm-none-eabi/4.9.3/../../../../arm-none-eabi/lib/armv6-m/libc_nano.a(lib_a-strlen.o)
 .ARM.attributes
                0x00000621       0x2c /home/marco/ARMToolchain/gcc-arm-none-eabi-4_9-2015q2/bin/../lib/gcc/arm-none-eabi/4.9.3/../../../../arm-none-eabi/lib/armv6-m/libc_nano.a(lib_a-nano-svfprintf.o)
 .ARM.attributes
                0x0000064d       0x2c /home/marco/ARMToolchain/gcc-arm-none-eabi-4_9-2015q2/bin/../lib/gcc/arm-none-eabi/4.9.3/../../../../arm-none-eabi/lib/armv6-m/libc_nano.a(lib_a-nano-vfprintf_i.o)
 .ARM.attributes
                0x00000679       0x2c /home/marco/ARMToolchain/gcc-arm-none-eabi-4_9-2015q2/bin/../lib/gcc/arm-none-eabi/4.9.3/../../../../arm-none-eabi/lib/armv6-m/libc_nano.a(lib_a-memchr.o)
 .ARM.attributes
                0x000006a5       0x2c /home/marco/ARMToolchain/gcc-arm-none-eabi-4_9-2015q2/bin/../lib/gcc/arm-none-eabi/4.9.3/../../../../arm-none-eabi/lib/armv6-m/libc_nano.a(lib_a-memmove.o)
 .ARM.attributes
                0x000006d1       0x2c /home/marco/ARMToolchain/gcc-arm-none-eabi-4_9-2015q2/bin/../lib/gcc/arm-none-eabi/4.9.3/../../../../arm-none-eabi/lib/armv6-m/libc_nano.a(lib_a-nano-freer.o)
 .ARM.attributes
                0x000006fd       0x2c /home/marco/ARMToolchain/gcc-arm-none-eabi-4_9-2015q2/bin/../lib/gcc/arm-none-eabi/4.9.3/../../../../arm-none-eabi/lib/armv6-m/libc_nano.a(lib_a-nano-mallocr.o)
 .ARM.attributes
                0x00000729       0x2c /home/marco/ARMToolchain/gcc-arm-none-eabi-4_9-2015q2/bin/../lib/gcc/arm-none-eabi/4.9.3/../../../../arm-none-eabi/lib/armv6-m/libc_nano.a(lib_a-nano-reallocr.o)
 .ARM.attributes
                0x00000755       0x2c /home/marco/ARMToolchain/gcc-arm-none-eabi-4_9-2015q2/bin/../lib/gcc/arm-none-eabi/4.9.3/../../../../arm-none-eabi/lib/armv6-m/libc_nano.a(lib_a-sbrkr.o)
 .ARM.attributes
                0x00000781       0x2c /home/marco/ARMToolchain/gcc-arm-none-eabi-4_9-2015q2/bin/../lib/gcc/arm-none-eabi/4.9.3/../../../../arm-none-eabi/lib/armv6-m/libc_nano.a(lib_a-nano-msizer.o)
 .ARM.attributes
                0x000007ad       0x2c /home/marco/ARMToolchain/gcc-arm-none-eabi-4_9-2015q2/bin/../lib/gcc/arm-none-eabi/4.9.3/../../../../arm-none-eabi/lib/armv6-m/libc_nano.a(lib_a-reent.o)
 .ARM.attributes
                0x000007d9       0x2c /home/marco/ARMToolchain/gcc-arm-none-eabi-4_9-2015q2/bin/../lib/gcc/arm-none-eabi/4.9.3/armv6-m/crtend.o
 .ARM.attributes
                0x00000805       0x1e /home/marco/ARMToolchain/gcc-arm-none-eabi-4_9-2015q2/bin/../lib/gcc/arm-none-eabi/4.9.3/armv6-m/crtn.o
 .ARM.attributes
                0x00000823       0x2c /home/marco/ARMToolchain/gcc-arm-none-eabi-4_9-2015q2/bin/../lib/gcc/arm-none-eabi/4.9.3/../../../../arm-none-eabi/lib/armv6-m/libnosys.a(sbrk.o)

.comment        0x00000000       0x70
 .comment       0x00000000       0x70 _build/main.o
                                 0x71 (size before relaxing)
 .comment       0x00000000       0x71 _build/uart.o
 .comment       0x00000000       0x71 _build/mpu6050.o
 .comment       0x00000000       0x71 _build/ble_manager.o
 .comment       0x00000000       0x71 _build/application.o
 .comment       0x00000000       0x71 _build/app_error.o
 .comment       0x00000000       0x71 _build/app_error_weak.o
 .comment       0x00000000       0x71 _build/app_timer.o
 .comment       0x00000000       0x71 _build/app_fifo.o
 .comment       0x00000000       0x71 _build/app_twi.o
 .comment       0x00000000       0x71 _build/app_util_platform.o
 .comment       0x00000000       0x71 _build/nrf_delay.o
 .comment       0x00000000       0x71 _build/app_uart_fifo.o
 .comment       0x00000000       0x71 _build/nrf_drv_clock.o
 .comment       0x00000000       0x71 _build/nrf_drv_common.o
 .comment       0x00000000       0x71 _build/nrf_drv_gpiote.o
 .comment       0x00000000       0x71 _build/nrf_drv_timer.o
 .comment       0x00000000       0x71 _build/nrf_drv_twi.o
 .comment       0x00000000       0x71 _build/nrf_drv_uart.o
 .comment       0x00000000       0x71 _build/system_nrf51.o
 .comment       0x00000000       0x71 _build/softdevice_handler.o

.debug_frame    0x00000000      0x398
 .debug_frame   0x00000000       0x28 /home/marco/ARMToolchain/gcc-arm-none-eabi-4_9-2015q2/bin/../lib/gcc/arm-none-eabi/4.9.3/../../../../arm-none-eabi/lib/armv6-m/libc_nano.a(lib_a-exit.o)
 .debug_frame   0x00000028       0x2c /home/marco/ARMToolchain/gcc-arm-none-eabi-4_9-2015q2/bin/../lib/gcc/arm-none-eabi/4.9.3/../../../../arm-none-eabi/lib/armv6-m/libc_nano.a(lib_a-init.o)
 .debug_frame   0x00000054       0x20 /home/marco/ARMToolchain/gcc-arm-none-eabi-4_9-2015q2/bin/../lib/gcc/arm-none-eabi/4.9.3/../../../../arm-none-eabi/lib/armv6-m/libc_nano.a(lib_a-memset.o)
 .debug_frame   0x00000074       0x20 /home/marco/ARMToolchain/gcc-arm-none-eabi-4_9-2015q2/bin/../lib/gcc/arm-none-eabi/4.9.3/../../../../arm-none-eabi/lib/armv6-m/libnosys.a(_exit.o)
 .debug_frame   0x00000094       0x20 /home/marco/ARMToolchain/gcc-arm-none-eabi-4_9-2015q2/bin/../lib/gcc/arm-none-eabi/4.9.3/armv6-m/libgcc.a(_udivsi3.o)
 .debug_frame   0x000000b4       0x28 /home/marco/ARMToolchain/gcc-arm-none-eabi-4_9-2015q2/bin/../lib/gcc/arm-none-eabi/4.9.3/../../../../arm-none-eabi/lib/armv6-m/libc_nano.a(lib_a-memcpy.o)
 .debug_frame   0x000000dc       0x50 /home/marco/ARMToolchain/gcc-arm-none-eabi-4_9-2015q2/bin/../lib/gcc/arm-none-eabi/4.9.3/../../../../arm-none-eabi/lib/armv6-m/libc_nano.a(lib_a-sprintf.o)
 .debug_frame   0x0000012c       0x20 /home/marco/ARMToolchain/gcc-arm-none-eabi-4_9-2015q2/bin/../lib/gcc/arm-none-eabi/4.9.3/../../../../arm-none-eabi/lib/armv6-m/libc_nano.a(lib_a-strlen.o)
 .debug_frame   0x0000014c       0x74 /home/marco/ARMToolchain/gcc-arm-none-eabi-4_9-2015q2/bin/../lib/gcc/arm-none-eabi/4.9.3/../../../../arm-none-eabi/lib/armv6-m/libc_nano.a(lib_a-nano-svfprintf.o)
 .debug_frame   0x000001c0       0x54 /home/marco/ARMToolchain/gcc-arm-none-eabi-4_9-2015q2/bin/../lib/gcc/arm-none-eabi/4.9.3/../../../../arm-none-eabi/lib/armv6-m/libc_nano.a(lib_a-nano-vfprintf_i.o)
 .debug_frame   0x00000214       0x20 /home/marco/ARMToolchain/gcc-arm-none-eabi-4_9-2015q2/bin/../lib/gcc/arm-none-eabi/4.9.3/../../../../arm-none-eabi/lib/armv6-m/libc_nano.a(lib_a-memchr.o)
 .debug_frame   0x00000234       0x28 /home/marco/ARMToolchain/gcc-arm-none-eabi-4_9-2015q2/bin/../lib/gcc/arm-none-eabi/4.9.3/../../../../arm-none-eabi/lib/armv6-m/libc_nano.a(lib_a-memmove.o)
 .debug_frame   0x0000025c       0x2c /home/marco/ARMToolchain/gcc-arm-none-eabi-4_9-2015q2/bin/../lib/gcc/arm-none-eabi/4.9.3/../../../../arm-none-eabi/lib/armv6-m/libc_nano.a(lib_a-nano-freer.o)
 .debug_frame   0x00000288       0x2c /home/marco/ARMToolchain/gcc-arm-none-eabi-4_9-2015q2/bin/../lib/gcc/arm-none-eabi/4.9.3/../../../../arm-none-eabi/lib/armv6-m/libc_nano.a(lib_a-nano-mallocr.o)
 .debug_frame   0x000002b4       0x30 /home/marco/ARMToolchain/gcc-arm-none-eabi-4_9-2015q2/bin/../lib/gcc/arm-none-eabi/4.9.3/../../../../arm-none-eabi/lib/armv6-m/libc_nano.a(lib_a-nano-reallocr.o)
 .debug_frame   0x000002e4       0x2c /home/marco/ARMToolchain/gcc-arm-none-eabi-4_9-2015q2/bin/../lib/gcc/arm-none-eabi/4.9.3/../../../../arm-none-eabi/lib/armv6-m/libc_nano.a(lib_a-sbrkr.o)
 .debug_frame   0x00000310       0x20 /home/marco/ARMToolchain/gcc-arm-none-eabi-4_9-2015q2/bin/../lib/gcc/arm-none-eabi/4.9.3/../../../../arm-none-eabi/lib/armv6-m/libc_nano.a(lib_a-nano-msizer.o)
 .debug_frame   0x00000330       0x48 /home/marco/ARMToolchain/gcc-arm-none-eabi-4_9-2015q2/bin/../lib/gcc/arm-none-eabi/4.9.3/../../../../arm-none-eabi/lib/armv6-m/libc_nano.a(lib_a-reent.o)
 .debug_frame   0x00000378       0x20 /home/marco/ARMToolchain/gcc-arm-none-eabi-4_9-2015q2/bin/../lib/gcc/arm-none-eabi/4.9.3/../../../../arm-none-eabi/lib/armv6-m/libnosys.a(sbrk.o)
