Archive member included because of file (symbol)

/home/marco/ARMToolchain/gcc-arm-none-eabi-4_9-2015q2/bin/../lib/gcc/arm-none-eabi/4.9.3/../../../../arm-none-eabi/lib/armv6-m/libc_nano.a(lib_a-exit.o)
                              /home/marco/ARMToolchain/gcc-arm-none-eabi-4_9-2015q2/bin/../lib/gcc/arm-none-eabi/4.9.3/../../../../arm-none-eabi/lib/armv6-m/crt0.o (exit)
/home/marco/ARMToolchain/gcc-arm-none-eabi-4_9-2015q2/bin/../lib/gcc/arm-none-eabi/4.9.3/../../../../arm-none-eabi/lib/armv6-m/libc_nano.a(lib_a-impure.o)
                              /home/marco/ARMToolchain/gcc-arm-none-eabi-4_9-2015q2/bin/../lib/gcc/arm-none-eabi/4.9.3/../../../../arm-none-eabi/lib/armv6-m/libc_nano.a(lib_a-exit.o) (_global_impure_ptr)
/home/marco/ARMToolchain/gcc-arm-none-eabi-4_9-2015q2/bin/../lib/gcc/arm-none-eabi/4.9.3/../../../../arm-none-eabi/lib/armv6-m/libc_nano.a(lib_a-init.o)
                              /home/marco/ARMToolchain/gcc-arm-none-eabi-4_9-2015q2/bin/../lib/gcc/arm-none-eabi/4.9.3/../../../../arm-none-eabi/lib/armv6-m/crt0.o (__libc_init_array)
/home/marco/ARMToolchain/gcc-arm-none-eabi-4_9-2015q2/bin/../lib/gcc/arm-none-eabi/4.9.3/../../../../arm-none-eabi/lib/armv6-m/libc_nano.a(lib_a-memset.o)
                              /home/marco/ARMToolchain/gcc-arm-none-eabi-4_9-2015q2/bin/../lib/gcc/arm-none-eabi/4.9.3/../../../../arm-none-eabi/lib/armv6-m/crt0.o (memset)
/home/marco/ARMToolchain/gcc-arm-none-eabi-4_9-2015q2/bin/../lib/gcc/arm-none-eabi/4.9.3/../../../../arm-none-eabi/lib/armv6-m/libnosys.a(_exit.o)
                              /home/marco/ARMToolchain/gcc-arm-none-eabi-4_9-2015q2/bin/../lib/gcc/arm-none-eabi/4.9.3/../../../../arm-none-eabi/lib/armv6-m/libc_nano.a(lib_a-exit.o) (_exit)
/home/marco/ARMToolchain/gcc-arm-none-eabi-4_9-2015q2/bin/../lib/gcc/arm-none-eabi/4.9.3/armv6-m/libgcc.a(_udivsi3.o)
                              _build/pstorage.o (__aeabi_uidiv)
/home/marco/ARMToolchain/gcc-arm-none-eabi-4_9-2015q2/bin/../lib/gcc/arm-none-eabi/4.9.3/armv6-m/libgcc.a(_divsi3.o)
                              _build/pstorage.o (__aeabi_idiv)
/home/marco/ARMToolchain/gcc-arm-none-eabi-4_9-2015q2/bin/../lib/gcc/arm-none-eabi/4.9.3/armv6-m/libgcc.a(_dvmd_tls.o)
                              /home/marco/ARMToolchain/gcc-arm-none-eabi-4_9-2015q2/bin/../lib/gcc/arm-none-eabi/4.9.3/armv6-m/libgcc.a(_udivsi3.o) (__aeabi_idiv0)
/home/marco/ARMToolchain/gcc-arm-none-eabi-4_9-2015q2/bin/../lib/gcc/arm-none-eabi/4.9.3/../../../../arm-none-eabi/lib/armv6-m/libc_nano.a(lib_a-memcpy.o)
                              _build/ble_manager.o (memcpy)
/home/marco/ARMToolchain/gcc-arm-none-eabi-4_9-2015q2/bin/../lib/gcc/arm-none-eabi/4.9.3/../../../../arm-none-eabi/lib/armv6-m/libc_nano.a(lib_a-sprintf.o)
                              _build/ble_manager.o (sprintf)
/home/marco/ARMToolchain/gcc-arm-none-eabi-4_9-2015q2/bin/../lib/gcc/arm-none-eabi/4.9.3/../../../../arm-none-eabi/lib/armv6-m/libc_nano.a(lib_a-strlen.o)
                              _build/ble_manager.o (strlen)
/home/marco/ARMToolchain/gcc-arm-none-eabi-4_9-2015q2/bin/../lib/gcc/arm-none-eabi/4.9.3/../../../../arm-none-eabi/lib/armv6-m/libc_nano.a(lib_a-nano-svfprintf.o)
                              /home/marco/ARMToolchain/gcc-arm-none-eabi-4_9-2015q2/bin/../lib/gcc/arm-none-eabi/4.9.3/../../../../arm-none-eabi/lib/armv6-m/libc_nano.a(lib_a-sprintf.o) (_svfprintf_r)
/home/marco/ARMToolchain/gcc-arm-none-eabi-4_9-2015q2/bin/../lib/gcc/arm-none-eabi/4.9.3/../../../../arm-none-eabi/lib/armv6-m/libc_nano.a(lib_a-nano-vfprintf_i.o)
                              /home/marco/ARMToolchain/gcc-arm-none-eabi-4_9-2015q2/bin/../lib/gcc/arm-none-eabi/4.9.3/../../../../arm-none-eabi/lib/armv6-m/libc_nano.a(lib_a-nano-svfprintf.o) (_printf_i)
/home/marco/ARMToolchain/gcc-arm-none-eabi-4_9-2015q2/bin/../lib/gcc/arm-none-eabi/4.9.3/../../../../arm-none-eabi/lib/armv6-m/libc_nano.a(lib_a-memchr.o)
                              /home/marco/ARMToolchain/gcc-arm-none-eabi-4_9-2015q2/bin/../lib/gcc/arm-none-eabi/4.9.3/../../../../arm-none-eabi/lib/armv6-m/libc_nano.a(lib_a-nano-svfprintf.o) (memchr)
/home/marco/ARMToolchain/gcc-arm-none-eabi-4_9-2015q2/bin/../lib/gcc/arm-none-eabi/4.9.3/../../../../arm-none-eabi/lib/armv6-m/libc_nano.a(lib_a-memmove.o)
                              /home/marco/ARMToolchain/gcc-arm-none-eabi-4_9-2015q2/bin/../lib/gcc/arm-none-eabi/4.9.3/../../../../arm-none-eabi/lib/armv6-m/libc_nano.a(lib_a-nano-svfprintf.o) (memmove)
/home/marco/ARMToolchain/gcc-arm-none-eabi-4_9-2015q2/bin/../lib/gcc/arm-none-eabi/4.9.3/../../../../arm-none-eabi/lib/armv6-m/libc_nano.a(lib_a-nano-freer.o)
                              /home/marco/ARMToolchain/gcc-arm-none-eabi-4_9-2015q2/bin/../lib/gcc/arm-none-eabi/4.9.3/../../../../arm-none-eabi/lib/armv6-m/libc_nano.a(lib_a-nano-svfprintf.o) (_free_r)
/home/marco/ARMToolchain/gcc-arm-none-eabi-4_9-2015q2/bin/../lib/gcc/arm-none-eabi/4.9.3/../../../../arm-none-eabi/lib/armv6-m/libc_nano.a(lib_a-nano-mallocr.o)
                              /home/marco/ARMToolchain/gcc-arm-none-eabi-4_9-2015q2/bin/../lib/gcc/arm-none-eabi/4.9.3/../../../../arm-none-eabi/lib/armv6-m/libc_nano.a(lib_a-nano-svfprintf.o) (_malloc_r)
/home/marco/ARMToolchain/gcc-arm-none-eabi-4_9-2015q2/bin/../lib/gcc/arm-none-eabi/4.9.3/../../../../arm-none-eabi/lib/armv6-m/libc_nano.a(lib_a-nano-reallocr.o)
                              /home/marco/ARMToolchain/gcc-arm-none-eabi-4_9-2015q2/bin/../lib/gcc/arm-none-eabi/4.9.3/../../../../arm-none-eabi/lib/armv6-m/libc_nano.a(lib_a-nano-svfprintf.o) (_realloc_r)
/home/marco/ARMToolchain/gcc-arm-none-eabi-4_9-2015q2/bin/../lib/gcc/arm-none-eabi/4.9.3/../../../../arm-none-eabi/lib/armv6-m/libc_nano.a(lib_a-sbrkr.o)
                              /home/marco/ARMToolchain/gcc-arm-none-eabi-4_9-2015q2/bin/../lib/gcc/arm-none-eabi/4.9.3/../../../../arm-none-eabi/lib/armv6-m/libc_nano.a(lib_a-nano-mallocr.o) (_sbrk_r)
/home/marco/ARMToolchain/gcc-arm-none-eabi-4_9-2015q2/bin/../lib/gcc/arm-none-eabi/4.9.3/../../../../arm-none-eabi/lib/armv6-m/libc_nano.a(lib_a-nano-msizer.o)
                              /home/marco/ARMToolchain/gcc-arm-none-eabi-4_9-2015q2/bin/../lib/gcc/arm-none-eabi/4.9.3/../../../../arm-none-eabi/lib/armv6-m/libc_nano.a(lib_a-nano-reallocr.o) (_malloc_usable_size_r)
/home/marco/ARMToolchain/gcc-arm-none-eabi-4_9-2015q2/bin/../lib/gcc/arm-none-eabi/4.9.3/../../../../arm-none-eabi/lib/armv6-m/libc_nano.a(lib_a-reent.o)
                              /home/marco/ARMToolchain/gcc-arm-none-eabi-4_9-2015q2/bin/../lib/gcc/arm-none-eabi/4.9.3/../../../../arm-none-eabi/lib/armv6-m/libc_nano.a(lib_a-sbrkr.o) (errno)
/home/marco/ARMToolchain/gcc-arm-none-eabi-4_9-2015q2/bin/../lib/gcc/arm-none-eabi/4.9.3/../../../../arm-none-eabi/lib/armv6-m/libnosys.a(sbrk.o)
                              /home/marco/ARMToolchain/gcc-arm-none-eabi-4_9-2015q2/bin/../lib/gcc/arm-none-eabi/4.9.3/../../../../arm-none-eabi/lib/armv6-m/libc_nano.a(lib_a-sbrkr.o) (_sbrk)

Allocating common symbols
Common symbol       size              file

nrf_nvic_state      0x8               _build/softdevice_handler.o
errno               0x4               /home/marco/ARMToolchain/gcc-arm-none-eabi-4_9-2015q2/bin/../lib/gcc/arm-none-eabi/4.9.3/../../../../arm-none-eabi/lib/armv6-m/libc_nano.a(lib_a-reent.o)
scan_resp_data      0x1f              _build/ble_manager.o
char_values         0x6               _build/memory.o
adv_data            0x13              _build/ble_manager.o

Discarded input sections

 .text          0x00000000        0x0 /home/marco/ARMToolchain/gcc-arm-none-eabi-4_9-2015q2/bin/../lib/gcc/arm-none-eabi/4.9.3/armv6-m/crti.o
 .data          0x00000000        0x0 /home/marco/ARMToolchain/gcc-arm-none-eabi-4_9-2015q2/bin/../lib/gcc/arm-none-eabi/4.9.3/armv6-m/crti.o
 .bss           0x00000000        0x0 /home/marco/ARMToolchain/gcc-arm-none-eabi-4_9-2015q2/bin/../lib/gcc/arm-none-eabi/4.9.3/armv6-m/crti.o
 .data          0x00000000        0x4 /home/marco/ARMToolchain/gcc-arm-none-eabi-4_9-2015q2/bin/../lib/gcc/arm-none-eabi/4.9.3/armv6-m/crtbegin.o
 .data          0x00000000        0x0 /home/marco/ARMToolchain/gcc-arm-none-eabi-4_9-2015q2/bin/../lib/gcc/arm-none-eabi/4.9.3/../../../../arm-none-eabi/lib/armv6-m/crt0.o
 .bss           0x00000000        0x0 /home/marco/ARMToolchain/gcc-arm-none-eabi-4_9-2015q2/bin/../lib/gcc/arm-none-eabi/4.9.3/../../../../arm-none-eabi/lib/armv6-m/crt0.o
 .ARM.extab     0x00000000        0x0 /home/marco/ARMToolchain/gcc-arm-none-eabi-4_9-2015q2/bin/../lib/gcc/arm-none-eabi/4.9.3/../../../../arm-none-eabi/lib/armv6-m/crt0.o
 .text          0x00000000        0x0 /home/marco/ARMToolchain/gcc-arm-none-eabi-4_9-2015q2/bin/../lib/gcc/arm-none-eabi/4.9.3/../../../../arm-none-eabi/lib/armv6-m/libc_nano.a(lib_a-exit.o)
 .data          0x00000000        0x0 /home/marco/ARMToolchain/gcc-arm-none-eabi-4_9-2015q2/bin/../lib/gcc/arm-none-eabi/4.9.3/../../../../arm-none-eabi/lib/armv6-m/libc_nano.a(lib_a-exit.o)
 .bss           0x00000000        0x0 /home/marco/ARMToolchain/gcc-arm-none-eabi-4_9-2015q2/bin/../lib/gcc/arm-none-eabi/4.9.3/../../../../arm-none-eabi/lib/armv6-m/libc_nano.a(lib_a-exit.o)
 .text          0x00000000        0x0 /home/marco/ARMToolchain/gcc-arm-none-eabi-4_9-2015q2/bin/../lib/gcc/arm-none-eabi/4.9.3/../../../../arm-none-eabi/lib/armv6-m/libc_nano.a(lib_a-impure.o)
 .data          0x00000000        0x0 /home/marco/ARMToolchain/gcc-arm-none-eabi-4_9-2015q2/bin/../lib/gcc/arm-none-eabi/4.9.3/../../../../arm-none-eabi/lib/armv6-m/libc_nano.a(lib_a-impure.o)
 .bss           0x00000000        0x0 /home/marco/ARMToolchain/gcc-arm-none-eabi-4_9-2015q2/bin/../lib/gcc/arm-none-eabi/4.9.3/../../../../arm-none-eabi/lib/armv6-m/libc_nano.a(lib_a-impure.o)
 .text          0x00000000        0x0 /home/marco/ARMToolchain/gcc-arm-none-eabi-4_9-2015q2/bin/../lib/gcc/arm-none-eabi/4.9.3/../../../../arm-none-eabi/lib/armv6-m/libc_nano.a(lib_a-init.o)
 .data          0x00000000        0x0 /home/marco/ARMToolchain/gcc-arm-none-eabi-4_9-2015q2/bin/../lib/gcc/arm-none-eabi/4.9.3/../../../../arm-none-eabi/lib/armv6-m/libc_nano.a(lib_a-init.o)
 .bss           0x00000000        0x0 /home/marco/ARMToolchain/gcc-arm-none-eabi-4_9-2015q2/bin/../lib/gcc/arm-none-eabi/4.9.3/../../../../arm-none-eabi/lib/armv6-m/libc_nano.a(lib_a-init.o)
 .text          0x00000000        0x0 /home/marco/ARMToolchain/gcc-arm-none-eabi-4_9-2015q2/bin/../lib/gcc/arm-none-eabi/4.9.3/../../../../arm-none-eabi/lib/armv6-m/libc_nano.a(lib_a-memset.o)
 .data          0x00000000        0x0 /home/marco/ARMToolchain/gcc-arm-none-eabi-4_9-2015q2/bin/../lib/gcc/arm-none-eabi/4.9.3/../../../../arm-none-eabi/lib/armv6-m/libc_nano.a(lib_a-memset.o)
 .bss           0x00000000        0x0 /home/marco/ARMToolchain/gcc-arm-none-eabi-4_9-2015q2/bin/../lib/gcc/arm-none-eabi/4.9.3/../../../../arm-none-eabi/lib/armv6-m/libc_nano.a(lib_a-memset.o)
 .text          0x00000000        0x0 /home/marco/ARMToolchain/gcc-arm-none-eabi-4_9-2015q2/bin/../lib/gcc/arm-none-eabi/4.9.3/../../../../arm-none-eabi/lib/armv6-m/libnosys.a(_exit.o)
 .data          0x00000000        0x0 /home/marco/ARMToolchain/gcc-arm-none-eabi-4_9-2015q2/bin/../lib/gcc/arm-none-eabi/4.9.3/../../../../arm-none-eabi/lib/armv6-m/libnosys.a(_exit.o)
 .bss           0x00000000        0x0 /home/marco/ARMToolchain/gcc-arm-none-eabi-4_9-2015q2/bin/../lib/gcc/arm-none-eabi/4.9.3/../../../../arm-none-eabi/lib/armv6-m/libnosys.a(_exit.o)
 .text          0x00000000        0x0 _build/main.o
 .data          0x00000000        0x0 _build/main.o
 .bss           0x00000000        0x0 _build/main.o
 .text.assert_nrf_callback
                0x00000000       0x14 _build/main.o
 .text          0x00000000        0x0 _build/uart.o
 .data          0x00000000        0x0 _build/uart.o
 .bss           0x00000000        0x0 _build/uart.o
 .comment       0x00000000       0x71 _build/uart.o
 .ARM.attributes
                0x00000000       0x31 _build/uart.o
 .text          0x00000000        0x0 _build/mpu6050.o
 .data          0x00000000        0x0 _build/mpu6050.o
 .bss           0x00000000        0x0 _build/mpu6050.o
 .text          0x00000000        0x0 _build/ble_manager.o
 .data          0x00000000        0x0 _build/ble_manager.o
 .bss           0x00000000        0x0 _build/ble_manager.o
 .text.ble_mng_update_batt_level
                0x00000000       0x10 _build/ble_manager.o
 .text          0x00000000        0x0 _build/cfg_service.o
 .data          0x00000000        0x0 _build/cfg_service.o
 .bss           0x00000000        0x0 _build/cfg_service.o
 .text          0x00000000        0x0 _build/memory.o
 .data          0x00000000        0x0 _build/memory.o
 .bss           0x00000000        0x0 _build/memory.o
 .text          0x00000000        0x0 _build/application.o
 .data          0x00000000        0x0 _build/application.o
 .bss           0x00000000        0x0 _build/application.o
 .text          0x00000000        0x0 _build/app_error.o
 .data          0x00000000        0x0 _build/app_error.o
 .bss           0x00000000        0x0 _build/app_error.o
 .text.app_error_handler
                0x00000000       0x20 _build/app_error.o
 .text.app_error_save_and_stop
                0x00000000       0x64 _build/app_error.o
 .bss.m_error_data.5657
                0x00000000       0x20 _build/app_error.o
 .text          0x00000000        0x0 _build/app_error_weak.o
 .data          0x00000000        0x0 _build/app_error_weak.o
 .bss           0x00000000        0x0 _build/app_error_weak.o
 .text          0x00000000        0x0 _build/app_timer.o
 .data          0x00000000        0x0 _build/app_timer.o
 .bss           0x00000000        0x0 _build/app_timer.o
 .text.app_timer_stop_all
                0x00000000       0xb8 _build/app_timer.o
 .text.app_timer_cnt_get
                0x00000000       0x14 _build/app_timer.o
 .text.app_timer_cnt_diff_compute
                0x00000000        0xc _build/app_timer.o
 .text          0x00000000        0x0 _build/nrf_assert.o
 .data          0x00000000        0x0 _build/nrf_assert.o
 .bss           0x00000000        0x0 _build/nrf_assert.o
 .comment       0x00000000       0x71 _build/nrf_assert.o
 .ARM.attributes
                0x00000000       0x31 _build/nrf_assert.o
 .text          0x00000000        0x0 _build/app_fifo.o
 .data          0x00000000        0x0 _build/app_fifo.o
 .bss           0x00000000        0x0 _build/app_fifo.o
 .text.app_fifo_init
                0x00000000       0x28 _build/app_fifo.o
 .text.app_fifo_put
                0x00000000       0x28 _build/app_fifo.o
 .text.app_fifo_get
                0x00000000       0x24 _build/app_fifo.o
 .text.app_fifo_peek
                0x00000000       0x24 _build/app_fifo.o
 .text.app_fifo_flush
                0x00000000        0x8 _build/app_fifo.o
 .text.app_fifo_read
                0x00000000       0x54 _build/app_fifo.o
 .text.app_fifo_write
                0x00000000       0x58 _build/app_fifo.o
 .comment       0x00000000       0x71 _build/app_fifo.o
 .ARM.attributes
                0x00000000       0x31 _build/app_fifo.o
 .text          0x00000000        0x0 _build/app_twi.o
 .data          0x00000000        0x0 _build/app_twi.o
 .bss           0x00000000        0x0 _build/app_twi.o
 .text.app_twi_uninit
                0x00000000       0x10 _build/app_twi.o
 .text          0x00000000        0x0 _build/app_util_platform.o
 .data          0x00000000        0x0 _build/app_util_platform.o
 .bss           0x00000000        0x0 _build/app_util_platform.o
 .text.app_util_disable_irq
                0x00000000       0x10 _build/app_util_platform.o
 .text.app_util_enable_irq
                0x00000000       0x14 _build/app_util_platform.o
 .bss.m_in_critical_region
                0x00000000        0x4 _build/app_util_platform.o
 .text          0x00000000        0x0 _build/fstorage.o
 .data          0x00000000        0x0 _build/fstorage.o
 .bss           0x00000000        0x0 _build/fstorage.o
 .text.sd_flash_write
                0x00000000        0x4 _build/fstorage.o
 .text.sd_flash_page_erase
                0x00000000        0x4 _build/fstorage.o
 .text.unlikely.queue_get_next_free
                0x00000000       0x3c _build/fstorage.o
 .text.unlikely.queue_start
                0x00000000       0xc8 _build/fstorage.o
 .text.fs_init  0x00000000       0xa4 _build/fstorage.o
 .text.fs_store
                0x00000000       0x90 _build/fstorage.o
 .text.fs_erase
                0x00000000       0x88 _build/fstorage.o
 .text.fs_queued_op_count_get
                0x00000000       0x18 _build/fstorage.o
 .text.fs_sys_event_handler
                0x00000000      0x294 _build/fstorage.o
 .bss.m_flags   0x00000000        0x1 _build/fstorage.o
 .bss.m_queue   0x00000000       0x58 _build/fstorage.o
 .bss.m_retry_count
                0x00000000        0x1 _build/fstorage.o
 .comment       0x00000000       0x71 _build/fstorage.o
 .ARM.attributes
                0x00000000       0x31 _build/fstorage.o
 .text          0x00000000        0x0 _build/nrf_delay.o
 .data          0x00000000        0x0 _build/nrf_delay.o
 .bss           0x00000000        0x0 _build/nrf_delay.o
 .text          0x00000000        0x0 _build/app_uart_fifo.o
 .data          0x00000000        0x0 _build/app_uart_fifo.o
 .bss           0x00000000        0x0 _build/app_uart_fifo.o
 .text.uart_event_handler
                0x00000000       0xc8 _build/app_uart_fifo.o
 .text.app_uart_init
                0x00000000       0xa4 _build/app_uart_fifo.o
 .text.app_uart_flush
                0x00000000       0x1c _build/app_uart_fifo.o
 .text.app_uart_get
                0x00000000       0x34 _build/app_uart_fifo.o
 .text.app_uart_put
                0x00000000       0x40 _build/app_uart_fifo.o
 .text.app_uart_close
                0x00000000        0xc _build/app_uart_fifo.o
 .rodata        0x00000000       0x20 _build/app_uart_fifo.o
 .bss.tx_buffer
                0x00000000        0x1 _build/app_uart_fifo.o
 .bss.m_event_handler
                0x00000000        0x4 _build/app_uart_fifo.o
 .bss.rx_buffer
                0x00000000        0x1 _build/app_uart_fifo.o
 .bss.m_tx_fifo
                0x00000000       0x10 _build/app_uart_fifo.o
 .bss.m_rx_fifo
                0x00000000       0x10 _build/app_uart_fifo.o
 .comment       0x00000000       0x71 _build/app_uart_fifo.o
 .ARM.attributes
                0x00000000       0x31 _build/app_uart_fifo.o
 .text          0x00000000        0x0 _build/nrf_drv_clock.o
 .data          0x00000000        0x0 _build/nrf_drv_clock.o
 .bss           0x00000000        0x0 _build/nrf_drv_clock.o
 .text.sd_clock_hfclk_request
                0x00000000        0x4 _build/nrf_drv_clock.o
 .text.sd_clock_hfclk_release
                0x00000000        0x4 _build/nrf_drv_clock.o
 .text.sd_clock_hfclk_is_running
                0x00000000        0x4 _build/nrf_drv_clock.o
 .text.sd_softdevice_is_enabled
                0x00000000        0x4 _build/nrf_drv_clock.o
 .text.nrf_drv_clock_init
                0x00000000       0x38 _build/nrf_drv_clock.o
 .text.nrf_drv_clock_uninit
                0x00000000       0x14 _build/nrf_drv_clock.o
 .text.nrf_drv_clock_lfclk_request
                0x00000000       0x10 _build/nrf_drv_clock.o
 .text.nrf_drv_clock_lfclk_release
                0x00000000        0x4 _build/nrf_drv_clock.o
 .text.nrf_drv_clock_lfclk_is_running
                0x00000000        0x4 _build/nrf_drv_clock.o
 .text.nrf_drv_clock_hfclk_request
                0x00000000       0x50 _build/nrf_drv_clock.o
 .text.nrf_drv_clock_hfclk_release
                0x00000000       0x38 _build/nrf_drv_clock.o
 .text.nrf_drv_clock_hfclk_is_running
                0x00000000       0x18 _build/nrf_drv_clock.o
 .text.nrf_drv_clock_calibration_start
                0x00000000        0x4 _build/nrf_drv_clock.o
 .text.nrf_drv_clock_calibration_abort
                0x00000000        0x4 _build/nrf_drv_clock.o
 .text.nrf_drv_clock_is_calibrating
                0x00000000        0x4 _build/nrf_drv_clock.o
 .text          0x00000000        0x0 _build/nrf_drv_common.o
 .data          0x00000000        0x0 _build/nrf_drv_common.o
 .bss           0x00000000        0x0 _build/nrf_drv_common.o
 .text          0x00000000        0x0 _build/nrf_drv_gpiote.o
 .data          0x00000000        0x0 _build/nrf_drv_gpiote.o
 .bss           0x00000000        0x0 _build/nrf_drv_gpiote.o
 .text.nrf_drv_gpiote_init
                0x00000000       0x68 _build/nrf_drv_gpiote.o
 .text.nrf_drv_gpiote_is_init
                0x00000000       0x14 _build/nrf_drv_gpiote.o
 .text.nrf_drv_gpiote_uninit
                0x00000000       0xec _build/nrf_drv_gpiote.o
 .text.nrf_drv_gpiote_out_init
                0x00000000       0xdc _build/nrf_drv_gpiote.o
 .text.nrf_drv_gpiote_out_uninit
                0x00000000       0x48 _build/nrf_drv_gpiote.o
 .text.nrf_drv_gpiote_out_set
                0x00000000       0x14 _build/nrf_drv_gpiote.o
 .text.nrf_drv_gpiote_out_clear
                0x00000000       0x14 _build/nrf_drv_gpiote.o
 .text.nrf_drv_gpiote_out_toggle
                0x00000000       0x2c _build/nrf_drv_gpiote.o
 .text.nrf_drv_gpiote_out_task_enable
                0x00000000       0x38 _build/nrf_drv_gpiote.o
 .text.nrf_drv_gpiote_out_task_disable
                0x00000000       0x28 _build/nrf_drv_gpiote.o
 .text.nrf_drv_gpiote_out_task_addr_get
                0x00000000       0x20 _build/nrf_drv_gpiote.o
 .text.nrf_drv_gpiote_out_task_force
                0x00000000       0x38 _build/nrf_drv_gpiote.o
 .text.nrf_drv_gpiote_out_task_trigger
                0x00000000       0x20 _build/nrf_drv_gpiote.o
 .text.nrf_drv_gpiote_in_init
                0x00000000      0x15c _build/nrf_drv_gpiote.o
 .text.nrf_drv_gpiote_in_event_enable
                0x00000000       0xa8 _build/nrf_drv_gpiote.o
 .text.nrf_drv_gpiote_in_event_disable
                0x00000000       0x60 _build/nrf_drv_gpiote.o
 .text.nrf_drv_gpiote_in_uninit
                0x00000000       0xa8 _build/nrf_drv_gpiote.o
 .text.nrf_drv_gpiote_in_is_set
                0x00000000       0x14 _build/nrf_drv_gpiote.o
 .text.nrf_drv_gpiote_in_event_addr_get
                0x00000000       0x20 _build/nrf_drv_gpiote.o
 .text          0x00000000        0x0 _build/nrf_drv_timer.o
 .data          0x00000000        0x0 _build/nrf_drv_timer.o
 .bss           0x00000000        0x0 _build/nrf_drv_timer.o
 .text.nrf_drv_timer_init
                0x00000000       0xe8 _build/nrf_drv_timer.o
 .text.nrf_drv_timer_uninit
                0x00000000       0x58 _build/nrf_drv_timer.o
 .text.nrf_drv_timer_enable
                0x00000000       0x1c _build/nrf_drv_timer.o
 .text.nrf_drv_timer_disable
                0x00000000       0x1c _build/nrf_drv_timer.o
 .text.nrf_drv_timer_resume
                0x00000000        0x8 _build/nrf_drv_timer.o
 .text.nrf_drv_timer_pause
                0x00000000        0x8 _build/nrf_drv_timer.o
 .text.nrf_drv_timer_clear
                0x00000000        0x8 _build/nrf_drv_timer.o
 .text.nrf_drv_timer_increment
                0x00000000        0x8 _build/nrf_drv_timer.o
 .text.nrf_drv_timer_capture
                0x00000000       0x20 _build/nrf_drv_timer.o
 .text.nrf_drv_timer_compare
                0x00000000       0x2c _build/nrf_drv_timer.o
 .text.nrf_drv_timer_extended_compare
                0x00000000       0x4c _build/nrf_drv_timer.o
 .text.nrf_drv_timer_compare_int_enable
                0x00000000       0x24 _build/nrf_drv_timer.o
 .text.nrf_drv_timer_compare_int_disable
                0x00000000       0x14 _build/nrf_drv_timer.o
 .rodata.m_default_config
                0x00000000        0x8 _build/nrf_drv_timer.o
 .text          0x00000000        0x0 _build/nrf_drv_rtc.o
 .data          0x00000000        0x0 _build/nrf_drv_rtc.o
 .bss           0x00000000        0x0 _build/nrf_drv_rtc.o
 .text.nrf_drv_rtc_init
                0x00000000       0x6c _build/nrf_drv_rtc.o
 .text.nrf_drv_rtc_uninit
                0x00000000       0x44 _build/nrf_drv_rtc.o
 .text.nrf_drv_rtc_enable
                0x00000000       0x18 _build/nrf_drv_rtc.o
 .text.nrf_drv_rtc_disable
                0x00000000       0x18 _build/nrf_drv_rtc.o
 .text.nrf_drv_rtc_cc_disable
                0x00000000       0x40 _build/nrf_drv_rtc.o
 .text.nrf_drv_rtc_cc_set
                0x00000000       0xc0 _build/nrf_drv_rtc.o
 .text.nrf_drv_rtc_tick_enable
                0x00000000       0x24 _build/nrf_drv_rtc.o
 .text.nrf_drv_rtc_tick_disable
                0x00000000       0x14 _build/nrf_drv_rtc.o
 .text.nrf_drv_rtc_overflow_enable
                0x00000000       0x24 _build/nrf_drv_rtc.o
 .text.nrf_drv_rtc_overflow_disable
                0x00000000       0x14 _build/nrf_drv_rtc.o
 .text.nrf_drv_rtc_max_ticks_get
                0x00000000       0x24 _build/nrf_drv_rtc.o
 .bss.m_handlers
                0x00000000        0x0 _build/nrf_drv_rtc.o
 .rodata.m_default_config
                0x00000000        0x0 _build/nrf_drv_rtc.o
 .bss.m_cb      0x00000000        0x0 _build/nrf_drv_rtc.o
 .comment       0x00000000       0x71 _build/nrf_drv_rtc.o
 .ARM.attributes
                0x00000000       0x31 _build/nrf_drv_rtc.o
 .text          0x00000000        0x0 _build/nrf_drv_twi.o
 .data          0x00000000        0x0 _build/nrf_drv_twi.o
 .bss           0x00000000        0x0 _build/nrf_drv_twi.o
 .text.nrf_drv_twi_uninit
                0x00000000       0x68 _build/nrf_drv_twi.o
 .text.nrf_drv_twi_disable
                0x00000000       0x34 _build/nrf_drv_twi.o
 .text.nrf_drv_twi_tx
                0x00000000      0x250 _build/nrf_drv_twi.o
 .text.nrf_drv_twi_rx
                0x00000000       0xb4 _build/nrf_drv_twi.o
 .text.nrf_drv_twi_data_count_get
                0x00000000       0x18 _build/nrf_drv_twi.o
 .text.nrf_drv_twi_start_task_get
                0x00000000       0x10 _build/nrf_drv_twi.o
 .text.nrf_drv_twi_stopped_event_get
                0x00000000        0x8 _build/nrf_drv_twi.o
 .text          0x00000000        0x0 _build/pstorage.o
 .data          0x00000000        0x0 _build/pstorage.o
 .bss           0x00000000        0x0 _build/pstorage.o
 .text.pstorage_access_status_get
                0x00000000       0x28 _build/pstorage.o
 .text          0x00000000        0x0 _build/nrf_drv_uart.o
 .data          0x00000000        0x0 _build/nrf_drv_uart.o
 .bss           0x00000000        0x0 _build/nrf_drv_uart.o
 .text.nrf_drv_uart_init
                0x00000000      0x120 _build/nrf_drv_uart.o
 .text.nrf_drv_uart_uninit
                0x00000000       0xbc _build/nrf_drv_uart.o
 .text.nrf_drv_uart_tx
                0x00000000       0xb4 _build/nrf_drv_uart.o
 .text.nrf_drv_uart_tx_in_progress
                0x00000000       0x10 _build/nrf_drv_uart.o
 .text.nrf_drv_uart_rx
                0x00000000      0x130 _build/nrf_drv_uart.o
 .text.nrf_drv_uart_rx_enable
                0x00000000       0x2c _build/nrf_drv_uart.o
 .text.nrf_drv_uart_rx_disable
                0x00000000       0x18 _build/nrf_drv_uart.o
 .text.nrf_drv_uart_errorsrc_get
                0x00000000       0x1c _build/nrf_drv_uart.o
 .text.nrf_drv_uart_tx_abort
                0x00000000       0x3c _build/nrf_drv_uart.o
 .text.nrf_drv_uart_rx_abort
                0x00000000       0x1c _build/nrf_drv_uart.o
 .rodata.m_default_config
                0x00000000       0x20 _build/nrf_drv_uart.o
 .text          0x00000000        0x0 _build/ble_advdata.o
 .data          0x00000000        0x0 _build/ble_advdata.o
 .bss           0x00000000        0x0 _build/ble_advdata.o
 .text.sd_ble_gap_address_get
                0x00000000        0x4 _build/ble_advdata.o
 .text.sd_ble_gap_adv_data_set
                0x00000000        0x4 _build/ble_advdata.o
 .text.sd_ble_gap_appearance_get
                0x00000000        0x4 _build/ble_advdata.o
 .text.sd_ble_gap_device_name_get
                0x00000000        0x4 _build/ble_advdata.o
 .text.sd_ble_uuid_encode
                0x00000000        0x4 _build/ble_advdata.o
 .text.name_encode
                0x00000000       0x8c _build/ble_advdata.o
 .text.uuid_list_sized_encode
                0x00000000       0xe8 _build/ble_advdata.o
 .text.adv_data_encode
                0x00000000      0x550 _build/ble_advdata.o
 .text.ble_advdata_set
                0x00000000      0x508 _build/ble_advdata.o
 .comment       0x00000000       0x71 _build/ble_advdata.o
 .ARM.attributes
                0x00000000       0x31 _build/ble_advdata.o
 .text          0x00000000        0x0 _build/ble_bas.o
 .data          0x00000000        0x0 _build/ble_bas.o
 .bss           0x00000000        0x0 _build/ble_bas.o
 .text.sd_ble_gatts_value_set
                0x00000000        0x4 _build/ble_bas.o
 .text.sd_ble_gatts_hvx
                0x00000000        0x4 _build/ble_bas.o
 .text.ble_bas_on_ble_evt
                0x00000000       0x60 _build/ble_bas.o
 .text.ble_bas_battery_level_update
                0x00000000       0x8c _build/ble_bas.o
 .text          0x00000000        0x0 _build/ble_dis.o
 .data          0x00000000        0x0 _build/ble_dis.o
 .bss           0x00000000        0x0 _build/ble_dis.o
 .text          0x00000000        0x0 _build/ble_conn_params.o
 .data          0x00000000        0x0 _build/ble_conn_params.o
 .bss           0x00000000        0x0 _build/ble_conn_params.o
 .text.ble_conn_params_stop
                0x00000000       0x10 _build/ble_conn_params.o
 .text.ble_conn_params_change_conn_params
                0x00000000       0x70 _build/ble_conn_params.o
 .text          0x00000000        0x0 _build/ble_srv_common.o
 .data          0x00000000        0x0 _build/ble_srv_common.o
 .bss           0x00000000        0x0 _build/ble_srv_common.o
 .text.sd_ble_gatts_characteristic_add
                0x00000000        0x4 _build/ble_srv_common.o
 .text.sd_ble_gatts_descriptor_add
                0x00000000        0x4 _build/ble_srv_common.o
 .text.characteristic_add
                0x00000000      0x368 _build/ble_srv_common.o
 .rodata.characteristic_add
                0x00000000       0x78 _build/ble_srv_common.o
 .text.descriptor_add
                0x00000000      0x15c _build/ble_srv_common.o
 .rodata.descriptor_add
                0x00000000       0x30 _build/ble_srv_common.o
 .text          0x00000000        0x0 _build/system_nrf51.o
 .data          0x00000000        0x0 _build/system_nrf51.o
 .bss           0x00000000        0x0 _build/system_nrf51.o
 .text.SystemCoreClockUpdate
                0x00000000       0x10 _build/system_nrf51.o
 .data.SystemCoreClock
                0x00000000        0x4 _build/system_nrf51.o
 .text          0x00000000        0x0 _build/nrf_soc.o
 .data          0x00000000        0x0 _build/nrf_soc.o
 .bss           0x00000000        0x0 _build/nrf_soc.o
 .text.sd_app_evt_wait
                0x00000000        0x8 _build/nrf_soc.o
 .comment       0x00000000       0x71 _build/nrf_soc.o
 .ARM.attributes
                0x00000000       0x31 _build/nrf_soc.o
 .text          0x00000000        0x0 _build/softdevice_handler.o
 .data          0x00000000        0x0 _build/softdevice_handler.o
 .bss           0x00000000        0x0 _build/softdevice_handler.o
 .text.sd_softdevice_disable
                0x00000000        0x4 _build/softdevice_handler.o
 .text.intern_softdevice_events_execute
                0x00000000       0x14 _build/softdevice_handler.o
 .text.softdevice_handler_isEnabled
                0x00000000        0xc _build/softdevice_handler.o
 .text.softdevice_handler_sd_disable
                0x00000000       0x18 _build/softdevice_handler.o
 .data          0x00000000        0x0 _build/gcc_startup_nrf51.o
 .bss           0x00000000        0x0 _build/gcc_startup_nrf51.o
 .data          0x00000000        0x0 /home/marco/ARMToolchain/gcc-arm-none-eabi-4_9-2015q2/bin/../lib/gcc/arm-none-eabi/4.9.3/armv6-m/libgcc.a(_udivsi3.o)
 .bss           0x00000000        0x0 /home/marco/ARMToolchain/gcc-arm-none-eabi-4_9-2015q2/bin/../lib/gcc/arm-none-eabi/4.9.3/armv6-m/libgcc.a(_udivsi3.o)
 .data          0x00000000        0x0 /home/marco/ARMToolchain/gcc-arm-none-eabi-4_9-2015q2/bin/../lib/gcc/arm-none-eabi/4.9.3/armv6-m/libgcc.a(_divsi3.o)
 .bss           0x00000000        0x0 /home/marco/ARMToolchain/gcc-arm-none-eabi-4_9-2015q2/bin/../lib/gcc/arm-none-eabi/4.9.3/armv6-m/libgcc.a(_divsi3.o)
 .data          0x00000000        0x0 /home/marco/ARMToolchain/gcc-arm-none-eabi-4_9-2015q2/bin/../lib/gcc/arm-none-eabi/4.9.3/armv6-m/libgcc.a(_dvmd_tls.o)
 .bss           0x00000000        0x0 /home/marco/ARMToolchain/gcc-arm-none-eabi-4_9-2015q2/bin/../lib/gcc/arm-none-eabi/4.9.3/armv6-m/libgcc.a(_dvmd_tls.o)
 .text          0x00000000        0x0 /home/marco/ARMToolchain/gcc-arm-none-eabi-4_9-2015q2/bin/../lib/gcc/arm-none-eabi/4.9.3/../../../../arm-none-eabi/lib/armv6-m/libc_nano.a(lib_a-memcpy.o)
 .data          0x00000000        0x0 /home/marco/ARMToolchain/gcc-arm-none-eabi-4_9-2015q2/bin/../lib/gcc/arm-none-eabi/4.9.3/../../../../arm-none-eabi/lib/armv6-m/libc_nano.a(lib_a-memcpy.o)
 .bss           0x00000000        0x0 /home/marco/ARMToolchain/gcc-arm-none-eabi-4_9-2015q2/bin/../lib/gcc/arm-none-eabi/4.9.3/../../../../arm-none-eabi/lib/armv6-m/libc_nano.a(lib_a-memcpy.o)
 .text          0x00000000        0x0 /home/marco/ARMToolchain/gcc-arm-none-eabi-4_9-2015q2/bin/../lib/gcc/arm-none-eabi/4.9.3/../../../../arm-none-eabi/lib/armv6-m/libc_nano.a(lib_a-sprintf.o)
 .data          0x00000000        0x0 /home/marco/ARMToolchain/gcc-arm-none-eabi-4_9-2015q2/bin/../lib/gcc/arm-none-eabi/4.9.3/../../../../arm-none-eabi/lib/armv6-m/libc_nano.a(lib_a-sprintf.o)
 .bss           0x00000000        0x0 /home/marco/ARMToolchain/gcc-arm-none-eabi-4_9-2015q2/bin/../lib/gcc/arm-none-eabi/4.9.3/../../../../arm-none-eabi/lib/armv6-m/libc_nano.a(lib_a-sprintf.o)
 .text._sprintf_r
                0x00000000       0x40 /home/marco/ARMToolchain/gcc-arm-none-eabi-4_9-2015q2/bin/../lib/gcc/arm-none-eabi/4.9.3/../../../../arm-none-eabi/lib/armv6-m/libc_nano.a(lib_a-sprintf.o)
 .text          0x00000000        0x0 /home/marco/ARMToolchain/gcc-arm-none-eabi-4_9-2015q2/bin/../lib/gcc/arm-none-eabi/4.9.3/../../../../arm-none-eabi/lib/armv6-m/libc_nano.a(lib_a-strlen.o)
 .data          0x00000000        0x0 /home/marco/ARMToolchain/gcc-arm-none-eabi-4_9-2015q2/bin/../lib/gcc/arm-none-eabi/4.9.3/../../../../arm-none-eabi/lib/armv6-m/libc_nano.a(lib_a-strlen.o)
 .bss           0x00000000        0x0 /home/marco/ARMToolchain/gcc-arm-none-eabi-4_9-2015q2/bin/../lib/gcc/arm-none-eabi/4.9.3/../../../../arm-none-eabi/lib/armv6-m/libc_nano.a(lib_a-strlen.o)
 .text          0x00000000        0x0 /home/marco/ARMToolchain/gcc-arm-none-eabi-4_9-2015q2/bin/../lib/gcc/arm-none-eabi/4.9.3/../../../../arm-none-eabi/lib/armv6-m/libc_nano.a(lib_a-nano-svfprintf.o)
 .data          0x00000000        0x0 /home/marco/ARMToolchain/gcc-arm-none-eabi-4_9-2015q2/bin/../lib/gcc/arm-none-eabi/4.9.3/../../../../arm-none-eabi/lib/armv6-m/libc_nano.a(lib_a-nano-svfprintf.o)
 .bss           0x00000000        0x0 /home/marco/ARMToolchain/gcc-arm-none-eabi-4_9-2015q2/bin/../lib/gcc/arm-none-eabi/4.9.3/../../../../arm-none-eabi/lib/armv6-m/libc_nano.a(lib_a-nano-svfprintf.o)
 .text.__ssprint_r
                0x00000000      0x108 /home/marco/ARMToolchain/gcc-arm-none-eabi-4_9-2015q2/bin/../lib/gcc/arm-none-eabi/4.9.3/../../../../arm-none-eabi/lib/armv6-m/libc_nano.a(lib_a-nano-svfprintf.o)
 .text          0x00000000        0x0 /home/marco/ARMToolchain/gcc-arm-none-eabi-4_9-2015q2/bin/../lib/gcc/arm-none-eabi/4.9.3/../../../../arm-none-eabi/lib/armv6-m/libc_nano.a(lib_a-nano-vfprintf_i.o)
 .data          0x00000000        0x0 /home/marco/ARMToolchain/gcc-arm-none-eabi-4_9-2015q2/bin/../lib/gcc/arm-none-eabi/4.9.3/../../../../arm-none-eabi/lib/armv6-m/libc_nano.a(lib_a-nano-vfprintf_i.o)
 .bss           0x00000000        0x0 /home/marco/ARMToolchain/gcc-arm-none-eabi-4_9-2015q2/bin/../lib/gcc/arm-none-eabi/4.9.3/../../../../arm-none-eabi/lib/armv6-m/libc_nano.a(lib_a-nano-vfprintf_i.o)
 .text          0x00000000        0x0 /home/marco/ARMToolchain/gcc-arm-none-eabi-4_9-2015q2/bin/../lib/gcc/arm-none-eabi/4.9.3/../../../../arm-none-eabi/lib/armv6-m/libc_nano.a(lib_a-memchr.o)
 .data          0x00000000        0x0 /home/marco/ARMToolchain/gcc-arm-none-eabi-4_9-2015q2/bin/../lib/gcc/arm-none-eabi/4.9.3/../../../../arm-none-eabi/lib/armv6-m/libc_nano.a(lib_a-memchr.o)
 .bss           0x00000000        0x0 /home/marco/ARMToolchain/gcc-arm-none-eabi-4_9-2015q2/bin/../lib/gcc/arm-none-eabi/4.9.3/../../../../arm-none-eabi/lib/armv6-m/libc_nano.a(lib_a-memchr.o)
 .text          0x00000000        0x0 /home/marco/ARMToolchain/gcc-arm-none-eabi-4_9-2015q2/bin/../lib/gcc/arm-none-eabi/4.9.3/../../../../arm-none-eabi/lib/armv6-m/libc_nano.a(lib_a-memmove.o)
 .data          0x00000000        0x0 /home/marco/ARMToolchain/gcc-arm-none-eabi-4_9-2015q2/bin/../lib/gcc/arm-none-eabi/4.9.3/../../../../arm-none-eabi/lib/armv6-m/libc_nano.a(lib_a-memmove.o)
 .bss           0x00000000        0x0 /home/marco/ARMToolchain/gcc-arm-none-eabi-4_9-2015q2/bin/../lib/gcc/arm-none-eabi/4.9.3/../../../../arm-none-eabi/lib/armv6-m/libc_nano.a(lib_a-memmove.o)
 .text          0x00000000        0x0 /home/marco/ARMToolchain/gcc-arm-none-eabi-4_9-2015q2/bin/../lib/gcc/arm-none-eabi/4.9.3/../../../../arm-none-eabi/lib/armv6-m/libc_nano.a(lib_a-nano-freer.o)
 .data          0x00000000        0x0 /home/marco/ARMToolchain/gcc-arm-none-eabi-4_9-2015q2/bin/../lib/gcc/arm-none-eabi/4.9.3/../../../../arm-none-eabi/lib/armv6-m/libc_nano.a(lib_a-nano-freer.o)
 .bss           0x00000000        0x0 /home/marco/ARMToolchain/gcc-arm-none-eabi-4_9-2015q2/bin/../lib/gcc/arm-none-eabi/4.9.3/../../../../arm-none-eabi/lib/armv6-m/libc_nano.a(lib_a-nano-freer.o)
 .text          0x00000000        0x0 /home/marco/ARMToolchain/gcc-arm-none-eabi-4_9-2015q2/bin/../lib/gcc/arm-none-eabi/4.9.3/../../../../arm-none-eabi/lib/armv6-m/libc_nano.a(lib_a-nano-mallocr.o)
 .data          0x00000000        0x0 /home/marco/ARMToolchain/gcc-arm-none-eabi-4_9-2015q2/bin/../lib/gcc/arm-none-eabi/4.9.3/../../../../arm-none-eabi/lib/armv6-m/libc_nano.a(lib_a-nano-mallocr.o)
 .bss           0x00000000        0x0 /home/marco/ARMToolchain/gcc-arm-none-eabi-4_9-2015q2/bin/../lib/gcc/arm-none-eabi/4.9.3/../../../../arm-none-eabi/lib/armv6-m/libc_nano.a(lib_a-nano-mallocr.o)
 .text          0x00000000        0x0 /home/marco/ARMToolchain/gcc-arm-none-eabi-4_9-2015q2/bin/../lib/gcc/arm-none-eabi/4.9.3/../../../../arm-none-eabi/lib/armv6-m/libc_nano.a(lib_a-nano-reallocr.o)
 .data          0x00000000        0x0 /home/marco/ARMToolchain/gcc-arm-none-eabi-4_9-2015q2/bin/../lib/gcc/arm-none-eabi/4.9.3/../../../../arm-none-eabi/lib/armv6-m/libc_nano.a(lib_a-nano-reallocr.o)
 .bss           0x00000000        0x0 /home/marco/ARMToolchain/gcc-arm-none-eabi-4_9-2015q2/bin/../lib/gcc/arm-none-eabi/4.9.3/../../../../arm-none-eabi/lib/armv6-m/libc_nano.a(lib_a-nano-reallocr.o)
 .text          0x00000000        0x0 /home/marco/ARMToolchain/gcc-arm-none-eabi-4_9-2015q2/bin/../lib/gcc/arm-none-eabi/4.9.3/../../../../arm-none-eabi/lib/armv6-m/libc_nano.a(lib_a-sbrkr.o)
 .data          0x00000000        0x0 /home/marco/ARMToolchain/gcc-arm-none-eabi-4_9-2015q2/bin/../lib/gcc/arm-none-eabi/4.9.3/../../../../arm-none-eabi/lib/armv6-m/libc_nano.a(lib_a-sbrkr.o)
 .bss           0x00000000        0x0 /home/marco/ARMToolchain/gcc-arm-none-eabi-4_9-2015q2/bin/../lib/gcc/arm-none-eabi/4.9.3/../../../../arm-none-eabi/lib/armv6-m/libc_nano.a(lib_a-sbrkr.o)
 .text          0x00000000        0x0 /home/marco/ARMToolchain/gcc-arm-none-eabi-4_9-2015q2/bin/../lib/gcc/arm-none-eabi/4.9.3/../../../../arm-none-eabi/lib/armv6-m/libc_nano.a(lib_a-nano-msizer.o)
 .data          0x00000000        0x0 /home/marco/ARMToolchain/gcc-arm-none-eabi-4_9-2015q2/bin/../lib/gcc/arm-none-eabi/4.9.3/../../../../arm-none-eabi/lib/armv6-m/libc_nano.a(lib_a-nano-msizer.o)
 .bss           0x00000000        0x0 /home/marco/ARMToolchain/gcc-arm-none-eabi-4_9-2015q2/bin/../lib/gcc/arm-none-eabi/4.9.3/../../../../arm-none-eabi/lib/armv6-m/libc_nano.a(lib_a-nano-msizer.o)
 .text          0x00000000        0x0 /home/marco/ARMToolchain/gcc-arm-none-eabi-4_9-2015q2/bin/../lib/gcc/arm-none-eabi/4.9.3/../../../../arm-none-eabi/lib/armv6-m/libc_nano.a(lib_a-reent.o)
 .data          0x00000000        0x0 /home/marco/ARMToolchain/gcc-arm-none-eabi-4_9-2015q2/bin/../lib/gcc/arm-none-eabi/4.9.3/../../../../arm-none-eabi/lib/armv6-m/libc_nano.a(lib_a-reent.o)
 .bss           0x00000000        0x0 /home/marco/ARMToolchain/gcc-arm-none-eabi-4_9-2015q2/bin/../lib/gcc/arm-none-eabi/4.9.3/../../../../arm-none-eabi/lib/armv6-m/libc_nano.a(lib_a-reent.o)
 .text.cleanup_glue
                0x00000000       0x1a /home/marco/ARMToolchain/gcc-arm-none-eabi-4_9-2015q2/bin/../lib/gcc/arm-none-eabi/4.9.3/../../../../arm-none-eabi/lib/armv6-m/libc_nano.a(lib_a-reent.o)
 .text._reclaim_reent
                0x00000000       0xcc /home/marco/ARMToolchain/gcc-arm-none-eabi-4_9-2015q2/bin/../lib/gcc/arm-none-eabi/4.9.3/../../../../arm-none-eabi/lib/armv6-m/libc_nano.a(lib_a-reent.o)
 .text          0x00000000        0x0 /home/marco/ARMToolchain/gcc-arm-none-eabi-4_9-2015q2/bin/../lib/gcc/arm-none-eabi/4.9.3/armv6-m/crtend.o
 .data          0x00000000        0x0 /home/marco/ARMToolchain/gcc-arm-none-eabi-4_9-2015q2/bin/../lib/gcc/arm-none-eabi/4.9.3/armv6-m/crtend.o
 .bss           0x00000000        0x0 /home/marco/ARMToolchain/gcc-arm-none-eabi-4_9-2015q2/bin/../lib/gcc/arm-none-eabi/4.9.3/armv6-m/crtend.o
 .text          0x00000000        0x0 /home/marco/ARMToolchain/gcc-arm-none-eabi-4_9-2015q2/bin/../lib/gcc/arm-none-eabi/4.9.3/armv6-m/crtn.o
 .data          0x00000000        0x0 /home/marco/ARMToolchain/gcc-arm-none-eabi-4_9-2015q2/bin/../lib/gcc/arm-none-eabi/4.9.3/armv6-m/crtn.o
 .bss           0x00000000        0x0 /home/marco/ARMToolchain/gcc-arm-none-eabi-4_9-2015q2/bin/../lib/gcc/arm-none-eabi/4.9.3/armv6-m/crtn.o
 .text          0x00000000        0x0 /home/marco/ARMToolchain/gcc-arm-none-eabi-4_9-2015q2/bin/../lib/gcc/arm-none-eabi/4.9.3/../../../../arm-none-eabi/lib/armv6-m/libnosys.a(sbrk.o)
 .data          0x00000000        0x0 /home/marco/ARMToolchain/gcc-arm-none-eabi-4_9-2015q2/bin/../lib/gcc/arm-none-eabi/4.9.3/../../../../arm-none-eabi/lib/armv6-m/libnosys.a(sbrk.o)
 .bss           0x00000000        0x0 /home/marco/ARMToolchain/gcc-arm-none-eabi-4_9-2015q2/bin/../lib/gcc/arm-none-eabi/4.9.3/../../../../arm-none-eabi/lib/armv6-m/libnosys.a(sbrk.o)

Memory Configuration

Name             Origin             Length             Attributes
FLASH            0x0001b000         0x00024000         xr
RAM              0x20002800         0x00001800         xrw
*default*        0x00000000         0xffffffff

Linker script and memory map

LOAD /home/marco/ARMToolchain/gcc-arm-none-eabi-4_9-2015q2/bin/../lib/gcc/arm-none-eabi/4.9.3/armv6-m/crti.o
LOAD /home/marco/ARMToolchain/gcc-arm-none-eabi-4_9-2015q2/bin/../lib/gcc/arm-none-eabi/4.9.3/armv6-m/crtbegin.o
LOAD /home/marco/ARMToolchain/gcc-arm-none-eabi-4_9-2015q2/bin/../lib/gcc/arm-none-eabi/4.9.3/../../../../arm-none-eabi/lib/armv6-m/crt0.o
LOAD /home/marco/ARMToolchain/gcc-arm-none-eabi-4_9-2015q2/bin/../lib/gcc/arm-none-eabi/4.9.3/../../../../arm-none-eabi/lib/armv6-m/libc_nano.a
LOAD /home/marco/ARMToolchain/gcc-arm-none-eabi-4_9-2015q2/bin/../lib/gcc/arm-none-eabi/4.9.3/../../../../arm-none-eabi/lib/armv6-m/libnosys.a
LOAD _build/main.o
LOAD _build/uart.o
LOAD _build/mpu6050.o
LOAD _build/ble_manager.o
LOAD _build/cfg_service.o
LOAD _build/memory.o
LOAD _build/application.o
LOAD _build/app_error.o
LOAD _build/app_error_weak.o
LOAD _build/app_timer.o
LOAD _build/nrf_assert.o
LOAD _build/app_fifo.o
LOAD _build/app_twi.o
LOAD _build/app_util_platform.o
LOAD _build/fstorage.o
LOAD _build/nrf_delay.o
LOAD _build/app_uart_fifo.o
LOAD _build/nrf_drv_clock.o
LOAD _build/nrf_drv_common.o
LOAD _build/nrf_drv_gpiote.o
LOAD _build/nrf_drv_timer.o
LOAD _build/nrf_drv_rtc.o
LOAD _build/nrf_drv_twi.o
LOAD _build/pstorage.o
LOAD _build/nrf_drv_uart.o
LOAD _build/ble_advdata.o
LOAD _build/ble_bas.o
LOAD _build/ble_dis.o
LOAD _build/ble_conn_params.o
LOAD _build/ble_srv_common.o
LOAD _build/system_nrf51.o
LOAD _build/nrf_soc.o
LOAD _build/softdevice_handler.o
LOAD _build/gcc_startup_nrf51.o
START GROUP
LOAD /home/marco/ARMToolchain/gcc-arm-none-eabi-4_9-2015q2/bin/../lib/gcc/arm-none-eabi/4.9.3/armv6-m/libgcc.a
LOAD /home/marco/ARMToolchain/gcc-arm-none-eabi-4_9-2015q2/bin/../lib/gcc/arm-none-eabi/4.9.3/../../../../arm-none-eabi/lib/armv6-m/libc_nano.a
END GROUP
START GROUP
LOAD /home/marco/ARMToolchain/gcc-arm-none-eabi-4_9-2015q2/bin/../lib/gcc/arm-none-eabi/4.9.3/armv6-m/libgcc.a
LOAD /home/marco/ARMToolchain/gcc-arm-none-eabi-4_9-2015q2/bin/../lib/gcc/arm-none-eabi/4.9.3/../../../../arm-none-eabi/lib/armv6-m/libc_nano.a
END GROUP
LOAD /home/marco/ARMToolchain/gcc-arm-none-eabi-4_9-2015q2/bin/../lib/gcc/arm-none-eabi/4.9.3/armv6-m/crtend.o
LOAD /home/marco/ARMToolchain/gcc-arm-none-eabi-4_9-2015q2/bin/../lib/gcc/arm-none-eabi/4.9.3/armv6-m/crtn.o
START GROUP
LOAD /home/marco/ARMToolchain/gcc-arm-none-eabi-4_9-2015q2/bin/../lib/gcc/arm-none-eabi/4.9.3/armv6-m/libgcc.a
LOAD /home/marco/ARMToolchain/gcc-arm-none-eabi-4_9-2015q2/bin/../lib/gcc/arm-none-eabi/4.9.3/../../../../arm-none-eabi/lib/armv6-m/libc.a
LOAD /home/marco/ARMToolchain/gcc-arm-none-eabi-4_9-2015q2/bin/../lib/gcc/arm-none-eabi/4.9.3/../../../../arm-none-eabi/lib/armv6-m/libnosys.a
END GROUP

.fs_data_out    0x00000000        0x0
                0x00000000                PROVIDE (__start_fs_data, .)
 *(fs_data)
                0x00000000                PROVIDE (__stop_fs_data, .)

.text           0x0001b000     0x5ec8
 *(.isr_vector)
 .isr_vector    0x0001b000       0xc0 _build/gcc_startup_nrf51.o
                0x0001b000                __isr_vector
 *(.text*)
 .text          0x0001b0c0       0x60 /home/marco/ARMToolchain/gcc-arm-none-eabi-4_9-2015q2/bin/../lib/gcc/arm-none-eabi/4.9.3/armv6-m/crtbegin.o
 .text          0x0001b120       0x78 /home/marco/ARMToolchain/gcc-arm-none-eabi-4_9-2015q2/bin/../lib/gcc/arm-none-eabi/4.9.3/../../../../arm-none-eabi/lib/armv6-m/crt0.o
                0x0001b120                _mainCRTStartup
                0x0001b120                _start
 .text.exit     0x0001b198       0x2c /home/marco/ARMToolchain/gcc-arm-none-eabi-4_9-2015q2/bin/../lib/gcc/arm-none-eabi/4.9.3/../../../../arm-none-eabi/lib/armv6-m/libc_nano.a(lib_a-exit.o)
                0x0001b198                exit
 .text.__libc_init_array
                0x0001b1c4       0x4c /home/marco/ARMToolchain/gcc-arm-none-eabi-4_9-2015q2/bin/../lib/gcc/arm-none-eabi/4.9.3/../../../../arm-none-eabi/lib/armv6-m/libc_nano.a(lib_a-init.o)
                0x0001b1c4                __libc_init_array
 .text.memset   0x0001b210       0x10 /home/marco/ARMToolchain/gcc-arm-none-eabi-4_9-2015q2/bin/../lib/gcc/arm-none-eabi/4.9.3/../../../../arm-none-eabi/lib/armv6-m/libc_nano.a(lib_a-memset.o)
                0x0001b210                memset
 .text._exit    0x0001b220        0x4 /home/marco/ARMToolchain/gcc-arm-none-eabi-4_9-2015q2/bin/../lib/gcc/arm-none-eabi/4.9.3/../../../../arm-none-eabi/lib/armv6-m/libnosys.a(_exit.o)
                0x0001b220                _exit
 .text.sd_app_evt_wait
                0x0001b224        0x4 _build/main.o
 .text.startup.main
                0x0001b228       0x30 _build/main.o
                0x0001b228                main
 .text.bust_read_cb
                0x0001b258       0x68 _build/mpu6050.o
 .text.mpu6050_start_burst_read
                0x0001b2c0       0x20 _build/mpu6050.o
                0x0001b2c0                mpu6050_start_burst_read
 .text.mpu6050_init
                0x0001b2e0       0x98 _build/mpu6050.o
                0x0001b2e0                mpu6050_init
 .text.sd_ble_gap_adv_data_set
                0x0001b378        0x4 _build/ble_manager.o
 .text.sd_ble_gap_adv_start
                0x0001b37c        0x4 _build/ble_manager.o
 .text.sd_ble_gap_adv_stop
                0x0001b380        0x4 _build/ble_manager.o
 .text.sd_ble_gap_disconnect
                0x0001b384        0x4 _build/ble_manager.o
 .text.sd_ble_gap_appearance_set
                0x0001b388        0x4 _build/ble_manager.o
 .text.sd_ble_gap_ppcp_set
                0x0001b38c        0x4 _build/ble_manager.o
 .text.sd_ble_gap_device_name_set
                0x0001b390        0x4 _build/ble_manager.o
 .text.sd_ble_gap_sec_params_reply
                0x0001b394        0x4 _build/ble_manager.o
 .text.sd_ble_gatts_sys_attr_set
                0x0001b398        0x4 _build/ble_manager.o
 .text.cube_cfg_data_handler
                0x0001b39c        0x4 _build/ble_manager.o
 .text.conn_params_error_handler
                0x0001b3a0        0x8 _build/ble_manager.o
 .text.ble_evt_dispatch
                0x0001b3a8       0x98 _build/ble_manager.o
 .text.on_conn_params_evt
                0x0001b440       0x24 _build/ble_manager.o
 .text.ble_man_adv_update
                0x0001b464       0x90 _build/ble_manager.o
                0x0001b464                ble_man_adv_update
 .text.ble_man_init
                0x0001b4f4      0x294 _build/ble_manager.o
                0x0001b4f4                ble_man_init
 .text.sd_ble_gatts_service_add
                0x0001b788        0x4 _build/cfg_service.o
 .text.sd_ble_gatts_characteristic_add
                0x0001b78c        0x4 _build/cfg_service.o
 .text.sd_ble_uuid_vs_add
                0x0001b790        0x4 _build/cfg_service.o
 .text.ble_cube_cfg_on_ble_evt
                0x0001b794       0xbc _build/cfg_service.o
                0x0001b794                ble_cube_cfg_on_ble_evt
 .text.ble_cube_cfg_init
                0x0001b850      0x3fc _build/cfg_service.o
                0x0001b850                ble_cube_cfg_init
 .text.ps_cb_handler
                0x0001bc4c       0xf8 _build/memory.o
 .text.sys_evt_dispatch
                0x0001bd44        0x8 _build/memory.o
 .text.memory_is_busy
                0x0001bd4c       0x14 _build/memory.o
                0x0001bd4c                memory_is_busy
 .text.memory_update_field
                0x0001bd60      0x150 _build/memory.o
                0x0001bd60                memory_update_field
 .text.memory_init
                0x0001beb0       0xa8 _build/memory.o
                0x0001beb0                memory_init
 .text.mpu6050_burst_read_callback
                0x0001bf58      0x264 _build/application.o
 .text.update_timeout_handler
                0x0001c1bc       0x28 _build/application.o
 .text.read_timeout_handler
                0x0001c1e4        0x8 _build/application.o
 .text.app_special_op
                0x0001c1ec       0x30 _build/application.o
                0x0001c1ec                app_special_op
 .text.app_init
                0x0001c21c       0x8c _build/application.o
                0x0001c21c                app_init
 .text.app_run  0x0001c2a8        0x4 _build/application.o
                0x0001c2a8                app_run
 .text.app_error_handler_bare
                0x0001c2ac       0x20 _build/app_error.o
                0x0001c2ac                app_error_handler_bare
 .text.app_error_fault_handler
                0x0001c2cc       0x1c _build/app_error_weak.o
                0x0001c2cc                app_error_fault_handler
 .text.rtc1_stop
                0x0001c2e8       0x78 _build/app_timer.o
 .text.RTC1_IRQHandler
                0x0001c360       0xdc _build/app_timer.o
                0x0001c360                RTC1_IRQHandler
 .text.SWI0_IRQHandler
                0x0001c43c      0x448 _build/app_timer.o
                0x0001c43c                SWI0_IRQHandler
 .text.app_timer_init
                0x0001c884       0xe4 _build/app_timer.o
                0x0001c884                app_timer_init
 .text.app_timer_create
                0x0001c968       0x34 _build/app_timer.o
                0x0001c968                app_timer_create
 .text.app_timer_start
                0x0001c99c       0xf8 _build/app_timer.o
                0x0001c99c                app_timer_start
 .text.app_timer_stop
                0x0001ca94       0xc8 _build/app_timer.o
                0x0001ca94                app_timer_stop
 .text.internal_transaction_cb
                0x0001cb5c        0xc _build/app_twi.o
 .text.start_pending_transaction
                0x0001cb68      0x14c _build/app_twi.o
 .text.twi_event_handler
                0x0001ccb4       0xe8 _build/app_twi.o
 .text.app_twi_init
                0x0001cd9c       0x40 _build/app_twi.o
                0x0001cd9c                app_twi_init
 .text.app_twi_schedule
                0x0001cddc       0x6c _build/app_twi.o
                0x0001cddc                app_twi_schedule
 .text.app_twi_perform
                0x0001ce48       0xc8 _build/app_twi.o
                0x0001ce48                app_twi_perform
 .text.app_util_critical_region_enter
                0x0001cf10       0x40 _build/app_util_platform.o
                0x0001cf10                app_util_critical_region_enter
 .text.app_util_critical_region_exit
                0x0001cf50       0x2c _build/app_util_platform.o
                0x0001cf50                app_util_critical_region_exit
 .text.nrf_delay_ms
                0x0001cf7c       0x3c _build/nrf_delay.o
                0x0001cf7c                nrf_delay_ms
 .text.nrf_drv_clock_on_soc_event
                0x0001cfb8       0x24 _build/nrf_drv_clock.o
                0x0001cfb8                nrf_drv_clock_on_soc_event
 .text.nrf_drv_common_irq_enable
                0x0001cfdc       0x80 _build/nrf_drv_common.o
                0x0001cfdc                nrf_drv_common_irq_enable
 .text.GPIOTE_IRQHandler
                0x0001d05c      0x2a8 _build/nrf_drv_gpiote.o
                0x0001d05c                GPIOTE_IRQHandler
 .text.TIMER0_IRQHandler
                0x0001d304       0xb4 _build/nrf_drv_timer.o
                0x0001d304                TIMER0_IRQHandler
 .text.twi_transfer
                0x0001d3b8      0x110 _build/nrf_drv_twi.o
 .text.twi_rx_start_transfer
                0x0001d4c8      0x170 _build/nrf_drv_twi.o
 .text.nrf_drv_twi_init
                0x0001d638      0x1e0 _build/nrf_drv_twi.o
                0x0001d638                nrf_drv_twi_init
 .text.nrf_drv_twi_enable
                0x0001d818       0x24 _build/nrf_drv_twi.o
                0x0001d818                nrf_drv_twi_enable
 .text.nrf_drv_twi_xfer
                0x0001d83c      0x1ac _build/nrf_drv_twi.o
                0x0001d83c                nrf_drv_twi_xfer
 .text.SPI0_TWI0_IRQHandler
                0x0001d9e8      0x364 _build/nrf_drv_twi.o
                0x0001d9e8                SPI0_TWI0_IRQHandler
 .text.sd_flash_write
                0x0001dd4c        0x4 _build/pstorage.o
 .text.sd_flash_page_erase
                0x0001dd50        0x4 _build/pstorage.o
 .text.flash_api_err_code_process
                0x0001dd54       0x60 _build/pstorage.o
 .text.state_entry_action_run
                0x0001ddb4      0x1b4 _build/pstorage.o
 .text.clear_operation_execute
                0x0001df68      0x194 _build/pstorage.o
 .text.unlikely.cmd_queue_enqueue
                0x0001e0fc       0x8c _build/pstorage.o
 .text.tail_restore_state_run
                0x0001e188       0xb4 _build/pstorage.o
 .text.state_write_data_swap_entry_run
                0x0001e23c       0xb0 _build/pstorage.o
 .text.state_restore_head_entry_run
                0x0001e2ec       0xb0 _build/pstorage.o
 .text.data_to_swap_write_state_run
                0x0001e39c       0xa0 _build/pstorage.o
 .text.state_restore_tail_entry_run
                0x0001e43c       0xc0 _build/pstorage.o
 .text.state_erase_data_page_entry_run
                0x0001e4fc       0x70 _build/pstorage.o
 .text.swap_erase_state_run
                0x0001e56c       0xd4 _build/pstorage.o
 .text.state_swap_erase_entry_run
                0x0001e640       0xa4 _build/pstorage.o
 .text.store_cmd_flash_write_execute
                0x0001e6e4      0x120 _build/pstorage.o
 .text.head_restore_state_run
                0x0001e804      0x21c _build/pstorage.o
 .text.data_page_erase_state_run
                0x0001ea20      0x26c _build/pstorage.o
 .text.command_end_procedure_run
                0x0001ec8c       0xb8 _build/pstorage.o
 .text.pstorage_sys_event_handler
                0x0001ed44      0x1cc _build/pstorage.o
                0x0001ed44                pstorage_sys_event_handler
 .text.pstorage_init
                0x0001ef10      0x14c _build/pstorage.o
                0x0001ef10                pstorage_init
 .text.pstorage_register
                0x0001f05c       0xf0 _build/pstorage.o
                0x0001f05c                pstorage_register
 .text.pstorage_block_identifier_get
                0x0001f14c       0x50 _build/pstorage.o
                0x0001f14c                pstorage_block_identifier_get
 .text.pstorage_store
                0x0001f19c       0x88 _build/pstorage.o
                0x0001f19c                pstorage_store
 .text.pstorage_update
                0x0001f224       0x88 _build/pstorage.o
                0x0001f224                pstorage_update
 .text.pstorage_load
                0x0001f2ac       0xa8 _build/pstorage.o
                0x0001f2ac                pstorage_load
 .text.pstorage_clear
                0x0001f354       0x94 _build/pstorage.o
                0x0001f354                pstorage_clear
 .text.UART0_IRQHandler
                0x0001f3e8      0x1a8 _build/nrf_drv_uart.o
                0x0001f3e8                UART0_IRQHandler
 .text.sd_ble_gatts_service_add
                0x0001f590        0x4 _build/ble_bas.o
 .text.sd_ble_gatts_characteristic_add
                0x0001f594        0x4 _build/ble_bas.o
 .text.sd_ble_gatts_descriptor_add
                0x0001f598        0x4 _build/ble_bas.o
 .text.ble_bas_init
                0x0001f59c      0x1dc _build/ble_bas.o
                0x0001f59c                ble_bas_init
 .text.sd_ble_gatts_service_add
                0x0001f778        0x4 _build/ble_dis.o
 .text.sd_ble_gatts_characteristic_add
                0x0001f77c        0x4 _build/ble_dis.o
 .text.char_add
                0x0001f780       0xc8 _build/ble_dis.o
 .text.ble_dis_init
                0x0001f848      0x2ec _build/ble_dis.o
                0x0001f848                ble_dis_init
 .text.sd_ble_gap_conn_param_update
                0x0001fb34        0x4 _build/ble_conn_params.o
 .text.sd_ble_gap_disconnect
                0x0001fb38        0x4 _build/ble_conn_params.o
 .text.sd_ble_gap_ppcp_set
                0x0001fb3c        0x4 _build/ble_conn_params.o
 .text.sd_ble_gap_ppcp_get
                0x0001fb40        0x4 _build/ble_conn_params.o
 .text.update_timeout_handler
                0x0001fb44       0x78 _build/ble_conn_params.o
 .text.conn_params_negotiation
                0x0001fbbc       0x88 _build/ble_conn_params.o
 .text.ble_conn_params_init
                0x0001fc44       0x78 _build/ble_conn_params.o
                0x0001fc44                ble_conn_params_init
 .text.ble_conn_params_on_ble_evt
                0x0001fcbc       0xa4 _build/ble_conn_params.o
                0x0001fcbc                ble_conn_params_on_ble_evt
 .text.ble_srv_report_ref_encode
                0x0001fd60        0xc _build/ble_srv_common.o
                0x0001fd60                ble_srv_report_ref_encode
 .text.ble_srv_ascii_to_utf8
                0x0001fd6c       0x14 _build/ble_srv_common.o
                0x0001fd6c                ble_srv_ascii_to_utf8
 .text.SystemInit
                0x0001fd80       0xec _build/system_nrf51.o
                0x0001fd80                SystemInit
 .text.sd_evt_get
                0x0001fe6c        0x4 _build/softdevice_handler.o
 .text.sd_softdevice_enable
                0x0001fe70        0x4 _build/softdevice_handler.o
 .text.sd_ble_enable
                0x0001fe74        0x4 _build/softdevice_handler.o
 .text.sd_ble_evt_get
                0x0001fe78        0x4 _build/softdevice_handler.o
 .text.softdevice_fault_handler
                0x0001fe7c        0x8 _build/softdevice_handler.o
                0x0001fe7c                softdevice_fault_handler
 .text.intern_softdevice_events_execute.part.0
                0x0001fe84       0xd4 _build/softdevice_handler.o
 .text.softdevice_handler_init
                0x0001ff58       0x7c _build/softdevice_handler.o
                0x0001ff58                softdevice_handler_init
 .text.softdevice_ble_evt_handler_set
                0x0001ffd4       0x14 _build/softdevice_handler.o
                0x0001ffd4                softdevice_ble_evt_handler_set
 .text.softdevice_sys_evt_handler_set
                0x0001ffe8       0x14 _build/softdevice_handler.o
                0x0001ffe8                softdevice_sys_evt_handler_set
 .text.SWI2_IRQHandler
                0x0001fffc       0x30 _build/softdevice_handler.o
                0x0001fffc                SWI2_IRQHandler
 .text.softdevice_enable_get_default_config
                0x0002002c       0x30 _build/softdevice_handler.o
                0x0002002c                softdevice_enable_get_default_config
 .text.sd_check_ram_start
                0x0002005c       0x14 _build/softdevice_handler.o
                0x0002005c                sd_check_ram_start
 .text.softdevice_enable
                0x00020070       0x1c _build/softdevice_handler.o
                0x00020070                softdevice_enable
 .text          0x0002008c       0x4c _build/gcc_startup_nrf51.o
                0x0002008c                Reset_Handler
                0x000200cc                NMI_Handler
                0x000200ce                HardFault_Handler
                0x000200d0                SVC_Handler
                0x000200d2                PendSV_Handler
                0x000200d4                SysTick_Handler
                0x000200d6                TIMER2_IRQHandler
                0x000200d6                RTC0_IRQHandler
                0x000200d6                POWER_CLOCK_IRQHandler
                0x000200d6                RADIO_IRQHandler
                0x000200d6                LPCOMP_IRQHandler
                0x000200d6                SWI4_IRQHandler
                0x000200d6                TEMP_IRQHandler
                0x000200d6                QDEC_IRQHandler
                0x000200d6                SWI5_IRQHandler
                0x000200d6                TIMER1_IRQHandler
                0x000200d6                ECB_IRQHandler
                0x000200d6                Default_Handler
                0x000200d6                ADC_IRQHandler
                0x000200d6                SWI3_IRQHandler
                0x000200d6                CCM_AAR_IRQHandler
                0x000200d6                WDT_IRQHandler
                0x000200d6                RNG_IRQHandler
                0x000200d6                SPI1_TWI1_IRQHandler
                0x000200d6                SWI1_IRQHandler
 .text          0x000200d8      0x120 /home/marco/ARMToolchain/gcc-arm-none-eabi-4_9-2015q2/bin/../lib/gcc/arm-none-eabi/4.9.3/armv6-m/libgcc.a(_udivsi3.o)
                0x000200d8                __udivsi3
                0x000200d8                __aeabi_uidiv
                0x000201e4                __aeabi_uidivmod
 .text          0x000201f8      0x1e0 /home/marco/ARMToolchain/gcc-arm-none-eabi-4_9-2015q2/bin/../lib/gcc/arm-none-eabi/4.9.3/armv6-m/libgcc.a(_divsi3.o)
                0x000201f8                __aeabi_idiv
                0x000201f8                __divsi3
                0x000203c4                __aeabi_idivmod
 .text          0x000203d8        0x4 /home/marco/ARMToolchain/gcc-arm-none-eabi-4_9-2015q2/bin/../lib/gcc/arm-none-eabi/4.9.3/armv6-m/libgcc.a(_dvmd_tls.o)
                0x000203d8                __aeabi_ldiv0
                0x000203d8                __aeabi_idiv0
 .text.memcpy   0x000203dc       0x12 /home/marco/ARMToolchain/gcc-arm-none-eabi-4_9-2015q2/bin/../lib/gcc/arm-none-eabi/4.9.3/../../../../arm-none-eabi/lib/armv6-m/libc_nano.a(lib_a-memcpy.o)
                0x000203dc                memcpy
 *fill*         0x000203ee        0x2 
 .text.sprintf  0x000203f0       0x44 /home/marco/ARMToolchain/gcc-arm-none-eabi-4_9-2015q2/bin/../lib/gcc/arm-none-eabi/4.9.3/../../../../arm-none-eabi/lib/armv6-m/libc_nano.a(lib_a-sprintf.o)
                0x000203f0                sprintf
                0x000203f0                siprintf
 .text.strlen   0x00020434        0xe /home/marco/ARMToolchain/gcc-arm-none-eabi-4_9-2015q2/bin/../lib/gcc/arm-none-eabi/4.9.3/../../../../arm-none-eabi/lib/armv6-m/libc_nano.a(lib_a-strlen.o)
                0x00020434                strlen
 *fill*         0x00020442        0x2 
 .text.__ssputs_r
                0x00020444       0xc0 /home/marco/ARMToolchain/gcc-arm-none-eabi-4_9-2015q2/bin/../lib/gcc/arm-none-eabi/4.9.3/../../../../arm-none-eabi/lib/armv6-m/libc_nano.a(lib_a-nano-svfprintf.o)
                0x00020444                __ssputs_r
 .text._svfprintf_r
                0x00020504      0x1ec /home/marco/ARMToolchain/gcc-arm-none-eabi-4_9-2015q2/bin/../lib/gcc/arm-none-eabi/4.9.3/../../../../arm-none-eabi/lib/armv6-m/libc_nano.a(lib_a-nano-svfprintf.o)
                0x00020504                _svfprintf_r
                0x00020504                _svfiprintf_r
 .text._printf_common
                0x000206f0       0xdc /home/marco/ARMToolchain/gcc-arm-none-eabi-4_9-2015q2/bin/../lib/gcc/arm-none-eabi/4.9.3/../../../../arm-none-eabi/lib/armv6-m/libc_nano.a(lib_a-nano-vfprintf_i.o)
                0x000206f0                _printf_common
 .text._printf_i
                0x000207cc      0x230 /home/marco/ARMToolchain/gcc-arm-none-eabi-4_9-2015q2/bin/../lib/gcc/arm-none-eabi/4.9.3/../../../../arm-none-eabi/lib/armv6-m/libc_nano.a(lib_a-nano-vfprintf_i.o)
                0x000207cc                _printf_i
 .text.memchr   0x000209fc       0x16 /home/marco/ARMToolchain/gcc-arm-none-eabi-4_9-2015q2/bin/../lib/gcc/arm-none-eabi/4.9.3/../../../../arm-none-eabi/lib/armv6-m/libc_nano.a(lib_a-memchr.o)
                0x000209fc                memchr
 .text.memmove  0x00020a12       0x28 /home/marco/ARMToolchain/gcc-arm-none-eabi-4_9-2015q2/bin/../lib/gcc/arm-none-eabi/4.9.3/../../../../arm-none-eabi/lib/armv6-m/libc_nano.a(lib_a-memmove.o)
                0x00020a12                memmove
 *fill*         0x00020a3a        0x2 
 .text._free_r  0x00020a3c       0x8c /home/marco/ARMToolchain/gcc-arm-none-eabi-4_9-2015q2/bin/../lib/gcc/arm-none-eabi/4.9.3/../../../../arm-none-eabi/lib/armv6-m/libc_nano.a(lib_a-nano-freer.o)
                0x00020a3c                _free_r
 .text._malloc_r
                0x00020ac8       0xb0 /home/marco/ARMToolchain/gcc-arm-none-eabi-4_9-2015q2/bin/../lib/gcc/arm-none-eabi/4.9.3/../../../../arm-none-eabi/lib/armv6-m/libc_nano.a(lib_a-nano-mallocr.o)
                0x00020ac8                _malloc_r
 .text._realloc_r
                0x00020b78       0x4c /home/marco/ARMToolchain/gcc-arm-none-eabi-4_9-2015q2/bin/../lib/gcc/arm-none-eabi/4.9.3/../../../../arm-none-eabi/lib/armv6-m/libc_nano.a(lib_a-nano-reallocr.o)
                0x00020b78                _realloc_r
 .text._sbrk_r  0x00020bc4       0x24 /home/marco/ARMToolchain/gcc-arm-none-eabi-4_9-2015q2/bin/../lib/gcc/arm-none-eabi/4.9.3/../../../../arm-none-eabi/lib/armv6-m/libc_nano.a(lib_a-sbrkr.o)
                0x00020bc4                _sbrk_r
 .text._malloc_usable_size_r
                0x00020be8       0x16 /home/marco/ARMToolchain/gcc-arm-none-eabi-4_9-2015q2/bin/../lib/gcc/arm-none-eabi/4.9.3/../../../../arm-none-eabi/lib/armv6-m/libc_nano.a(lib_a-nano-msizer.o)
                0x00020be8                _malloc_usable_size_r
 *fill*         0x00020bfe        0x2 
 .text._sbrk    0x00020c00       0x1c /home/marco/ARMToolchain/gcc-arm-none-eabi-4_9-2015q2/bin/../lib/gcc/arm-none-eabi/4.9.3/../../../../arm-none-eabi/lib/armv6-m/libnosys.a(sbrk.o)
                0x00020c00                _sbrk
 *(.init)
 .init          0x00020c1c        0x4 /home/marco/ARMToolchain/gcc-arm-none-eabi-4_9-2015q2/bin/../lib/gcc/arm-none-eabi/4.9.3/armv6-m/crti.o
                0x00020c1c                _init
 .init          0x00020c20        0x8 /home/marco/ARMToolchain/gcc-arm-none-eabi-4_9-2015q2/bin/../lib/gcc/arm-none-eabi/4.9.3/armv6-m/crtn.o
 *(.fini)
 .fini          0x00020c28        0x4 /home/marco/ARMToolchain/gcc-arm-none-eabi-4_9-2015q2/bin/../lib/gcc/arm-none-eabi/4.9.3/armv6-m/crti.o
                0x00020c28                _fini
 .fini          0x00020c2c        0x8 /home/marco/ARMToolchain/gcc-arm-none-eabi-4_9-2015q2/bin/../lib/gcc/arm-none-eabi/4.9.3/armv6-m/crtn.o
 *crtbegin.o(.ctors)
 *crtbegin?.o(.ctors)
 *(EXCLUDE_FILE(*crtend.o *crtend?.o) .ctors)
 *(SORT(.ctors.*))
 *(.ctors)
 *crtbegin.o(.dtors)
 *crtbegin?.o(.dtors)
 *(EXCLUDE_FILE(*crtend.o *crtend?.o) .dtors)
 *(SORT(.dtors.*))
 *(.dtors)
 *(.rodata*)
 .rodata.str1.1
                0x00020c34        0x2 /home/marco/ARMToolchain/gcc-arm-none-eabi-4_9-2015q2/bin/../lib/gcc/arm-none-eabi/4.9.3/../../../../arm-none-eabi/lib/armv6-m/libc_nano.a(lib_a-impure.o)
 *fill*         0x00020c36        0x2 
 .rodata._global_impure_ptr
                0x00020c38        0x4 /home/marco/ARMToolchain/gcc-arm-none-eabi-4_9-2015q2/bin/../lib/gcc/arm-none-eabi/4.9.3/../../../../arm-none-eabi/lib/armv6-m/libc_nano.a(lib_a-impure.o)
                0x00020c38                _global_impure_ptr
 .rodata        0x00020c3c       0x10 _build/mpu6050.o
 .rodata.transfers.7199
                0x00020c4c       0x10 _build/mpu6050.o
 .rodata.transf_signal_path_reset_data
                0x00020c5c        0x2 _build/mpu6050.o
 *fill*         0x00020c5e        0x2 
 .rodata.transf_gyro_config_data
                0x00020c60        0x2 _build/mpu6050.o
 *fill*         0x00020c62        0x2 
 .rodata.mpu6050_whoami_transfers
                0x00020c64       0x10 _build/mpu6050.o
 .rodata.who_am_i_reg_addr
                0x00020c74        0x1 _build/mpu6050.o
 *fill*         0x00020c75        0x3 
 .rodata.transf_power_mng1_data
                0x00020c78        0x2 _build/mpu6050.o
 *fill*         0x00020c7a        0x2 
 .rodata.transf_config_data
                0x00020c7c        0x2 _build/mpu6050.o
 *fill*         0x00020c7e        0x2 
 .rodata.transf_power_mng2_data
                0x00020c80        0x2 _build/mpu6050.o
 .rodata.xout_high_reg_addr
                0x00020c82        0x1 _build/mpu6050.o
 *fill*         0x00020c83        0x1 
 .rodata.transf_acc_config_data
                0x00020c84        0x2 _build/mpu6050.o
 *fill*         0x00020c86        0x2 
 .rodata.mpu6050_init_transfers
                0x00020c88       0x30 _build/mpu6050.o
 .rodata.transaction.7200
                0x00020cb8       0x10 _build/mpu6050.o
 .rodata.ble_evt_dispatch
                0x00020cc8      0x118 _build/ble_manager.o
 .rodata        0x00020de0        0x4 _build/ble_manager.o
 .rodata.adv_data_packet
                0x00020de4       0x13 _build/ble_manager.o
 *fill*         0x00020df7        0x1 
 .rodata.str1.4
                0x00020df8       0x2c _build/ble_manager.o
                                 0x2b (size before relaxing)
 .rodata        0x00020e24       0x10 _build/cfg_service.o
 .rodata.signature_field
                0x00020e34        0x4 _build/memory.o
 .rodata.default_values
                0x00020e38        0x6 _build/application.o
                0x00020e38                default_values
 *fill*         0x00020e3e        0x2 
 .rodata.ble_update_trigger
                0x00020e40        0x4 _build/application.o
 .rodata.read_trigger
                0x00020e44        0x4 _build/application.o
 .rodata.adv_values
                0x00020e48        0xc _build/application.o
 .rodata.m_default_config
                0x00020e54       0x10 _build/nrf_drv_twi.o
 .rodata.swap_sub_state_sm_lut.6780
                0x00020e64       0x14 _build/pstorage.o
 .rodata.swap_sub_state_sm_lut.6705
                0x00020e78       0x14 _build/pstorage.o
 .rodata.m_conn_params_timer_id
                0x00020e8c        0x4 _build/ble_conn_params.o
 .rodata.str1.1
                0x00020e90       0x11 /home/marco/ARMToolchain/gcc-arm-none-eabi-4_9-2015q2/bin/../lib/gcc/arm-none-eabi/4.9.3/../../../../arm-none-eabi/lib/armv6-m/libc_nano.a(lib_a-nano-svfprintf.o)
 .rodata.str1.1
                0x00020ea1       0x22 /home/marco/ARMToolchain/gcc-arm-none-eabi-4_9-2015q2/bin/../lib/gcc/arm-none-eabi/4.9.3/../../../../arm-none-eabi/lib/armv6-m/libc_nano.a(lib_a-nano-vfprintf_i.o)
 *(.eh_frame*)
 *fill*         0x00020ec3        0x1 
 .eh_frame      0x00020ec4        0x0 /home/marco/ARMToolchain/gcc-arm-none-eabi-4_9-2015q2/bin/../lib/gcc/arm-none-eabi/4.9.3/armv6-m/crtbegin.o
 .eh_frame      0x00020ec4        0x4 /home/marco/ARMToolchain/gcc-arm-none-eabi-4_9-2015q2/bin/../lib/gcc/arm-none-eabi/4.9.3/armv6-m/crtend.o

.glue_7         0x00020ec8        0x0
 .glue_7        0x00000000        0x0 linker stubs

.glue_7t        0x00020ec8        0x0
 .glue_7t       0x00000000        0x0 linker stubs

.vfp11_veneer   0x00020ec8        0x0
 .vfp11_veneer  0x00000000        0x0 linker stubs

.v4_bx          0x00020ec8        0x0
 .v4_bx         0x00000000        0x0 linker stubs

.iplt           0x00020ec8        0x0
 .iplt          0x00000000        0x0 /home/marco/ARMToolchain/gcc-arm-none-eabi-4_9-2015q2/bin/../lib/gcc/arm-none-eabi/4.9.3/armv6-m/crtbegin.o

.ARM.extab
 *(.ARM.extab* .gnu.linkonce.armextab.*)
                0x00020ec8                __exidx_start = .

.ARM.exidx      0x00020ec8        0x8
 *(.ARM.exidx* .gnu.linkonce.armexidx.*)
 .ARM.exidx     0x00020ec8        0x8 /home/marco/ARMToolchain/gcc-arm-none-eabi-4_9-2015q2/bin/../lib/gcc/arm-none-eabi/4.9.3/../../../../arm-none-eabi/lib/armv6-m/crt0.o
                0x00020ed0                __exidx_end = .
                0x00020ed0                __etext = .

.rel.dyn        0x00020ed0        0x0
 .rel.iplt      0x00000000        0x0 /home/marco/ARMToolchain/gcc-arm-none-eabi-4_9-2015q2/bin/../lib/gcc/arm-none-eabi/4.9.3/armv6-m/crtbegin.o

.data           0x20002800       0x98 load address 0x00020ed0
                0x20002800                __data_start__ = .
 *(vtable)
 *(.data*)
 .data.impure_data
                0x20002800       0x60 /home/marco/ARMToolchain/gcc-arm-none-eabi-4_9-2015q2/bin/../lib/gcc/arm-none-eabi/4.9.3/../../../../arm-none-eabi/lib/armv6-m/libc_nano.a(lib_a-impure.o)
 .data._impure_ptr
                0x20002860        0x4 /home/marco/ARMToolchain/gcc-arm-none-eabi-4_9-2015q2/bin/../lib/gcc/arm-none-eabi/4.9.3/../../../../arm-none-eabi/lib/armv6-m/libc_nano.a(lib_a-impure.o)
                0x20002860                _impure_ptr
 .data.m_app_twi
                0x20002864       0x18 _build/mpu6050.o
 .data.device_name
                0x2000287c        0xb _build/ble_manager.o
 *fill*         0x20002887        0x1 
 .data.m_conn_handle
                0x20002888        0x2 _build/ble_manager.o
 .data.curr_state
                0x2000288a        0x1 _build/memory.o
 .data.last_motion_state_index
                0x2000288b        0x1 _build/application.o
                0x2000288c                . = ALIGN (0x4)
                0x2000288c                PROVIDE (__preinit_array_start, .)
 *(.preinit_array)
                0x2000288c                PROVIDE (__preinit_array_end, .)
                0x2000288c                . = ALIGN (0x4)
                0x2000288c                PROVIDE (__init_array_start, .)
 *(SORT(.init_array.*))
 *(.init_array)
 .init_array    0x2000288c        0x4 /home/marco/ARMToolchain/gcc-arm-none-eabi-4_9-2015q2/bin/../lib/gcc/arm-none-eabi/4.9.3/armv6-m/crtbegin.o
                0x20002890                PROVIDE (__init_array_end, .)
                0x20002890                . = ALIGN (0x4)
                0x20002890                PROVIDE (__fini_array_start, .)
 *(SORT(.fini_array.*))
 *(.fini_array)
 .fini_array    0x20002890        0x4 /home/marco/ARMToolchain/gcc-arm-none-eabi-4_9-2015q2/bin/../lib/gcc/arm-none-eabi/4.9.3/armv6-m/crtbegin.o
                0x20002894                PROVIDE (__fini_array_end, .)
 *(.jcr*)
 .jcr           0x20002894        0x0 /home/marco/ARMToolchain/gcc-arm-none-eabi-4_9-2015q2/bin/../lib/gcc/arm-none-eabi/4.9.3/armv6-m/crtbegin.o
 .jcr           0x20002894        0x4 /home/marco/ARMToolchain/gcc-arm-none-eabi-4_9-2015q2/bin/../lib/gcc/arm-none-eabi/4.9.3/armv6-m/crtend.o
                0x20002898                . = ALIGN (0x4)
                0x20002898                __data_end__ = .

.igot.plt       0x20002898        0x0 load address 0x00020f68
 .igot.plt      0x00000000        0x0 /home/marco/ARMToolchain/gcc-arm-none-eabi-4_9-2015q2/bin/../lib/gcc/arm-none-eabi/4.9.3/armv6-m/crtbegin.o

.bss            0x20002898      0x61c load address 0x00020f68
                0x20002898                . = ALIGN (0x4)
                0x20002898                __bss_start__ = .
 *(.bss*)
 .bss           0x20002898       0x1c /home/marco/ARMToolchain/gcc-arm-none-eabi-4_9-2015q2/bin/../lib/gcc/arm-none-eabi/4.9.3/armv6-m/crtbegin.o
 .bss.APP_TIMER_BUF.8289
                0x200028b4      0x1c8 _build/main.o
 .bss.final_values
                0x20002a7c        0xe _build/mpu6050.o
 *fill*         0x20002a8a        0x2 
 .bss.queue_buffer.7193
                0x20002a8c       0x24 _build/mpu6050.o
 .bss.m_buffer  0x20002ab0        0xe _build/mpu6050.o
 *fill*         0x20002abe        0x2 
 .bss.app_burst_read_handler
                0x20002ac0        0x4 _build/mpu6050.o
 .bss.adv_active
                0x20002ac4        0x1 _build/ble_manager.o
 *fill*         0x20002ac5        0x3 
 .bss.BLE_EVT_BUFFER.8677
                0x20002ac8       0x48 _build/ble_manager.o
 .bss.m_cube_cfg
                0x20002b10       0x34 _build/ble_manager.o
 .bss.m_adv_params
                0x20002b44       0x18 _build/ble_manager.o
 .bss.m_bas     0x20002b5c       0x18 _build/ble_manager.o
 .bss.temp_data
                0x20002b74       0x10 _build/memory.o
 .bss.block_handle
                0x20002b84        0x8 _build/memory.o
 .bss.base_handle
                0x20002b8c        0x8 _build/memory.o
 .bss.p_def_values
                0x20002b94        0x4 _build/memory.o
 .bss.ps_signature
                0x20002b98        0x4 _build/memory.o
 .bss.motion_codified
                0x20002b9c        0x2 _build/application.o
 *fill*         0x20002b9e        0x2 
 .bss.ble_update_trigger_data
                0x20002ba0       0x20 _build/application.o
 .bss.update_timer_running
                0x20002bc0        0x1 _build/application.o
 *fill*         0x20002bc1        0x3 
 .bss.read_trigger_data
                0x20002bc4       0x20 _build/application.o
 .bss.m_ticks_latest
                0x20002be4        0x4 _build/app_timer.o
 .bss.mp_timer_id_head
                0x20002be8        0x4 _build/app_timer.o
 .bss.m_evt_schedule_func
                0x20002bec        0x4 _build/app_timer.o
 .bss.m_user_array_size
                0x20002bf0        0x1 _build/app_timer.o
 *fill*         0x20002bf1        0x3 
 .bss.mp_users  0x20002bf4        0x4 _build/app_timer.o
 .bss.m_ticks_elapsed_q_read_ind
                0x20002bf8        0x1 _build/app_timer.o
 .bss.m_ticks_elapsed_q_write_ind
                0x20002bf9        0x1 _build/app_timer.o
 .bss.m_rtc1_reset
                0x20002bfa        0x1 _build/app_timer.o
 *fill*         0x20002bfb        0x1 
 .bss.m_ticks_elapsed
                0x20002bfc        0x8 _build/app_timer.o
 .bss.m_rtc1_running
                0x20002c04        0x1 _build/app_timer.o
 *fill*         0x20002c05        0x3 
 .bss.m_clock_cb
                0x20002c08        0xc _build/nrf_drv_clock.o
 .bss.m_cb      0x20002c14       0x48 _build/nrf_drv_gpiote.o
 .bss.m_cb      0x20002c5c        0xc _build/nrf_drv_timer.o
 .bss.m_cb      0x20002c68       0x28 _build/nrf_drv_twi.o
 .bss.m_cmd_queue
                0x20002c90       0xcc _build/pstorage.o
 .bss.m_num_of_bytes_written
                0x20002d5c        0x4 _build/pstorage.o
 .bss.m_tail_word_size
                0x20002d60        0x4 _build/pstorage.o
 .bss.m_app_table
                0x20002d64        0xc _build/pstorage.o
 .bss.m_next_app_instance
                0x20002d70        0x2 _build/pstorage.o
 *fill*         0x20002d72        0x2 
 .bss.m_next_page_addr
                0x20002d74        0x4 _build/pstorage.o
 .bss.m_flags   0x20002d78        0x4 _build/pstorage.o
 .bss.m_swap_sub_state
                0x20002d7c        0x1 _build/pstorage.o
 .bss.m_state   0x20002d7d        0x1 _build/pstorage.o
 *fill*         0x20002d7e        0x2 
 .bss.m_app_data_size
                0x20002d80        0x4 _build/pstorage.o
 .bss.m_num_of_command_retries
                0x20002d84        0x4 _build/pstorage.o
 .bss.m_head_word_size
                0x20002d88        0x4 _build/pstorage.o
 .bss.m_current_page_id
                0x20002d8c        0x4 _build/pstorage.o
 .bss.m_cb      0x20002d90       0x1c _build/nrf_drv_uart.o
 .bss.sw_rev_handles
                0x20002dac        0x8 _build/ble_dis.o
 .bss.model_num_handles
                0x20002db4        0x8 _build/ble_dis.o
 .bss.sys_id_handles
                0x20002dbc        0x8 _build/ble_dis.o
 .bss.manufact_name_handles
                0x20002dc4        0x8 _build/ble_dis.o
 .bss.reg_cert_data_list_handles
                0x20002dcc        0x8 _build/ble_dis.o
 .bss.pnp_id_handles
                0x20002dd4        0x8 _build/ble_dis.o
 .bss.hw_rev_handles
                0x20002ddc        0x8 _build/ble_dis.o
 .bss.serial_num_handles
                0x20002de4        0x8 _build/ble_dis.o
 .bss.fw_rev_handles
                0x20002dec        0x8 _build/ble_dis.o
 .bss.service_handle
                0x20002df4        0x2 _build/ble_dis.o
 .bss.m_change_param
                0x20002df6        0x1 _build/ble_conn_params.o
 *fill*         0x20002df7        0x1 
 .bss.m_current_conn_params
                0x20002df8        0x8 _build/ble_conn_params.o
 .bss.m_update_count
                0x20002e00        0x1 _build/ble_conn_params.o
 *fill*         0x20002e01        0x3 
 .bss.m_conn_params_config
                0x20002e04       0x1c _build/ble_conn_params.o
 .bss.m_conn_params_timer_id_data
                0x20002e20       0x20 _build/ble_conn_params.o
 .bss.m_conn_handle
                0x20002e40        0x2 _build/ble_conn_params.o
 *fill*         0x20002e42        0x2 
 .bss.m_preferred_conn_params
                0x20002e44        0x8 _build/ble_conn_params.o
 .bss.m_softdevice_enabled
                0x20002e4c        0x1 _build/softdevice_handler.o
 *fill*         0x20002e4d        0x1 
 .bss.m_ble_evt_buffer_size
                0x20002e4e        0x2 _build/softdevice_handler.o
 .bss.mp_ble_evt_buffer
                0x20002e50        0x4 _build/softdevice_handler.o
 .bss.m_sys_evt_handler
                0x20002e54        0x4 _build/softdevice_handler.o
 .bss.m_ble_evt_handler
                0x20002e58        0x4 _build/softdevice_handler.o
 .bss.m_evt_schedule_func
                0x20002e5c        0x4 _build/softdevice_handler.o
 .bss.__malloc_sbrk_start
                0x20002e60        0x4 /home/marco/ARMToolchain/gcc-arm-none-eabi-4_9-2015q2/bin/../lib/gcc/arm-none-eabi/4.9.3/../../../../arm-none-eabi/lib/armv6-m/libc_nano.a(lib_a-nano-mallocr.o)
                0x20002e60                __malloc_sbrk_start
 .bss.__malloc_free_list
                0x20002e64        0x4 /home/marco/ARMToolchain/gcc-arm-none-eabi-4_9-2015q2/bin/../lib/gcc/arm-none-eabi/4.9.3/../../../../arm-none-eabi/lib/armv6-m/libc_nano.a(lib_a-nano-mallocr.o)
                0x20002e64                __malloc_free_list
 .bss.heap_end.4079
                0x20002e68        0x4 /home/marco/ARMToolchain/gcc-arm-none-eabi-4_9-2015q2/bin/../lib/gcc/arm-none-eabi/4.9.3/../../../../arm-none-eabi/lib/armv6-m/libnosys.a(sbrk.o)
 *(COMMON)
 COMMON         0x20002e6c       0x33 _build/ble_manager.o
                0x20002e6c                scan_resp_data
                0x20002e8c                adv_data
 *fill*         0x20002e9f        0x1 
 COMMON         0x20002ea0        0x6 _build/memory.o
                0x20002ea0                char_values
 *fill*         0x20002ea6        0x2 
 COMMON         0x20002ea8        0x8 _build/softdevice_handler.o
                0x20002ea8                nrf_nvic_state
 COMMON         0x20002eb0        0x4 /home/marco/ARMToolchain/gcc-arm-none-eabi-4_9-2015q2/bin/../lib/gcc/arm-none-eabi/4.9.3/../../../../arm-none-eabi/lib/armv6-m/libc_nano.a(lib_a-reent.o)
                0x20002eb0                errno
                0x20002eb4                . = ALIGN (0x4)
                0x20002eb4                __bss_end__ = .

.heap           0x20002eb8      0x800
                0x20002eb8                __end__ = .
                0x20002eb8                PROVIDE (end, .)
 *(.heap*)
 .heap          0x20002eb8      0x800 _build/gcc_startup_nrf51.o
                0x20002eb8                __HeapBase
                0x200036b8                __HeapLimit = .

.stack_dummy    0x20002eb8      0x800
 *(.stack*)
 .stack         0x20002eb8      0x800 _build/gcc_startup_nrf51.o
                0x20004000                __StackTop = (ORIGIN (RAM) + 0x1800)
                0x20003800                __StackLimit = (__StackTop - SIZEOF (.stack_dummy))
                0x20004000                PROVIDE (__stack, __StackTop)
                0x00000001                ASSERT ((__StackLimit >= __HeapLimit), region RAM overflowed with stack)
OUTPUT(_build/ble_controller_s130.out elf32-littlearm)

.ARM.attributes
                0x00000000       0x28
 .ARM.attributes
                0x00000000       0x1e /home/marco/ARMToolchain/gcc-arm-none-eabi-4_9-2015q2/bin/../lib/gcc/arm-none-eabi/4.9.3/armv6-m/crti.o
 .ARM.attributes
                0x0000001e       0x2c /home/marco/ARMToolchain/gcc-arm-none-eabi-4_9-2015q2/bin/../lib/gcc/arm-none-eabi/4.9.3/armv6-m/crtbegin.o
 .ARM.attributes
                0x0000004a       0x1b /home/marco/ARMToolchain/gcc-arm-none-eabi-4_9-2015q2/bin/../lib/gcc/arm-none-eabi/4.9.3/../../../../arm-none-eabi/lib/armv6-m/crt0.o
 .ARM.attributes
                0x00000065       0x2c /home/marco/ARMToolchain/gcc-arm-none-eabi-4_9-2015q2/bin/../lib/gcc/arm-none-eabi/4.9.3/../../../../arm-none-eabi/lib/armv6-m/libc_nano.a(lib_a-exit.o)
 .ARM.attributes
                0x00000091       0x2c /home/marco/ARMToolchain/gcc-arm-none-eabi-4_9-2015q2/bin/../lib/gcc/arm-none-eabi/4.9.3/../../../../arm-none-eabi/lib/armv6-m/libc_nano.a(lib_a-impure.o)
 .ARM.attributes
                0x000000bd       0x2c /home/marco/ARMToolchain/gcc-arm-none-eabi-4_9-2015q2/bin/../lib/gcc/arm-none-eabi/4.9.3/../../../../arm-none-eabi/lib/armv6-m/libc_nano.a(lib_a-init.o)
 .ARM.attributes
                0x000000e9       0x2c /home/marco/ARMToolchain/gcc-arm-none-eabi-4_9-2015q2/bin/../lib/gcc/arm-none-eabi/4.9.3/../../../../arm-none-eabi/lib/armv6-m/libc_nano.a(lib_a-memset.o)
 .ARM.attributes
                0x00000115       0x2c /home/marco/ARMToolchain/gcc-arm-none-eabi-4_9-2015q2/bin/../lib/gcc/arm-none-eabi/4.9.3/../../../../arm-none-eabi/lib/armv6-m/libnosys.a(_exit.o)
 .ARM.attributes
                0x00000141       0x31 _build/main.o
 .ARM.attributes
                0x00000172       0x31 _build/mpu6050.o
 .ARM.attributes
                0x000001a3       0x31 _build/ble_manager.o
 .ARM.attributes
                0x000001d4       0x31 _build/cfg_service.o
 .ARM.attributes
                0x00000205       0x31 _build/memory.o
 .ARM.attributes
                0x00000236       0x31 _build/application.o
 .ARM.attributes
                0x00000267       0x31 _build/app_error.o
 .ARM.attributes
                0x00000298       0x31 _build/app_error_weak.o
 .ARM.attributes
                0x000002c9       0x31 _build/app_timer.o
 .ARM.attributes
                0x000002fa       0x31 _build/app_twi.o
 .ARM.attributes
                0x0000032b       0x31 _build/app_util_platform.o
 .ARM.attributes
                0x0000035c       0x31 _build/nrf_delay.o
 .ARM.attributes
                0x0000038d       0x31 _build/nrf_drv_clock.o
 .ARM.attributes
                0x000003be       0x31 _build/nrf_drv_common.o
 .ARM.attributes
                0x000003ef       0x31 _build/nrf_drv_gpiote.o
 .ARM.attributes
                0x00000420       0x31 _build/nrf_drv_timer.o
 .ARM.attributes
                0x00000451       0x31 _build/nrf_drv_twi.o
 .ARM.attributes
                0x00000482       0x31 _build/pstorage.o
 .ARM.attributes
                0x000004b3       0x31 _build/nrf_drv_uart.o
 .ARM.attributes
                0x000004e4       0x31 _build/ble_bas.o
 .ARM.attributes
                0x00000515       0x31 _build/ble_dis.o
 .ARM.attributes
                0x00000546       0x31 _build/ble_conn_params.o
 .ARM.attributes
                0x00000577       0x31 _build/ble_srv_common.o
 .ARM.attributes
                0x000005a8       0x31 _build/system_nrf51.o
 .ARM.attributes
                0x000005d9       0x31 _build/softdevice_handler.o
 .ARM.attributes
                0x0000060a       0x1b _build/gcc_startup_nrf51.o
 .ARM.attributes
                0x00000625       0x1e /home/marco/ARMToolchain/gcc-arm-none-eabi-4_9-2015q2/bin/../lib/gcc/arm-none-eabi/4.9.3/armv6-m/libgcc.a(_udivsi3.o)
 .ARM.attributes
                0x00000643       0x1e /home/marco/ARMToolchain/gcc-arm-none-eabi-4_9-2015q2/bin/../lib/gcc/arm-none-eabi/4.9.3/armv6-m/libgcc.a(_divsi3.o)
 .ARM.attributes
                0x00000661       0x1e /home/marco/ARMToolchain/gcc-arm-none-eabi-4_9-2015q2/bin/../lib/gcc/arm-none-eabi/4.9.3/armv6-m/libgcc.a(_dvmd_tls.o)
 .ARM.attributes
                0x0000067f       0x2c /home/marco/ARMToolchain/gcc-arm-none-eabi-4_9-2015q2/bin/../lib/gcc/arm-none-eabi/4.9.3/../../../../arm-none-eabi/lib/armv6-m/libc_nano.a(lib_a-memcpy.o)
 .ARM.attributes
                0x000006ab       0x2c /home/marco/ARMToolchain/gcc-arm-none-eabi-4_9-2015q2/bin/../lib/gcc/arm-none-eabi/4.9.3/../../../../arm-none-eabi/lib/armv6-m/libc_nano.a(lib_a-sprintf.o)
 .ARM.attributes
                0x000006d7       0x2c /home/marco/ARMToolchain/gcc-arm-none-eabi-4_9-2015q2/bin/../lib/gcc/arm-none-eabi/4.9.3/../../../../arm-none-eabi/lib/armv6-m/libc_nano.a(lib_a-strlen.o)
 .ARM.attributes
                0x00000703       0x2c /home/marco/ARMToolchain/gcc-arm-none-eabi-4_9-2015q2/bin/../lib/gcc/arm-none-eabi/4.9.3/../../../../arm-none-eabi/lib/armv6-m/libc_nano.a(lib_a-nano-svfprintf.o)
 .ARM.attributes
                0x0000072f       0x2c /home/marco/ARMToolchain/gcc-arm-none-eabi-4_9-2015q2/bin/../lib/gcc/arm-none-eabi/4.9.3/../../../../arm-none-eabi/lib/armv6-m/libc_nano.a(lib_a-nano-vfprintf_i.o)
 .ARM.attributes
                0x0000075b       0x2c /home/marco/ARMToolchain/gcc-arm-none-eabi-4_9-2015q2/bin/../lib/gcc/arm-none-eabi/4.9.3/../../../../arm-none-eabi/lib/armv6-m/libc_nano.a(lib_a-memchr.o)
 .ARM.attributes
                0x00000787       0x2c /home/marco/ARMToolchain/gcc-arm-none-eabi-4_9-2015q2/bin/../lib/gcc/arm-none-eabi/4.9.3/../../../../arm-none-eabi/lib/armv6-m/libc_nano.a(lib_a-memmove.o)
 .ARM.attributes
                0x000007b3       0x2c /home/marco/ARMToolchain/gcc-arm-none-eabi-4_9-2015q2/bin/../lib/gcc/arm-none-eabi/4.9.3/../../../../arm-none-eabi/lib/armv6-m/libc_nano.a(lib_a-nano-freer.o)
 .ARM.attributes
                0x000007df       0x2c /home/marco/ARMToolchain/gcc-arm-none-eabi-4_9-2015q2/bin/../lib/gcc/arm-none-eabi/4.9.3/../../../../arm-none-eabi/lib/armv6-m/libc_nano.a(lib_a-nano-mallocr.o)
 .ARM.attributes
                0x0000080b       0x2c /home/marco/ARMToolchain/gcc-arm-none-eabi-4_9-2015q2/bin/../lib/gcc/arm-none-eabi/4.9.3/../../../../arm-none-eabi/lib/armv6-m/libc_nano.a(lib_a-nano-reallocr.o)
 .ARM.attributes
                0x00000837       0x2c /home/marco/ARMToolchain/gcc-arm-none-eabi-4_9-2015q2/bin/../lib/gcc/arm-none-eabi/4.9.3/../../../../arm-none-eabi/lib/armv6-m/libc_nano.a(lib_a-sbrkr.o)
 .ARM.attributes
                0x00000863       0x2c /home/marco/ARMToolchain/gcc-arm-none-eabi-4_9-2015q2/bin/../lib/gcc/arm-none-eabi/4.9.3/../../../../arm-none-eabi/lib/armv6-m/libc_nano.a(lib_a-nano-msizer.o)
 .ARM.attributes
                0x0000088f       0x2c /home/marco/ARMToolchain/gcc-arm-none-eabi-4_9-2015q2/bin/../lib/gcc/arm-none-eabi/4.9.3/../../../../arm-none-eabi/lib/armv6-m/libc_nano.a(lib_a-reent.o)
 .ARM.attributes
                0x000008bb       0x2c /home/marco/ARMToolchain/gcc-arm-none-eabi-4_9-2015q2/bin/../lib/gcc/arm-none-eabi/4.9.3/armv6-m/crtend.o
 .ARM.attributes
                0x000008e7       0x1e /home/marco/ARMToolchain/gcc-arm-none-eabi-4_9-2015q2/bin/../lib/gcc/arm-none-eabi/4.9.3/armv6-m/crtn.o
 .ARM.attributes
                0x00000905       0x2c /home/marco/ARMToolchain/gcc-arm-none-eabi-4_9-2015q2/bin/../lib/gcc/arm-none-eabi/4.9.3/../../../../arm-none-eabi/lib/armv6-m/libnosys.a(sbrk.o)

.comment        0x00000000       0x70
 .comment       0x00000000       0x70 _build/main.o
                                 0x71 (size before relaxing)
 .comment       0x00000000       0x71 _build/mpu6050.o
 .comment       0x00000000       0x71 _build/ble_manager.o
 .comment       0x00000000       0x71 _build/cfg_service.o
 .comment       0x00000000       0x71 _build/memory.o
 .comment       0x00000000       0x71 _build/application.o
 .comment       0x00000000       0x71 _build/app_error.o
 .comment       0x00000000       0x71 _build/app_error_weak.o
 .comment       0x00000000       0x71 _build/app_timer.o
 .comment       0x00000000       0x71 _build/app_twi.o
 .comment       0x00000000       0x71 _build/app_util_platform.o
 .comment       0x00000000       0x71 _build/nrf_delay.o
 .comment       0x00000000       0x71 _build/nrf_drv_clock.o
 .comment       0x00000000       0x71 _build/nrf_drv_common.o
 .comment       0x00000000       0x71 _build/nrf_drv_gpiote.o
 .comment       0x00000000       0x71 _build/nrf_drv_timer.o
 .comment       0x00000000       0x71 _build/nrf_drv_twi.o
 .comment       0x00000000       0x71 _build/pstorage.o
 .comment       0x00000000       0x71 _build/nrf_drv_uart.o
 .comment       0x00000000       0x71 _build/ble_bas.o
 .comment       0x00000000       0x71 _build/ble_dis.o
 .comment       0x00000000       0x71 _build/ble_conn_params.o
 .comment       0x00000000       0x71 _build/ble_srv_common.o
 .comment       0x00000000       0x71 _build/system_nrf51.o
 .comment       0x00000000       0x71 _build/softdevice_handler.o

.debug_frame    0x00000000      0x3b8
 .debug_frame   0x00000000       0x28 /home/marco/ARMToolchain/gcc-arm-none-eabi-4_9-2015q2/bin/../lib/gcc/arm-none-eabi/4.9.3/../../../../arm-none-eabi/lib/armv6-m/libc_nano.a(lib_a-exit.o)
 .debug_frame   0x00000028       0x2c /home/marco/ARMToolchain/gcc-arm-none-eabi-4_9-2015q2/bin/../lib/gcc/arm-none-eabi/4.9.3/../../../../arm-none-eabi/lib/armv6-m/libc_nano.a(lib_a-init.o)
 .debug_frame   0x00000054       0x20 /home/marco/ARMToolchain/gcc-arm-none-eabi-4_9-2015q2/bin/../lib/gcc/arm-none-eabi/4.9.3/../../../../arm-none-eabi/lib/armv6-m/libc_nano.a(lib_a-memset.o)
 .debug_frame   0x00000074       0x20 /home/marco/ARMToolchain/gcc-arm-none-eabi-4_9-2015q2/bin/../lib/gcc/arm-none-eabi/4.9.3/../../../../arm-none-eabi/lib/armv6-m/libnosys.a(_exit.o)
 .debug_frame   0x00000094       0x20 /home/marco/ARMToolchain/gcc-arm-none-eabi-4_9-2015q2/bin/../lib/gcc/arm-none-eabi/4.9.3/armv6-m/libgcc.a(_udivsi3.o)
 .debug_frame   0x000000b4       0x20 /home/marco/ARMToolchain/gcc-arm-none-eabi-4_9-2015q2/bin/../lib/gcc/arm-none-eabi/4.9.3/armv6-m/libgcc.a(_divsi3.o)
 .debug_frame   0x000000d4       0x28 /home/marco/ARMToolchain/gcc-arm-none-eabi-4_9-2015q2/bin/../lib/gcc/arm-none-eabi/4.9.3/../../../../arm-none-eabi/lib/armv6-m/libc_nano.a(lib_a-memcpy.o)
 .debug_frame   0x000000fc       0x50 /home/marco/ARMToolchain/gcc-arm-none-eabi-4_9-2015q2/bin/../lib/gcc/arm-none-eabi/4.9.3/../../../../arm-none-eabi/lib/armv6-m/libc_nano.a(lib_a-sprintf.o)
 .debug_frame   0x0000014c       0x20 /home/marco/ARMToolchain/gcc-arm-none-eabi-4_9-2015q2/bin/../lib/gcc/arm-none-eabi/4.9.3/../../../../arm-none-eabi/lib/armv6-m/libc_nano.a(lib_a-strlen.o)
 .debug_frame   0x0000016c       0x74 /home/marco/ARMToolchain/gcc-arm-none-eabi-4_9-2015q2/bin/../lib/gcc/arm-none-eabi/4.9.3/../../../../arm-none-eabi/lib/armv6-m/libc_nano.a(lib_a-nano-svfprintf.o)
 .debug_frame   0x000001e0       0x54 /home/marco/ARMToolchain/gcc-arm-none-eabi-4_9-2015q2/bin/../lib/gcc/arm-none-eabi/4.9.3/../../../../arm-none-eabi/lib/armv6-m/libc_nano.a(lib_a-nano-vfprintf_i.o)
 .debug_frame   0x00000234       0x20 /home/marco/ARMToolchain/gcc-arm-none-eabi-4_9-2015q2/bin/../lib/gcc/arm-none-eabi/4.9.3/../../../../arm-none-eabi/lib/armv6-m/libc_nano.a(lib_a-memchr.o)
 .debug_frame   0x00000254       0x28 /home/marco/ARMToolchain/gcc-arm-none-eabi-4_9-2015q2/bin/../lib/gcc/arm-none-eabi/4.9.3/../../../../arm-none-eabi/lib/armv6-m/libc_nano.a(lib_a-memmove.o)
 .debug_frame   0x0000027c       0x2c /home/marco/ARMToolchain/gcc-arm-none-eabi-4_9-2015q2/bin/../lib/gcc/arm-none-eabi/4.9.3/../../../../arm-none-eabi/lib/armv6-m/libc_nano.a(lib_a-nano-freer.o)
 .debug_frame   0x000002a8       0x2c /home/marco/ARMToolchain/gcc-arm-none-eabi-4_9-2015q2/bin/../lib/gcc/arm-none-eabi/4.9.3/../../../../arm-none-eabi/lib/armv6-m/libc_nano.a(lib_a-nano-mallocr.o)
 .debug_frame   0x000002d4       0x30 /home/marco/ARMToolchain/gcc-arm-none-eabi-4_9-2015q2/bin/../lib/gcc/arm-none-eabi/4.9.3/../../../../arm-none-eabi/lib/armv6-m/libc_nano.a(lib_a-nano-reallocr.o)
 .debug_frame   0x00000304       0x2c /home/marco/ARMToolchain/gcc-arm-none-eabi-4_9-2015q2/bin/../lib/gcc/arm-none-eabi/4.9.3/../../../../arm-none-eabi/lib/armv6-m/libc_nano.a(lib_a-sbrkr.o)
 .debug_frame   0x00000330       0x20 /home/marco/ARMToolchain/gcc-arm-none-eabi-4_9-2015q2/bin/../lib/gcc/arm-none-eabi/4.9.3/../../../../arm-none-eabi/lib/armv6-m/libc_nano.a(lib_a-nano-msizer.o)
 .debug_frame   0x00000350       0x48 /home/marco/ARMToolchain/gcc-arm-none-eabi-4_9-2015q2/bin/../lib/gcc/arm-none-eabi/4.9.3/../../../../arm-none-eabi/lib/armv6-m/libc_nano.a(lib_a-reent.o)
 .debug_frame   0x00000398       0x20 /home/marco/ARMToolchain/gcc-arm-none-eabi-4_9-2015q2/bin/../lib/gcc/arm-none-eabi/4.9.3/../../../../arm-none-eabi/lib/armv6-m/libnosys.a(sbrk.o)
