Archive member included because of file (symbol)

/home/marco/ARMToolchain/gcc-arm-none-eabi-4_9-2015q2/bin/../lib/gcc/arm-none-eabi/4.9.3/../../../../arm-none-eabi/lib/armv6-m/libc_nano.a(lib_a-exit.o)
                              /home/marco/ARMToolchain/gcc-arm-none-eabi-4_9-2015q2/bin/../lib/gcc/arm-none-eabi/4.9.3/../../../../arm-none-eabi/lib/armv6-m/crt0.o (exit)
/home/marco/ARMToolchain/gcc-arm-none-eabi-4_9-2015q2/bin/../lib/gcc/arm-none-eabi/4.9.3/../../../../arm-none-eabi/lib/armv6-m/libc_nano.a(lib_a-impure.o)
                              /home/marco/ARMToolchain/gcc-arm-none-eabi-4_9-2015q2/bin/../lib/gcc/arm-none-eabi/4.9.3/../../../../arm-none-eabi/lib/armv6-m/libc_nano.a(lib_a-exit.o) (_global_impure_ptr)
/home/marco/ARMToolchain/gcc-arm-none-eabi-4_9-2015q2/bin/../lib/gcc/arm-none-eabi/4.9.3/../../../../arm-none-eabi/lib/armv6-m/libc_nano.a(lib_a-init.o)
                              /home/marco/ARMToolchain/gcc-arm-none-eabi-4_9-2015q2/bin/../lib/gcc/arm-none-eabi/4.9.3/../../../../arm-none-eabi/lib/armv6-m/crt0.o (__libc_init_array)
/home/marco/ARMToolchain/gcc-arm-none-eabi-4_9-2015q2/bin/../lib/gcc/arm-none-eabi/4.9.3/../../../../arm-none-eabi/lib/armv6-m/libc_nano.a(lib_a-memset.o)
                              /home/marco/ARMToolchain/gcc-arm-none-eabi-4_9-2015q2/bin/../lib/gcc/arm-none-eabi/4.9.3/../../../../arm-none-eabi/lib/armv6-m/crt0.o (memset)
/home/marco/ARMToolchain/gcc-arm-none-eabi-4_9-2015q2/bin/../lib/gcc/arm-none-eabi/4.9.3/../../../../arm-none-eabi/lib/armv6-m/libnosys.a(_exit.o)
                              /home/marco/ARMToolchain/gcc-arm-none-eabi-4_9-2015q2/bin/../lib/gcc/arm-none-eabi/4.9.3/../../../../arm-none-eabi/lib/armv6-m/libc_nano.a(lib_a-exit.o) (_exit)
/home/marco/ARMToolchain/gcc-arm-none-eabi-4_9-2015q2/bin/../lib/gcc/arm-none-eabi/4.9.3/armv6-m/libgcc.a(_udivsi3.o)
                              _build/pstorage.o (__aeabi_uidiv)
/home/marco/ARMToolchain/gcc-arm-none-eabi-4_9-2015q2/bin/../lib/gcc/arm-none-eabi/4.9.3/armv6-m/libgcc.a(_divsi3.o)
                              _build/pstorage.o (__aeabi_idiv)
/home/marco/ARMToolchain/gcc-arm-none-eabi-4_9-2015q2/bin/../lib/gcc/arm-none-eabi/4.9.3/armv6-m/libgcc.a(_dvmd_tls.o)
                              /home/marco/ARMToolchain/gcc-arm-none-eabi-4_9-2015q2/bin/../lib/gcc/arm-none-eabi/4.9.3/armv6-m/libgcc.a(_udivsi3.o) (__aeabi_idiv0)
/home/marco/ARMToolchain/gcc-arm-none-eabi-4_9-2015q2/bin/../lib/gcc/arm-none-eabi/4.9.3/../../../../arm-none-eabi/lib/armv6-m/libc_nano.a(lib_a-memcpy.o)
                              _build/ble_manager.o (memcpy)
/home/marco/ARMToolchain/gcc-arm-none-eabi-4_9-2015q2/bin/../lib/gcc/arm-none-eabi/4.9.3/../../../../arm-none-eabi/lib/armv6-m/libc_nano.a(lib_a-sprintf.o)
                              _build/mpu6050.o (sprintf)
/home/marco/ARMToolchain/gcc-arm-none-eabi-4_9-2015q2/bin/../lib/gcc/arm-none-eabi/4.9.3/../../../../arm-none-eabi/lib/armv6-m/libc_nano.a(lib_a-strlen.o)
                              _build/mpu6050.o (strlen)
/home/marco/ARMToolchain/gcc-arm-none-eabi-4_9-2015q2/bin/../lib/gcc/arm-none-eabi/4.9.3/../../../../arm-none-eabi/lib/armv6-m/libc_nano.a(lib_a-nano-svfprintf.o)
                              /home/marco/ARMToolchain/gcc-arm-none-eabi-4_9-2015q2/bin/../lib/gcc/arm-none-eabi/4.9.3/../../../../arm-none-eabi/lib/armv6-m/libc_nano.a(lib_a-sprintf.o) (_svfprintf_r)
/home/marco/ARMToolchain/gcc-arm-none-eabi-4_9-2015q2/bin/../lib/gcc/arm-none-eabi/4.9.3/../../../../arm-none-eabi/lib/armv6-m/libc_nano.a(lib_a-nano-vfprintf_i.o)
                              /home/marco/ARMToolchain/gcc-arm-none-eabi-4_9-2015q2/bin/../lib/gcc/arm-none-eabi/4.9.3/../../../../arm-none-eabi/lib/armv6-m/libc_nano.a(lib_a-nano-svfprintf.o) (_printf_i)
/home/marco/ARMToolchain/gcc-arm-none-eabi-4_9-2015q2/bin/../lib/gcc/arm-none-eabi/4.9.3/../../../../arm-none-eabi/lib/armv6-m/libc_nano.a(lib_a-memchr.o)
                              /home/marco/ARMToolchain/gcc-arm-none-eabi-4_9-2015q2/bin/../lib/gcc/arm-none-eabi/4.9.3/../../../../arm-none-eabi/lib/armv6-m/libc_nano.a(lib_a-nano-svfprintf.o) (memchr)
/home/marco/ARMToolchain/gcc-arm-none-eabi-4_9-2015q2/bin/../lib/gcc/arm-none-eabi/4.9.3/../../../../arm-none-eabi/lib/armv6-m/libc_nano.a(lib_a-memmove.o)
                              /home/marco/ARMToolchain/gcc-arm-none-eabi-4_9-2015q2/bin/../lib/gcc/arm-none-eabi/4.9.3/../../../../arm-none-eabi/lib/armv6-m/libc_nano.a(lib_a-nano-svfprintf.o) (memmove)
/home/marco/ARMToolchain/gcc-arm-none-eabi-4_9-2015q2/bin/../lib/gcc/arm-none-eabi/4.9.3/../../../../arm-none-eabi/lib/armv6-m/libc_nano.a(lib_a-nano-freer.o)
                              /home/marco/ARMToolchain/gcc-arm-none-eabi-4_9-2015q2/bin/../lib/gcc/arm-none-eabi/4.9.3/../../../../arm-none-eabi/lib/armv6-m/libc_nano.a(lib_a-nano-svfprintf.o) (_free_r)
/home/marco/ARMToolchain/gcc-arm-none-eabi-4_9-2015q2/bin/../lib/gcc/arm-none-eabi/4.9.3/../../../../arm-none-eabi/lib/armv6-m/libc_nano.a(lib_a-nano-mallocr.o)
[...]
Memory Configuration

Name             Origin             Length             Attributes
FLASH            0x0001b000         0x00024000         xr
RAM              0x20002800         0x00001800         xrw
*default*        0x00000000         0xffffffff

Linker script and memory map

LOAD /home/marco/ARMToolchain/gcc-arm-none-eabi-4_9-2015q2/bin/../lib/gcc/arm-none-eabi/4.9.3/armv6-m/crti.o
LOAD /home/marco/ARMToolchain/gcc-arm-none-eabi-4_9-2015q2/bin/../lib/gcc/arm-none-eabi/4.9.3/armv6-m/crtbegin.o
LOAD /home/marco/ARMToolchain/gcc-arm-none-eabi-4_9-2015q2/bin/../lib/gcc/arm-none-eabi/4.9.3/../../../../arm-none-eabi/lib/armv6-m/crt0.o
LOAD /home/marco/ARMToolchain/gcc-arm-none-eabi-4_9-2015q2/bin/../lib/gcc/arm-none-eabi/4.9.3/../../../../arm-none-eabi/lib/armv6-m/libc_nano.a
LOAD /home/marco/ARMToolchain/gcc-arm-none-eabi-4_9-2015q2/bin/../lib/gcc/arm-none-eabi/4.9.3/../../../../arm-none-eabi/lib/armv6-m/libnosys.a
LOAD _build/main.o
LOAD _build/uart.o
LOAD _build/mpu6050.o
LOAD _build/ble_manager.o
LOAD _build/cfg_service.o
LOAD _build/memory.o
LOAD _build/application.o
LOAD _build/app_error.o
LOAD _build/app_error_weak.o
LOAD _build/app_timer.o
LOAD _build/nrf_assert.o
LOAD _build/app_fifo.o
LOAD _build/app_twi.o
LOAD _build/app_util_platform.o
LOAD _build/fstorage.o
LOAD _build/nrf_delay.o
LOAD _build/app_uart_fifo.o
LOAD _build/nrf_drv_clock.o
LOAD _build/nrf_drv_common.o
LOAD _build/nrf_drv_gpiote.o
LOAD _build/nrf_drv_timer.o
LOAD _build/nrf_drv_rtc.o
LOAD _build/nrf_drv_twi.o
LOAD _build/pstorage.o
LOAD _build/nrf_drv_uart.o
LOAD _build/ble_advdata.o
LOAD _build/ble_bas.o
LOAD _build/ble_dis.o
LOAD _build/ble_conn_params.o
LOAD _build/ble_srv_common.o
LOAD _build/system_nrf51.o
LOAD _build/nrf_soc.o
LOAD _build/softdevice_handler.o
LOAD _build/gcc_startup_nrf51.o
START GROUP
LOAD /home/marco/ARMToolchain/gcc-arm-none-eabi-4_9-2015q2/bin/../lib/gcc/arm-none-eabi/4.9.3/armv6-m/libgcc.a
LOAD /home/marco/ARMToolchain/gcc-arm-none-eabi-4_9-2015q2/bin/../lib/gcc/arm-none-eabi/4.9.3/../../../../arm-none-eabi/lib/armv6-m/libc_nano.a
END GROUP
START GROUP
LOAD /home/marco/ARMToolchain/gcc-arm-none-eabi-4_9-2015q2/bin/../lib/gcc/arm-none-eabi/4.9.3/armv6-m/libgcc.a
LOAD /home/marco/ARMToolchain/gcc-arm-none-eabi-4_9-2015q2/bin/../lib/gcc/arm-none-eabi/4.9.3/../../../../arm-none-eabi/lib/armv6-m/libc_nano.a
END GROUP
LOAD /home/marco/ARMToolchain/gcc-arm-none-eabi-4_9-2015q2/bin/../lib/gcc/arm-none-eabi/4.9.3/armv6-m/crtend.o
LOAD /home/marco/ARMToolchain/gcc-arm-none-eabi-4_9-2015q2/bin/../lib/gcc/arm-none-eabi/4.9.3/armv6-m/crtn.o
START GROUP
LOAD /home/marco/ARMToolchain/gcc-arm-none-eabi-4_9-2015q2/bin/../lib/gcc/arm-none-eabi/4.9.3/armv6-m/libgcc.a
LOAD /home/marco/ARMToolchain/gcc-arm-none-eabi-4_9-2015q2/bin/../lib/gcc/arm-none-eabi/4.9.3/../../../../arm-none-eabi/lib/armv6-m/libc.a
LOAD /home/marco/ARMToolchain/gcc-arm-none-eabi-4_9-2015q2/bin/../lib/gcc/arm-none-eabi/4.9.3/../../../../arm-none-eabi/lib/armv6-m/libnosys.a
END GROUP

.fs_data_out    0x00000000        0x0
                0x00000000                PROVIDE (__start_fs_data, .)
 *(fs_data)
                0x00000000                PROVIDE (__stop_fs_data, .)

.text           0x0001b000     0x6744
 *(.isr_vector)
 .isr_vector    0x0001b000       0xc0 _build/gcc_startup_nrf51.o
                0x0001b000                __isr_vector
 *(.text*)
 .text          0x0001b0c0       0x60 /home/marco/ARMToolchain/gcc-arm-none-eabi-4_9-2015q2/bin/../lib/gcc/arm-none-eabi/4.9.3/armv6-m/crtbegin.o
 .text          0x0001b120       0x78 /home/marco/ARMToolchain/gcc-arm-none-eabi-4_9-2015q2/bin/../lib/gcc/arm-none-eabi/4.9.3/../../../../arm-none-eabi/lib/armv6-m/crt0.o
                0x0001b120                _mainCRTStartup
                0x0001b120                _start
 .text.exit     0x0001b198       0x2c /home/marco/ARMToolchain/gcc-arm-none-eabi-4_9-2015q2/bin/../lib/gcc/arm-none-eabi/4.9.3/../../../../arm-none-eabi/lib/armv6-m/libc_nano.a(lib_a-exit.o)
                0x0001b198                exit
 .text.__libc_init_array
                0x0001b1c4       0x4c /home/marco/ARMToolchain/gcc-arm-none-eabi-4_9-2015q2/bin/../lib/gcc/arm-none-eabi/4.9.3/../../../../arm-none-eabi/lib/armv6-m/libc_nano.a(lib_a-init.o)
                0x0001b1c4                __libc_init_array
 .text.memset   0x0001b210       0x10 /home/marco/ARMToolchain/gcc-arm-none-eabi-4_9-2015q2/bin/../lib/gcc/arm-none-eabi/4.9.3/../../../../arm-none-eabi/lib/armv6-m/libc_nano.a(lib_a-memset.o)
                0x0001b210                memset
 .text._exit    0x0001b220        0x4 /home/marco/ARMToolchain/gcc-arm-none-eabi-4_9-2015q2/bin/../lib/gcc/arm-none-eabi/4.9.3/../../../../arm-none-eabi/lib/armv6-m/libnosys.a(_exit.o)
                0x0001b220                _exit
 .text.sd_app_evt_wait
                0x0001b224        0x4 _build/main.o
 .text.startup.main
                0x0001b228       0x48 _build/main.o
                0x0001b228                main
 .text.uart_event_handler
                0x0001b270       0x48 _build/uart.o
 .text.uart_send_string
                0x0001b2b8       0x24 _build/uart.o
                0x0001b2b8                uart_send_string
 .text.uart_init
                0x0001b2dc       0x48 _build/uart.o
                0x0001b2dc                uart_init
 .text.bust_read_cb
                0x0001b324       0x74 _build/mpu6050.o
 .text.mpu6050_start_burst_read
                0x0001b398       0x20 _build/mpu6050.o
                0x0001b398                mpu6050_start_burst_read
 .text.mpu6050_init
                0x0001b3b8       0xdc _build/mpu6050.o
                0x0001b3b8                mpu6050_init
 .text.sd_ble_gap_adv_data_set
                0x0001b494        0x4 _build/ble_manager.o
 .text.sd_ble_gap_adv_start
                0x0001b498        0x4 _build/ble_manager.o
 .text.sd_ble_gap_adv_stop
                0x0001b49c        0x4 _build/ble_manager.o
 .text.sd_ble_gap_disconnect
                0x0001b4a0        0x4 _build/ble_manager.o
 .text.sd_ble_gap_appearance_set
                0x0001b4a4        0x4 _build/ble_manager.o
 .text.sd_ble_gap_ppcp_set
                0x0001b4a8        0x4 _build/ble_manager.o
 .text.sd_ble_gap_device_name_set
                0x0001b4ac        0x4 _build/ble_manager.o
 .text.sd_ble_gap_sec_params_reply
                0x0001b4b0        0x4 _build/ble_manager.o
 .text.sd_ble_gatts_sys_attr_set
                0x0001b4b4        0x4 _build/ble_manager.o
 .text.cube_cfg_data_handler
                0x0001b4b8        0x4 _build/ble_manager.o
 .text.conn_params_error_handler
                0x0001b4bc        0x8 _build/ble_manager.o
 .text.ble_evt_dispatch
                0x0001b4c4       0xa0 _build/ble_manager.o
 .text.on_conn_params_evt
                0x0001b564       0x24 _build/ble_manager.o
 .text.ble_man_adv_update
                0x0001b588       0x64 _build/ble_manager.o
                0x0001b588                ble_man_adv_update
 .text.ble_man_adv_start
                0x0001b5ec       0xa4 _build/ble_manager.o
                0x0001b5ec                ble_man_adv_start
 .text.ble_man_init
                0x0001b690      0x220 _build/ble_manager.o
                0x0001b690                ble_man_init
 .text.sd_ble_gatts_service_add
                0x0001b8b0        0x4 _build/cfg_service.o
 .text.sd_ble_gatts_characteristic_add
                0x0001b8b4        0x4 _build/cfg_service.o
 .text.sd_ble_uuid_vs_add
                0x0001b8b8        0x4 _build/cfg_service.o
 .text.ble_cube_cfg_on_ble_evt
                0x0001b8bc       0x90 _build/cfg_service.o
                0x0001b8bc                ble_cube_cfg_on_ble_evt
 .text.ble_cube_cfg_init
                0x0001b94c      0x3fc _build/cfg_service.o
                0x0001b94c                ble_cube_cfg_init
 .text.ps_cb_handler
                0x0001bd48       0xf8 _build/memory.o
 .text.sys_evt_dispatch
                0x0001be40        0x8 _build/memory.o
 .text.memory_is_busy
                0x0001be48       0x14 _build/memory.o
                0x0001be48                memory_is_busy
 .text.memory_update_field
                0x0001be5c      0x150 _build/memory.o
                0x0001be5c                memory_update_field
 .text.memory_init
                0x0001bfac       0xa4 _build/memory.o
                0x0001bfac                memory_init
 .text.mpu6050_burst_read_callback
                0x0001c050      0x2ac _build/application.o
 .text.update_timeout_handler
                0x0001c2fc       0x4c _build/application.o
 .text.read_timeout_handler
                0x0001c348        0x8 _build/application.o
 .text.app_special_op
                0x0001c350       0x30 _build/application.o
                0x0001c350                app_special_op
 .text.app_init
                0x0001c380       0x90 _build/application.o
                0x0001c380                app_init
 .text.app_run  0x0001c410        0x4 _build/application.o
                0x0001c410                app_run
 .text.app_error_handler_bare
                0x0001c414       0x20 _build/app_error.o
                0x0001c414                app_error_handler_bare
 .text.app_error_fault_handler
                0x0001c434       0x1c _build/app_error_weak.o
                0x0001c434                app_error_fault_handler
 .text.rtc1_stop
                0x0001c450       0x78 _build/app_timer.o
 .text.RTC1_IRQHandler
                0x0001c4c8       0xdc _build/app_timer.o
                0x0001c4c8                RTC1_IRQHandler
 .text.SWI0_IRQHandler
                0x0001c5a4      0x448 _build/app_timer.o
                0x0001c5a4                SWI0_IRQHandler
 .text.app_timer_init
                0x0001c9ec       0xe4 _build/app_timer.o
                0x0001c9ec                app_timer_init
 .text.app_timer_create
                0x0001cad0       0x34 _build/app_timer.o
                0x0001cad0                app_timer_create
 .text.app_timer_start
                0x0001cb04       0xf8 _build/app_timer.o
                0x0001cb04                app_timer_start
 .text.app_timer_stop
                0x0001cbfc       0xc8 _build/app_timer.o
                0x0001cbfc                app_timer_stop
 .text.app_fifo_init
                0x0001ccc4       0x28 _build/app_fifo.o
                0x0001ccc4                app_fifo_init
 .text.app_fifo_put
                0x0001ccec       0x28 _build/app_fifo.o
                0x0001ccec                app_fifo_put
 .text.app_fifo_get
                0x0001cd14       0x24 _build/app_fifo.o
                0x0001cd14                app_fifo_get
 .text.internal_transaction_cb
                0x0001cd38        0xc _build/app_twi.o
 .text.start_pending_transaction
                0x0001cd44      0x14c _build/app_twi.o
 .text.twi_event_handler
                0x0001ce90       0xe8 _build/app_twi.o
 .text.app_twi_init
                0x0001cf78       0x40 _build/app_twi.o
                0x0001cf78                app_twi_init
 .text.app_twi_schedule
                0x0001cfb8       0x6c _build/app_twi.o
                0x0001cfb8                app_twi_schedule
 .text.app_twi_perform
                0x0001d024       0xc8 _build/app_twi.o
                0x0001d024                app_twi_perform
 .text.app_util_critical_region_enter
                0x0001d0ec       0x40 _build/app_util_platform.o
                0x0001d0ec                app_util_critical_region_enter
 .text.app_util_critical_region_exit
                0x0001d12c       0x2c _build/app_util_platform.o
                0x0001d12c                app_util_critical_region_exit
 .text.nrf_delay_ms
                0x0001d158       0x3c _build/nrf_delay.o
                0x0001d158                nrf_delay_ms
 .text.uart_event_handler
                0x0001d194       0xc8 _build/app_uart_fifo.o
 .text.app_uart_init
                0x0001d25c       0xa4 _build/app_uart_fifo.o
                0x0001d25c                app_uart_init
 .text.app_uart_get
                0x0001d300       0x34 _build/app_uart_fifo.o
                0x0001d300                app_uart_get
 .text.app_uart_put
                0x0001d334       0x40 _build/app_uart_fifo.o
                0x0001d334                app_uart_put
 .text.nrf_drv_clock_on_soc_event
                0x0001d374       0x24 _build/nrf_drv_clock.o
                0x0001d374                nrf_drv_clock_on_soc_event
 .text.nrf_drv_common_irq_enable
                0x0001d398       0x80 _build/nrf_drv_common.o
                0x0001d398                nrf_drv_common_irq_enable
 .text.GPIOTE_IRQHandler
                0x0001d418      0x2a8 _build/nrf_drv_gpiote.o
                0x0001d418                GPIOTE_IRQHandler
 .text.TIMER0_IRQHandler
                0x0001d6c0       0xb4 _build/nrf_drv_timer.o
                0x0001d6c0                TIMER0_IRQHandler
 .text.twi_transfer
                0x0001d774      0x110 _build/nrf_drv_twi.o
 .text.twi_rx_start_transfer
                0x0001d884      0x170 _build/nrf_drv_twi.o
 .text.nrf_drv_twi_init
                0x0001d9f4      0x1e0 _build/nrf_drv_twi.o
                0x0001d9f4                nrf_drv_twi_init
 .text.nrf_drv_twi_enable
                0x0001dbd4       0x24 _build/nrf_drv_twi.o
                0x0001dbd4                nrf_drv_twi_enable
 .text.nrf_drv_twi_xfer
                0x0001dbf8      0x1ac _build/nrf_drv_twi.o
                0x0001dbf8                nrf_drv_twi_xfer
 .text.SPI0_TWI0_IRQHandler
                0x0001dda4      0x364 _build/nrf_drv_twi.o
                0x0001dda4                SPI0_TWI0_IRQHandler
 .text.sd_flash_write
                0x0001e108        0x4 _build/pstorage.o
 .text.sd_flash_page_erase
                0x0001e10c        0x4 _build/pstorage.o
 .text.flash_api_err_code_process
                0x0001e110       0x60 _build/pstorage.o
 .text.state_entry_action_run
                0x0001e170      0x1b4 _build/pstorage.o
 .text.clear_operation_execute
                0x0001e324      0x194 _build/pstorage.o
 .text.unlikely.cmd_queue_enqueue
                0x0001e4b8       0x8c _build/pstorage.o
 .text.tail_restore_state_run
                0x0001e544       0xb4 _build/pstorage.o
 .text.state_write_data_swap_entry_run
                0x0001e5f8       0xb0 _build/pstorage.o
 .text.state_restore_head_entry_run
                0x0001e6a8       0xb0 _build/pstorage.o
 .text.data_to_swap_write_state_run
                0x0001e758       0xa0 _build/pstorage.o
 .text.state_restore_tail_entry_run
                0x0001e7f8       0xc0 _build/pstorage.o
 .text.state_erase_data_page_entry_run
                0x0001e8b8       0x70 _build/pstorage.o
 .text.swap_erase_state_run
                0x0001e928       0xd4 _build/pstorage.o
 .text.state_swap_erase_entry_run
                0x0001e9fc       0xa4 _build/pstorage.o
 .text.store_cmd_flash_write_execute
                0x0001eaa0      0x120 _build/pstorage.o
 .text.head_restore_state_run
                0x0001ebc0      0x21c _build/pstorage.o
 .text.data_page_erase_state_run
                0x0001eddc      0x26c _build/pstorage.o
 .text.command_end_procedure_run
                0x0001f048       0xb8 _build/pstorage.o
 .text.pstorage_sys_event_handler
                0x0001f100      0x1cc _build/pstorage.o
                0x0001f100                pstorage_sys_event_handler
 .text.pstorage_init
                0x0001f2cc      0x14c _build/pstorage.o
                0x0001f2cc                pstorage_init
 .text.pstorage_register
                0x0001f418       0xf0 _build/pstorage.o
                0x0001f418                pstorage_register
 .text.pstorage_block_identifier_get
                0x0001f508       0x50 _build/pstorage.o
                0x0001f508                pstorage_block_identifier_get
 .text.pstorage_store
                0x0001f558       0x88 _build/pstorage.o
                0x0001f558                pstorage_store
 .text.pstorage_update
                0x0001f5e0       0x88 _build/pstorage.o
                0x0001f5e0                pstorage_update
 .text.pstorage_load
                0x0001f668       0xa8 _build/pstorage.o
                0x0001f668                pstorage_load
 .text.pstorage_clear
                0x0001f710       0x94 _build/pstorage.o
                0x0001f710                pstorage_clear
 .text.nrf_drv_uart_init
                0x0001f7a4      0x120 _build/nrf_drv_uart.o
                0x0001f7a4                nrf_drv_uart_init
 .text.nrf_drv_uart_tx
                0x0001f8c4       0xb4 _build/nrf_drv_uart.o
                0x0001f8c4                nrf_drv_uart_tx
 .text.nrf_drv_uart_tx_in_progress
                0x0001f978       0x10 _build/nrf_drv_uart.o
                0x0001f978                nrf_drv_uart_tx_in_progress
 .text.nrf_drv_uart_rx
                0x0001f988      0x130 _build/nrf_drv_uart.o
                0x0001f988                nrf_drv_uart_rx
 .text.nrf_drv_uart_rx_enable
                0x0001fab8       0x2c _build/nrf_drv_uart.o
                0x0001fab8                nrf_drv_uart_rx_enable
 .text.UART0_IRQHandler
                0x0001fae4      0x1a8 _build/nrf_drv_uart.o
                0x0001fae4                UART0_IRQHandler
 .text.sd_ble_gatts_service_add
                0x0001fc8c        0x4 _build/ble_bas.o
 .text.sd_ble_gatts_characteristic_add
                0x0001fc90        0x4 _build/ble_bas.o
 .text.sd_ble_gatts_descriptor_add
                0x0001fc94        0x4 _build/ble_bas.o
 .text.ble_bas_init
                0x0001fc98      0x1dc _build/ble_bas.o
                0x0001fc98                ble_bas_init
 .text.sd_ble_gatts_service_add
                0x0001fe74        0x4 _build/ble_dis.o
 .text.sd_ble_gatts_characteristic_add
                0x0001fe78        0x4 _build/ble_dis.o
 .text.char_add
                0x0001fe7c       0xc8 _build/ble_dis.o
 .text.ble_dis_init
                0x0001ff44      0x2ec _build/ble_dis.o
                0x0001ff44                ble_dis_init
 .text.sd_ble_gap_conn_param_update
                0x00020230        0x4 _build/ble_conn_params.o
 .text.sd_ble_gap_disconnect
                0x00020234        0x4 _build/ble_conn_params.o
 .text.sd_ble_gap_ppcp_set
                0x00020238        0x4 _build/ble_conn_params.o
 .text.sd_ble_gap_ppcp_get
                0x0002023c        0x4 _build/ble_conn_params.o
 .text.update_timeout_handler
                0x00020240       0x78 _build/ble_conn_params.o
 .text.conn_params_negotiation
                0x000202b8       0x88 _build/ble_conn_params.o
 .text.ble_conn_params_init
                0x00020340       0x78 _build/ble_conn_params.o
                0x00020340                ble_conn_params_init
 .text.ble_conn_params_on_ble_evt
                0x000203b8       0xa4 _build/ble_conn_params.o
                0x000203b8                ble_conn_params_on_ble_evt
 .text.ble_srv_report_ref_encode
                0x0002045c        0xc _build/ble_srv_common.o
                0x0002045c                ble_srv_report_ref_encode
 .text.ble_srv_ascii_to_utf8
                0x00020468       0x14 _build/ble_srv_common.o
                0x00020468                ble_srv_ascii_to_utf8
 .text.SystemInit
                0x0002047c       0xec _build/system_nrf51.o
                0x0002047c                SystemInit
 .text.sd_evt_get
                0x00020568        0x4 _build/softdevice_handler.o
 .text.sd_softdevice_enable
                0x0002056c        0x4 _build/softdevice_handler.o
 .text.sd_ble_enable
                0x00020570        0x4 _build/softdevice_handler.o
 .text.sd_ble_evt_get
                0x00020574        0x4 _build/softdevice_handler.o
 .text.softdevice_fault_handler
                0x00020578        0x8 _build/softdevice_handler.o
                0x00020578                softdevice_fault_handler
 .text.intern_softdevice_events_execute.part.0
                0x00020580       0xd4 _build/softdevice_handler.o
 .text.softdevice_handler_init
                0x00020654       0x7c _build/softdevice_handler.o
                0x00020654                softdevice_handler_init
 .text.softdevice_ble_evt_handler_set
                0x000206d0       0x14 _build/softdevice_handler.o
                0x000206d0                softdevice_ble_evt_handler_set
 .text.softdevice_sys_evt_handler_set
                0x000206e4       0x14 _build/softdevice_handler.o
                0x000206e4                softdevice_sys_evt_handler_set
 .text.SWI2_IRQHandler
                0x000206f8       0x30 _build/softdevice_handler.o
                0x000206f8                SWI2_IRQHandler
 .text.softdevice_enable_get_default_config
                0x00020728       0x30 _build/softdevice_handler.o
                0x00020728                softdevice_enable_get_default_config
 .text.sd_check_ram_start
                0x00020758       0x14 _build/softdevice_handler.o
                0x00020758                sd_check_ram_start
 .text.softdevice_enable
                0x0002076c       0x1c _build/softdevice_handler.o
                0x0002076c                softdevice_enable
 .text          0x00020788       0x4c _build/gcc_startup_nrf51.o
                0x00020788                Reset_Handler
                0x000207c8                NMI_Handler
                0x000207ca                HardFault_Handler
                0x000207cc                SVC_Handler
                0x000207ce                PendSV_Handler
                0x000207d0                SysTick_Handler
                0x000207d2                TIMER2_IRQHandler
                0x000207d2                RTC0_IRQHandler
                0x000207d2                POWER_CLOCK_IRQHandler
                0x000207d2                RADIO_IRQHandler
                0x000207d2                LPCOMP_IRQHandler
                0x000207d2                SWI4_IRQHandler
                0x000207d2                TEMP_IRQHandler
                0x000207d2                QDEC_IRQHandler
                0x000207d2                SWI5_IRQHandler
                0x000207d2                TIMER1_IRQHandler
                0x000207d2                ECB_IRQHandler
                0x000207d2                Default_Handler
                0x000207d2                ADC_IRQHandler
                0x000207d2                SWI3_IRQHandler
                0x000207d2                CCM_AAR_IRQHandler
                0x000207d2                WDT_IRQHandler
                0x000207d2                RNG_IRQHandler
                0x000207d2                SPI1_TWI1_IRQHandler
                0x000207d2                SWI1_IRQHandler
 .text          0x000207d4      0x120 /home/marco/ARMToolchain/gcc-arm-none-eabi-4_9-2015q2/bin/../lib/gcc/arm-none-eabi/4.9.3/armv6-m/libgcc.a(_udivsi3.o)
                0x000207d4                __udivsi3
                0x000207d4                __aeabi_uidiv
                0x000208e0                __aeabi_uidivmod
 .text          0x000208f4      0x1e0 /home/marco/ARMToolchain/gcc-arm-none-eabi-4_9-2015q2/bin/../lib/gcc/arm-none-eabi/4.9.3/armv6-m/libgcc.a(_divsi3.o)
                0x000208f4                __aeabi_idiv
                0x000208f4                __divsi3
                0x00020ac0                __aeabi_idivmod
 .text          0x00020ad4        0x4 /home/marco/ARMToolchain/gcc-arm-none-eabi-4_9-2015q2/bin/../lib/gcc/arm-none-eabi/4.9.3/armv6-m/libgcc.a(_dvmd_tls.o)
                0x00020ad4                __aeabi_ldiv0
                0x00020ad4                __aeabi_idiv0
 .text.memcpy   0x00020ad8       0x12 /home/marco/ARMToolchain/gcc-arm-none-eabi-4_9-2015q2/bin/../lib/gcc/arm-none-eabi/4.9.3/../../../../arm-none-eabi/lib/armv6-m/libc_nano.a(lib_a-memcpy.o)
                0x00020ad8                memcpy
 *fill*         0x00020aea        0x2 
 .text.sprintf  0x00020aec       0x44 /home/marco/ARMToolchain/gcc-arm-none-eabi-4_9-2015q2/bin/../lib/gcc/arm-none-eabi/4.9.3/../../../../arm-none-eabi/lib/armv6-m/libc_nano.a(lib_a-sprintf.o)
                0x00020aec                sprintf
                0x00020aec                siprintf
 .text.strlen   0x00020b30        0xe /home/marco/ARMToolchain/gcc-arm-none-eabi-4_9-2015q2/bin/../lib/gcc/arm-none-eabi/4.9.3/../../../../arm-none-eabi/lib/armv6-m/libc_nano.a(lib_a-strlen.o)
                0x00020b30                strlen
 *fill*         0x00020b3e        0x2 
 .text.__ssputs_r
                0x00020b40       0xc0 /home/marco/ARMToolchain/gcc-arm-none-eabi-4_9-2015q2/bin/../lib/gcc/arm-none-eabi/4.9.3/../../../../arm-none-eabi/lib/armv6-m/libc_nano.a(lib_a-nano-svfprintf.o)
                0x00020b40                __ssputs_r
 .text._svfprintf_r
                0x00020c00      0x1ec /home/marco/ARMToolchain/gcc-arm-none-eabi-4_9-2015q2/bin/../lib/gcc/arm-none-eabi/4.9.3/../../../../arm-none-eabi/lib/armv6-m/libc_nano.a(lib_a-nano-svfprintf.o)
                0x00020c00                _svfprintf_r
                0x00020c00                _svfiprintf_r
 .text._printf_common
                0x00020dec       0xdc /home/marco/ARMToolchain/gcc-arm-none-eabi-4_9-2015q2/bin/../lib/gcc/arm-none-eabi/4.9.3/../../../../arm-none-eabi/lib/armv6-m/libc_nano.a(lib_a-nano-vfprintf_i.o)
                0x00020dec                _printf_common
 .text._printf_i
                0x00020ec8      0x230 /home/marco/ARMToolchain/gcc-arm-none-eabi-4_9-2015q2/bin/../lib/gcc/arm-none-eabi/4.9.3/../../../../arm-none-eabi/lib/armv6-m/libc_nano.a(lib_a-nano-vfprintf_i.o)
                0x00020ec8                _printf_i
 .text.memchr   0x000210f8       0x16 /home/marco/ARMToolchain/gcc-arm-none-eabi-4_9-2015q2/bin/../lib/gcc/arm-none-eabi/4.9.3/../../../../arm-none-eabi/lib/armv6-m/libc_nano.a(lib_a-memchr.o)
                0x000210f8                memchr
 .text.memmove  0x0002110e       0x28 /home/marco/ARMToolchain/gcc-arm-none-eabi-4_9-2015q2/bin/../lib/gcc/arm-none-eabi/4.9.3/../../../../arm-none-eabi/lib/armv6-m/libc_nano.a(lib_a-memmove.o)
                0x0002110e                memmove
 *fill*         0x00021136        0x2 
 .text._free_r  0x00021138       0x8c /home/marco/ARMToolchain/gcc-arm-none-eabi-4_9-2015q2/bin/../lib/gcc/arm-none-eabi/4.9.3/../../../../arm-none-eabi/lib/armv6-m/libc_nano.a(lib_a-nano-freer.o)
                0x00021138                _free_r
 .text._malloc_r
                0x000211c4       0xb0 /home/marco/ARMToolchain/gcc-arm-none-eabi-4_9-2015q2/bin/../lib/gcc/arm-none-eabi/4.9.3/../../../../arm-none-eabi/lib/armv6-m/libc_nano.a(lib_a-nano-mallocr.o)
                0x000211c4                _malloc_r
 .text._realloc_r
                0x00021274       0x4c /home/marco/ARMToolchain/gcc-arm-none-eabi-4_9-2015q2/bin/../lib/gcc/arm-none-eabi/4.9.3/../../../../arm-none-eabi/lib/armv6-m/libc_nano.a(lib_a-nano-reallocr.o)
                0x00021274                _realloc_r
 .text._sbrk_r  0x000212c0       0x24 /home/marco/ARMToolchain/gcc-arm-none-eabi-4_9-2015q2/bin/../lib/gcc/arm-none-eabi/4.9.3/../../../../arm-none-eabi/lib/armv6-m/libc_nano.a(lib_a-sbrkr.o)
                0x000212c0                _sbrk_r
 .text._malloc_usable_size_r
                0x000212e4       0x16 /home/marco/ARMToolchain/gcc-arm-none-eabi-4_9-2015q2/bin/../lib/gcc/arm-none-eabi/4.9.3/../../../../arm-none-eabi/lib/armv6-m/libc_nano.a(lib_a-nano-msizer.o)
                0x000212e4                _malloc_usable_size_r
 *fill*         0x000212fa        0x2 
 .text._sbrk    0x000212fc       0x1c /home/marco/ARMToolchain/gcc-arm-none-eabi-4_9-2015q2/bin/../lib/gcc/arm-none-eabi/4.9.3/../../../../arm-none-eabi/lib/armv6-m/libnosys.a(sbrk.o)
                0x000212fc                _sbrk
 *(.init)
 .init          0x00021318        0x4 /home/marco/ARMToolchain/gcc-arm-none-eabi-4_9-2015q2/bin/../lib/gcc/arm-none-eabi/4.9.3/armv6-m/crti.o
                0x00021318                _init
 .init          0x0002131c        0x8 /home/marco/ARMToolchain/gcc-arm-none-eabi-4_9-2015q2/bin/../lib/gcc/arm-none-eabi/4.9.3/armv6-m/crtn.o
 *(.fini)
 .fini          0x00021324        0x4 /home/marco/ARMToolchain/gcc-arm-none-eabi-4_9-2015q2/bin/../lib/gcc/arm-none-eabi/4.9.3/armv6-m/crti.o
                0x00021324                _fini
 .fini          0x00021328        0x8 /home/marco/ARMToolchain/gcc-arm-none-eabi-4_9-2015q2/bin/../lib/gcc/arm-none-eabi/4.9.3/armv6-m/crtn.o
 *crtbegin.o(.ctors)
 *crtbegin?.o(.ctors)
 *(EXCLUDE_FILE(*crtend.o *crtend?.o) .ctors)
 *(SORT(.ctors.*))
 *(.ctors)
 *crtbegin.o(.dtors)
 *crtbegin?.o(.dtors)
 *(EXCLUDE_FILE(*crtend.o *crtend?.o) .dtors)
 *(SORT(.dtors.*))
 *(.dtors)
 *(.rodata*)
 .rodata.str1.1
                0x00021330        0x2 /home/marco/ARMToolchain/gcc-arm-none-eabi-4_9-2015q2/bin/../lib/gcc/arm-none-eabi/4.9.3/../../../../arm-none-eabi/lib/armv6-m/libc_nano.a(lib_a-impure.o)
 *fill*         0x00021332        0x2 
 .rodata._global_impure_ptr
                0x00021334        0x4 /home/marco/ARMToolchain/gcc-arm-none-eabi-4_9-2015q2/bin/../lib/gcc/arm-none-eabi/4.9.3/../../../../arm-none-eabi/lib/armv6-m/libc_nano.a(lib_a-impure.o)
                0x00021334                _global_impure_ptr
 .rodata        0x00021338        0xc _build/uart.o
 .rodata.str1.4
                0x00021344        0x7 _build/uart.o
 *fill*         0x0002134b        0x1 
 .rodata        0x0002134c       0x10 _build/mpu6050.o
 .rodata.transfers.7204
                0x0002135c       0x10 _build/mpu6050.o
 .rodata.transf_power_mng2_data
                0x0002136c        0x2 _build/mpu6050.o
 *fill*         0x0002136e        0x2 
 .rodata.transf_signal_path_reset_data
                0x00021370        0x2 _build/mpu6050.o
 *fill*         0x00021372        0x2 
 .rodata.transf_gyro_config_data
                0x00021374        0x2 _build/mpu6050.o
 *fill*         0x00021376        0x2 
 .rodata.mpu6050_whoami_transfers
                0x00021378       0x10 _build/mpu6050.o
 .rodata.who_am_i_reg_addr
                0x00021388        0x1 _build/mpu6050.o
 *fill*         0x00021389        0x3 
 .rodata.transf_power_mng1_data
                0x0002138c        0x2 _build/mpu6050.o
 *fill*         0x0002138e        0x2 
 .rodata.transf_config_data
                0x00021390        0x2 _build/mpu6050.o
 .rodata.xout_high_reg_addr
                0x00021392        0x1 _build/mpu6050.o
 *fill*         0x00021393        0x1 
 .rodata.transaction.7205
                0x00021394       0x10 _build/mpu6050.o
 .rodata.str1.4
                0x000213a4       0x6d _build/mpu6050.o
 *fill*         0x00021411        0x3 
 .rodata.transf_acc_config_data
                0x00021414        0x2 _build/mpu6050.o
 *fill*         0x00021416        0x2 
 .rodata.mpu6050_init_transfers
                0x00021418       0x30 _build/mpu6050.o
 .rodata.ble_evt_dispatch
                0x00021448      0x118 _build/ble_manager.o
 .rodata        0x00021560        0x4 _build/ble_manager.o
 .rodata.adv_data_packet
                0x00021564       0x13 _build/ble_manager.o
 *fill*         0x00021577        0x1 
 .rodata.str1.4
                0x00021578       0x3f _build/ble_manager.o
 *fill*         0x000215b7        0x1 
 .rodata        0x000215b8       0x10 _build/cfg_service.o
 .rodata.signature_field
                0x000215c8        0x4 _build/memory.o
 .rodata.motion_states_strings
                0x000215cc       0x30 _build/application.o
 .rodata.default_values
                0x000215fc        0x6 _build/application.o
                0x000215fc                default_values
 *fill*         0x00021602        0x2 
 .rodata.ble_update_trigger
                0x00021604        0x4 _build/application.o
 .rodata.read_trigger
                0x00021608        0x4 _build/application.o
 .rodata.adv_values
                0x0002160c        0xc _build/application.o
 .rodata.str1.4
                0x00021618       0x78 _build/application.o
 .rodata        0x00021690       0x20 _build/app_uart_fifo.o
 .rodata.m_default_config
                0x000216b0       0x10 _build/nrf_drv_twi.o
 .rodata.swap_sub_state_sm_lut.6780
                0x000216c0       0x14 _build/pstorage.o
 .rodata.swap_sub_state_sm_lut.6705
                0x000216d4       0x14 _build/pstorage.o
 .rodata.m_default_config
                0x000216e8       0x20 _build/nrf_drv_uart.o
 .rodata.m_conn_params_timer_id
                0x00021708        0x4 _build/ble_conn_params.o
 .rodata.str1.1
                0x0002170c       0x11 /home/marco/ARMToolchain/gcc-arm-none-eabi-4_9-2015q2/bin/../lib/gcc/arm-none-eabi/4.9.3/../../../../arm-none-eabi/lib/armv6-m/libc_nano.a(lib_a-nano-svfprintf.o)
 .rodata.str1.1
                0x0002171d       0x22 /home/marco/ARMToolchain/gcc-arm-none-eabi-4_9-2015q2/bin/../lib/gcc/arm-none-eabi/4.9.3/../../../../arm-none-eabi/lib/armv6-m/libc_nano.a(lib_a-nano-vfprintf_i.o)
 *(.eh_frame*)
 *fill*         0x0002173f        0x1 
 .eh_frame      0x00021740        0x0 /home/marco/ARMToolchain/gcc-arm-none-eabi-4_9-2015q2/bin/../lib/gcc/arm-none-eabi/4.9.3/armv6-m/crtbegin.o
 .eh_frame      0x00021740        0x4 /home/marco/ARMToolchain/gcc-arm-none-eabi-4_9-2015q2/bin/../lib/gcc/arm-none-eabi/4.9.3/armv6-m/crtend.o

.glue_7         0x00021744        0x0
 .glue_7        0x00000000        0x0 linker stubs

.glue_7t        0x00021744        0x0
 .glue_7t       0x00000000        0x0 linker stubs

.vfp11_veneer   0x00021744        0x0
 .vfp11_veneer  0x00000000        0x0 linker stubs

.v4_bx          0x00021744        0x0
 .v4_bx         0x00000000        0x0 linker stubs

.iplt           0x00021744        0x0
 .iplt          0x00000000        0x0 /home/marco/ARMToolchain/gcc-arm-none-eabi-4_9-2015q2/bin/../lib/gcc/arm-none-eabi/4.9.3/armv6-m/crtbegin.o

.ARM.extab
 *(.ARM.extab* .gnu.linkonce.armextab.*)
                0x00021744                __exidx_start = .

.ARM.exidx      0x00021744        0x8
 *(.ARM.exidx* .gnu.linkonce.armexidx.*)
 .ARM.exidx     0x00021744        0x8 /home/marco/ARMToolchain/gcc-arm-none-eabi-4_9-2015q2/bin/../lib/gcc/arm-none-eabi/4.9.3/../../../../arm-none-eabi/lib/armv6-m/crt0.o
                0x0002174c                __exidx_end = .
                0x0002174c                __etext = .

.rel.dyn        0x0002174c        0x0
 .rel.iplt      0x00000000        0x0 /home/marco/ARMToolchain/gcc-arm-none-eabi-4_9-2015q2/bin/../lib/gcc/arm-none-eabi/4.9.3/armv6-m/crtbegin.o

.data           0x20002800       0x98 load address 0x0002174c
                0x20002800                __data_start__ = .
 *(vtable)
 *(.data*)
 .data.impure_data
                0x20002800       0x60 /home/marco/ARMToolchain/gcc-arm-none-eabi-4_9-2015q2/bin/../lib/gcc/arm-none-eabi/4.9.3/../../../../arm-none-eabi/lib/armv6-m/libc_nano.a(lib_a-impure.o)
 .data._impure_ptr
                0x20002860        0x4 /home/marco/ARMToolchain/gcc-arm-none-eabi-4_9-2015q2/bin/../lib/gcc/arm-none-eabi/4.9.3/../../../../arm-none-eabi/lib/armv6-m/libc_nano.a(lib_a-impure.o)
                0x20002860                _impure_ptr
 .data.m_app_twi
                0x20002864       0x18 _build/mpu6050.o
 .data.device_name
                0x2000287c        0xb _build/ble_manager.o
 *fill*         0x20002887        0x1 
 .data.m_conn_handle
                0x20002888        0x2 _build/ble_manager.o
 .data.curr_state
                0x2000288a        0x1 _build/memory.o
 .data.last_motion_state_index
                0x2000288b        0x1 _build/application.o
                0x2000288c                . = ALIGN (0x4)
                0x2000288c                PROVIDE (__preinit_array_start, .)
 *(.preinit_array)
                0x2000288c                PROVIDE (__preinit_array_end, .)
                0x2000288c                . = ALIGN (0x4)
                0x2000288c                PROVIDE (__init_array_start, .)
 *(SORT(.init_array.*))
 *(.init_array)
 .init_array    0x2000288c        0x4 /home/marco/ARMToolchain/gcc-arm-none-eabi-4_9-2015q2/bin/../lib/gcc/arm-none-eabi/4.9.3/armv6-m/crtbegin.o
                0x20002890                PROVIDE (__init_array_end, .)
                0x20002890                . = ALIGN (0x4)
                0x20002890                PROVIDE (__fini_array_start, .)
 *(SORT(.fini_array.*))
 *(.fini_array)
 .fini_array    0x20002890        0x4 /home/marco/ARMToolchain/gcc-arm-none-eabi-4_9-2015q2/bin/../lib/gcc/arm-none-eabi/4.9.3/armv6-m/crtbegin.o
                0x20002894                PROVIDE (__fini_array_end, .)
 *(.jcr*)
 .jcr           0x20002894        0x0 /home/marco/ARMToolchain/gcc-arm-none-eabi-4_9-2015q2/bin/../lib/gcc/arm-none-eabi/4.9.3/armv6-m/crtbegin.o
 .jcr           0x20002894        0x4 /home/marco/ARMToolchain/gcc-arm-none-eabi-4_9-2015q2/bin/../lib/gcc/arm-none-eabi/4.9.3/armv6-m/crtend.o
                0x20002898                . = ALIGN (0x4)
                0x20002898                __data_end__ = .

.igot.plt       0x20002898        0x0 load address 0x000217e4
 .igot.plt      0x00000000        0x0 /home/marco/ARMToolchain/gcc-arm-none-eabi-4_9-2015q2/bin/../lib/gcc/arm-none-eabi/4.9.3/armv6-m/crtbegin.o

.bss            0x20002898      0x748 load address 0x000217e4
                0x20002898                . = ALIGN (0x4)
                0x20002898                __bss_start__ = .
 *(.bss*)
 .bss           0x20002898       0x1c /home/marco/ARMToolchain/gcc-arm-none-eabi-4_9-2015q2/bin/../lib/gcc/arm-none-eabi/4.9.3/armv6-m/crtbegin.o
 .bss.APP_TIMER_BUF.8296
                0x200028b4      0x1c8 _build/main.o
 .bss.rx_buf.7227
                0x20002a7c        0x1 _build/uart.o
 *fill*         0x20002a7d        0x3 
 .bss.tx_buf.7228
                0x20002a80      0x100 _build/uart.o
 .bss.final_values
                0x20002b80        0xe _build/mpu6050.o
 *fill*         0x20002b8e        0x2 
 .bss.m_buffer  0x20002b90        0xe _build/mpu6050.o
 *fill*         0x20002b9e        0x2 
 .bss.queue_buffer.7198
                0x20002ba0       0x24 _build/mpu6050.o
 .bss.app_burst_read_handler
                0x20002bc4        0x4 _build/mpu6050.o
 .bss.BLE_EVT_BUFFER.8678
                0x20002bc8       0x48 _build/ble_manager.o
 .bss.m_cube_cfg
                0x20002c10       0x34 _build/ble_manager.o
 .bss.m_adv_params
                0x20002c44       0x18 _build/ble_manager.o
 .bss.m_bas     0x20002c5c       0x18 _build/ble_manager.o
 .bss.temp_data
                0x20002c74       0x10 _build/memory.o
 .bss.block_handle
                0x20002c84        0x8 _build/memory.o
 .bss.base_handle
                0x20002c8c        0x8 _build/memory.o
 .bss.p_def_values
                0x20002c94        0x4 _build/memory.o
 .bss.ps_signature
                0x20002c98        0x4 _build/memory.o
 .bss.motion_codified
                0x20002c9c        0x2 _build/application.o
 *fill*         0x20002c9e        0x2 
 .bss.ble_update_trigger_data
                0x20002ca0       0x20 _build/application.o
 .bss.update_timer_running
                0x20002cc0        0x1 _build/application.o
 *fill*         0x20002cc1        0x3 
 .bss.read_trigger_data
                0x20002cc4       0x20 _build/application.o
 .bss.m_ticks_latest
                0x20002ce4        0x4 _build/app_timer.o
 .bss.mp_timer_id_head
                0x20002ce8        0x4 _build/app_timer.o
 .bss.m_evt_schedule_func
                0x20002cec        0x4 _build/app_timer.o
 .bss.m_user_array_size
                0x20002cf0        0x1 _build/app_timer.o
 *fill*         0x20002cf1        0x3 
 .bss.mp_users  0x20002cf4        0x4 _build/app_timer.o
 .bss.m_ticks_elapsed_q_read_ind
                0x20002cf8        0x1 _build/app_timer.o
 .bss.m_ticks_elapsed_q_write_ind
                0x20002cf9        0x1 _build/app_timer.o
 .bss.m_rtc1_reset
                0x20002cfa        0x1 _build/app_timer.o
 *fill*         0x20002cfb        0x1 
 .bss.m_ticks_elapsed
                0x20002cfc        0x8 _build/app_timer.o
 .bss.m_rtc1_running
                0x20002d04        0x1 _build/app_timer.o
 *fill*         0x20002d05        0x3 
 .bss.tx_buffer
                0x20002d08        0x1 _build/app_uart_fifo.o
 *fill*         0x20002d09        0x3 
 .bss.m_event_handler
                0x20002d0c        0x4 _build/app_uart_fifo.o
 .bss.rx_buffer
                0x20002d10        0x1 _build/app_uart_fifo.o
 *fill*         0x20002d11        0x3 
 .bss.m_tx_fifo
                0x20002d14       0x10 _build/app_uart_fifo.o
 .bss.m_rx_fifo
                0x20002d24       0x10 _build/app_uart_fifo.o
 .bss.m_clock_cb
                0x20002d34        0xc _build/nrf_drv_clock.o
 .bss.m_cb      0x20002d40       0x48 _build/nrf_drv_gpiote.o
 .bss.m_cb      0x20002d88        0xc _build/nrf_drv_timer.o
 .bss.m_cb      0x20002d94       0x28 _build/nrf_drv_twi.o
 .bss.m_cmd_queue
                0x20002dbc       0xcc _build/pstorage.o
 .bss.m_num_of_bytes_written
                0x20002e88        0x4 _build/pstorage.o
 .bss.m_tail_word_size
                0x20002e8c        0x4 _build/pstorage.o
 .bss.m_app_table
                0x20002e90        0xc _build/pstorage.o
 .bss.m_next_app_instance
                0x20002e9c        0x2 _build/pstorage.o
 *fill*         0x20002e9e        0x2 
 .bss.m_next_page_addr
                0x20002ea0        0x4 _build/pstorage.o
 .bss.m_flags   0x20002ea4        0x4 _build/pstorage.o
 .bss.m_swap_sub_state
                0x20002ea8        0x1 _build/pstorage.o
 .bss.m_state   0x20002ea9        0x1 _build/pstorage.o
 *fill*         0x20002eaa        0x2 
 .bss.m_app_data_size
                0x20002eac        0x4 _build/pstorage.o
 .bss.m_num_of_command_retries
                0x20002eb0        0x4 _build/pstorage.o
 .bss.m_head_word_size
                0x20002eb4        0x4 _build/pstorage.o
 .bss.m_current_page_id
                0x20002eb8        0x4 _build/pstorage.o
 .bss.m_cb      0x20002ebc       0x1c _build/nrf_drv_uart.o
 .bss.sw_rev_handles
                0x20002ed8        0x8 _build/ble_dis.o
 .bss.model_num_handles
                0x20002ee0        0x8 _build/ble_dis.o
 .bss.sys_id_handles
                0x20002ee8        0x8 _build/ble_dis.o
 .bss.manufact_name_handles
                0x20002ef0        0x8 _build/ble_dis.o
 .bss.reg_cert_data_list_handles
                0x20002ef8        0x8 _build/ble_dis.o
 .bss.pnp_id_handles
                0x20002f00        0x8 _build/ble_dis.o
 .bss.hw_rev_handles
                0x20002f08        0x8 _build/ble_dis.o
 .bss.serial_num_handles
                0x20002f10        0x8 _build/ble_dis.o
 .bss.fw_rev_handles
                0x20002f18        0x8 _build/ble_dis.o
 .bss.service_handle
                0x20002f20        0x2 _build/ble_dis.o
 .bss.m_change_param
                0x20002f22        0x1 _build/ble_conn_params.o
 *fill*         0x20002f23        0x1 
 .bss.m_current_conn_params
                0x20002f24        0x8 _build/ble_conn_params.o
 .bss.m_update_count
                0x20002f2c        0x1 _build/ble_conn_params.o
 *fill*         0x20002f2d        0x3 
 .bss.m_conn_params_config
                0x20002f30       0x1c _build/ble_conn_params.o
 .bss.m_conn_params_timer_id_data
                0x20002f4c       0x20 _build/ble_conn_params.o
 .bss.m_conn_handle
                0x20002f6c        0x2 _build/ble_conn_params.o
 *fill*         0x20002f6e        0x2 
 .bss.m_preferred_conn_params
                0x20002f70        0x8 _build/ble_conn_params.o
 .bss.m_softdevice_enabled
                0x20002f78        0x1 _build/softdevice_handler.o
 *fill*         0x20002f79        0x1 
 .bss.m_ble_evt_buffer_size
                0x20002f7a        0x2 _build/softdevice_handler.o
 .bss.mp_ble_evt_buffer
                0x20002f7c        0x4 _build/softdevice_handler.o
 .bss.m_sys_evt_handler
                0x20002f80        0x4 _build/softdevice_handler.o
 .bss.m_ble_evt_handler
                0x20002f84        0x4 _build/softdevice_handler.o
 .bss.m_evt_schedule_func
                0x20002f88        0x4 _build/softdevice_handler.o
 .bss.__malloc_sbrk_start
                0x20002f8c        0x4 /home/marco/ARMToolchain/gcc-arm-none-eabi-4_9-2015q2/bin/../lib/gcc/arm-none-eabi/4.9.3/../../../../arm-none-eabi/lib/armv6-m/libc_nano.a(lib_a-nano-mallocr.o)
                0x20002f8c                __malloc_sbrk_start
 .bss.__malloc_free_list
                0x20002f90        0x4 /home/marco/ARMToolchain/gcc-arm-none-eabi-4_9-2015q2/bin/../lib/gcc/arm-none-eabi/4.9.3/../../../../arm-none-eabi/lib/armv6-m/libc_nano.a(lib_a-nano-mallocr.o)
                0x20002f90                __malloc_free_list
 .bss.heap_end.4079
                0x20002f94        0x4 /home/marco/ARMToolchain/gcc-arm-none-eabi-4_9-2015q2/bin/../lib/gcc/arm-none-eabi/4.9.3/../../../../arm-none-eabi/lib/armv6-m/libnosys.a(sbrk.o)
 *(COMMON)
 COMMON         0x20002f98       0x33 _build/ble_manager.o
                0x20002f98                scan_resp_data
                0x20002fb8                adv_data
 *fill*         0x20002fcb        0x1 
 COMMON         0x20002fcc        0x6 _build/memory.o
                0x20002fcc                char_values
 *fill*         0x20002fd2        0x2 
 COMMON         0x20002fd4        0x8 _build/softdevice_handler.o
                0x20002fd4                nrf_nvic_state
 COMMON         0x20002fdc        0x4 /home/marco/ARMToolchain/gcc-arm-none-eabi-4_9-2015q2/bin/../lib/gcc/arm-none-eabi/4.9.3/../../../../arm-none-eabi/lib/armv6-m/libc_nano.a(lib_a-reent.o)
                0x20002fdc                errno
                0x20002fe0                . = ALIGN (0x4)
                0x20002fe0                __bss_end__ = .

.heap           0x20002fe0      0x800
                0x20002fe0                __end__ = .
                0x20002fe0                PROVIDE (end, .)
 *(.heap*)
 .heap          0x20002fe0      0x800 _build/gcc_startup_nrf51.o
                0x20002fe0                __HeapBase
                0x200037e0                __HeapLimit = .

.stack_dummy    0x20002fe0      0x800
 *(.stack*)
 .stack         0x20002fe0      0x800 _build/gcc_startup_nrf51.o
                0x20004000                __StackTop = (ORIGIN (RAM) + 0x1800)
                0x20003800                __StackLimit = (__StackTop - SIZEOF (.stack_dummy))
                0x20004000                PROVIDE (__stack, __StackTop)
                0x00000001                ASSERT ((__StackLimit >= __HeapLimit), region RAM overflowed with stack)
OUTPUT(_build/ble_controller_s130.out elf32-littlearm)

.ARM.attributes
                0x00000000       0x28
 .ARM.attributes
                0x00000000       0x1e /home/marco/ARMToolchain/gcc-arm-none-eabi-4_9-2015q2/bin/../lib/gcc/arm-none-eabi/4.9.3/armv6-m/crti.o
 .ARM.attributes
                0x0000001e       0x2c /home/marco/ARMToolchain/gcc-arm-none-eabi-4_9-2015q2/bin/../lib/gcc/arm-none-eabi/4.9.3/armv6-m/crtbegin.o
 .ARM.attributes
                0x0000004a       0x1b /home/marco/ARMToolchain/gcc-arm-none-eabi-4_9-2015q2/bin/../lib/gcc/arm-none-eabi/4.9.3/../../../../arm-none-eabi/lib/armv6-m/crt0.o
 .ARM.attributes
                0x00000065       0x2c /home/marco/ARMToolchain/gcc-arm-none-eabi-4_9-2015q2/bin/../lib/gcc/arm-none-eabi/4.9.3/../../../../arm-none-eabi/lib/armv6-m/libc_nano.a(lib_a-exit.o)
 .ARM.attributes
                0x00000091       0x2c /home/marco/ARMToolchain/gcc-arm-none-eabi-4_9-2015q2/bin/../lib/gcc/arm-none-eabi/4.9.3/../../../../arm-none-eabi/lib/armv6-m/libc_nano.a(lib_a-impure.o)
 .ARM.attributes
                0x000000bd       0x2c /home/marco/ARMToolchain/gcc-arm-none-eabi-4_9-2015q2/bin/../lib/gcc/arm-none-eabi/4.9.3/../../../../arm-none-eabi/lib/armv6-m/libc_nano.a(lib_a-init.o)
 .ARM.attributes
                0x000000e9       0x2c /home/marco/ARMToolchain/gcc-arm-none-eabi-4_9-2015q2/bin/../lib/gcc/arm-none-eabi/4.9.3/../../../../arm-none-eabi/lib/armv6-m/libc_nano.a(lib_a-memset.o)
 .ARM.attributes
                0x00000115       0x2c /home/marco/ARMToolchain/gcc-arm-none-eabi-4_9-2015q2/bin/../lib/gcc/arm-none-eabi/4.9.3/../../../../arm-none-eabi/lib/armv6-m/libnosys.a(_exit.o)
 .ARM.attributes
                0x00000141       0x31 _build/main.o
 .ARM.attributes
                0x00000172       0x31 _build/uart.o
 .ARM.attributes
                0x000001a3       0x31 _build/mpu6050.o
 .ARM.attributes
                0x000001d4       0x31 _build/ble_manager.o
 .ARM.attributes
                0x00000205       0x31 _build/cfg_service.o
 .ARM.attributes
                0x00000236       0x31 _build/memory.o
 .ARM.attributes
                0x00000267       0x31 _build/application.o
 .ARM.attributes
                0x00000298       0x31 _build/app_error.o
 .ARM.attributes
                0x000002c9       0x31 _build/app_error_weak.o
 .ARM.attributes
                0x000002fa       0x31 _build/app_timer.o
 .ARM.attributes
                0x0000032b       0x31 _build/app_fifo.o
 .ARM.attributes
                0x0000035c       0x31 _build/app_twi.o
 .ARM.attributes
                0x0000038d       0x31 _build/app_util_platform.o
 .ARM.attributes
                0x000003be       0x31 _build/nrf_delay.o
 .ARM.attributes
                0x000003ef       0x31 _build/app_uart_fifo.o
 .ARM.attributes
                0x00000420       0x31 _build/nrf_drv_clock.o
 .ARM.attributes
                0x00000451       0x31 _build/nrf_drv_common.o
 .ARM.attributes
                0x00000482       0x31 _build/nrf_drv_gpiote.o
 .ARM.attributes
                0x000004b3       0x31 _build/nrf_drv_timer.o
 .ARM.attributes
                0x000004e4       0x31 _build/nrf_drv_twi.o
 .ARM.attributes
                0x00000515       0x31 _build/pstorage.o
 .ARM.attributes
                0x00000546       0x31 _build/nrf_drv_uart.o
 .ARM.attributes
                0x00000577       0x31 _build/ble_bas.o
 .ARM.attributes
                0x000005a8       0x31 _build/ble_dis.o
 .ARM.attributes
                0x000005d9       0x31 _build/ble_conn_params.o
 .ARM.attributes
                0x0000060a       0x31 _build/ble_srv_common.o
 .ARM.attributes
                0x0000063b       0x31 _build/system_nrf51.o
 .ARM.attributes
                0x0000066c       0x31 _build/softdevice_handler.o
 .ARM.attributes
                0x0000069d       0x1b _build/gcc_startup_nrf51.o
 .ARM.attributes
                0x000006b8       0x1e /home/marco/ARMToolchain/gcc-arm-none-eabi-4_9-2015q2/bin/../lib/gcc/arm-none-eabi/4.9.3/armv6-m/libgcc.a(_udivsi3.o)
 .ARM.attributes
                0x000006d6       0x1e /home/marco/ARMToolchain/gcc-arm-none-eabi-4_9-2015q2/bin/../lib/gcc/arm-none-eabi/4.9.3/armv6-m/libgcc.a(_divsi3.o)
 .ARM.attributes
                0x000006f4       0x1e /home/marco/ARMToolchain/gcc-arm-none-eabi-4_9-2015q2/bin/../lib/gcc/arm-none-eabi/4.9.3/armv6-m/libgcc.a(_dvmd_tls.o)
 .ARM.attributes
                0x00000712       0x2c /home/marco/ARMToolchain/gcc-arm-none-eabi-4_9-2015q2/bin/../lib/gcc/arm-none-eabi/4.9.3/../../../../arm-none-eabi/lib/armv6-m/libc_nano.a(lib_a-memcpy.o)
 .ARM.attributes
                0x0000073e       0x2c /home/marco/ARMToolchain/gcc-arm-none-eabi-4_9-2015q2/bin/../lib/gcc/arm-none-eabi/4.9.3/../../../../arm-none-eabi/lib/armv6-m/libc_nano.a(lib_a-sprintf.o)
 .ARM.attributes
                0x0000076a       0x2c /home/marco/ARMToolchain/gcc-arm-none-eabi-4_9-2015q2/bin/../lib/gcc/arm-none-eabi/4.9.3/../../../../arm-none-eabi/lib/armv6-m/libc_nano.a(lib_a-strlen.o)
 .ARM.attributes
                0x00000796       0x2c /home/marco/ARMToolchain/gcc-arm-none-eabi-4_9-2015q2/bin/../lib/gcc/arm-none-eabi/4.9.3/../../../../arm-none-eabi/lib/armv6-m/libc_nano.a(lib_a-nano-svfprintf.o)
 .ARM.attributes
                0x000007c2       0x2c /home/marco/ARMToolchain/gcc-arm-none-eabi-4_9-2015q2/bin/../lib/gcc/arm-none-eabi/4.9.3/../../../../arm-none-eabi/lib/armv6-m/libc_nano.a(lib_a-nano-vfprintf_i.o)
 .ARM.attributes
                0x000007ee       0x2c /home/marco/ARMToolchain/gcc-arm-none-eabi-4_9-2015q2/bin/../lib/gcc/arm-none-eabi/4.9.3/../../../../arm-none-eabi/lib/armv6-m/libc_nano.a(lib_a-memchr.o)
 .ARM.attributes
                0x0000081a       0x2c /home/marco/ARMToolchain/gcc-arm-none-eabi-4_9-2015q2/bin/../lib/gcc/arm-none-eabi/4.9.3/../../../../arm-none-eabi/lib/armv6-m/libc_nano.a(lib_a-memmove.o)
 .ARM.attributes
                0x00000846       0x2c /home/marco/ARMToolchain/gcc-arm-none-eabi-4_9-2015q2/bin/../lib/gcc/arm-none-eabi/4.9.3/../../../../arm-none-eabi/lib/armv6-m/libc_nano.a(lib_a-nano-freer.o)
 .ARM.attributes
                0x00000872       0x2c /home/marco/ARMToolchain/gcc-arm-none-eabi-4_9-2015q2/bin/../lib/gcc/arm-none-eabi/4.9.3/../../../../arm-none-eabi/lib/armv6-m/libc_nano.a(lib_a-nano-mallocr.o)
 .ARM.attributes
                0x0000089e       0x2c /home/marco/ARMToolchain/gcc-arm-none-eabi-4_9-2015q2/bin/../lib/gcc/arm-none-eabi/4.9.3/../../../../arm-none-eabi/lib/armv6-m/libc_nano.a(lib_a-nano-reallocr.o)
 .ARM.attributes
                0x000008ca       0x2c /home/marco/ARMToolchain/gcc-arm-none-eabi-4_9-2015q2/bin/../lib/gcc/arm-none-eabi/4.9.3/../../../../arm-none-eabi/lib/armv6-m/libc_nano.a(lib_a-sbrkr.o)
 .ARM.attributes
                0x000008f6       0x2c /home/marco/ARMToolchain/gcc-arm-none-eabi-4_9-2015q2/bin/../lib/gcc/arm-none-eabi/4.9.3/../../../../arm-none-eabi/lib/armv6-m/libc_nano.a(lib_a-nano-msizer.o)
 .ARM.attributes
                0x00000922       0x2c /home/marco/ARMToolchain/gcc-arm-none-eabi-4_9-2015q2/bin/../lib/gcc/arm-none-eabi/4.9.3/../../../../arm-none-eabi/lib/armv6-m/libc_nano.a(lib_a-reent.o)
 .ARM.attributes
                0x0000094e       0x2c /home/marco/ARMToolchain/gcc-arm-none-eabi-4_9-2015q2/bin/../lib/gcc/arm-none-eabi/4.9.3/armv6-m/crtend.o
 .ARM.attributes
                0x0000097a       0x1e /home/marco/ARMToolchain/gcc-arm-none-eabi-4_9-2015q2/bin/../lib/gcc/arm-none-eabi/4.9.3/armv6-m/crtn.o
 .ARM.attributes
                0x00000998       0x2c /home/marco/ARMToolchain/gcc-arm-none-eabi-4_9-2015q2/bin/../lib/gcc/arm-none-eabi/4.9.3/../../../../arm-none-eabi/lib/armv6-m/libnosys.a(sbrk.o)

.comment        0x00000000       0x70
 .comment       0x00000000       0x70 _build/main.o
                                 0x71 (size before relaxing)
 .comment       0x00000000       0x71 _build/uart.o
 .comment       0x00000000       0x71 _build/mpu6050.o
 .comment       0x00000000       0x71 _build/ble_manager.o
 .comment       0x00000000       0x71 _build/cfg_service.o
 .comment       0x00000000       0x71 _build/memory.o
 .comment       0x00000000       0x71 _build/application.o
 .comment       0x00000000       0x71 _build/app_error.o
 .comment       0x00000000       0x71 _build/app_error_weak.o
 .comment       0x00000000       0x71 _build/app_timer.o
 .comment       0x00000000       0x71 _build/app_fifo.o
 .comment       0x00000000       0x71 _build/app_twi.o
 .comment       0x00000000       0x71 _build/app_util_platform.o
 .comment       0x00000000       0x71 _build/nrf_delay.o
 .comment       0x00000000       0x71 _build/app_uart_fifo.o
 .comment       0x00000000       0x71 _build/nrf_drv_clock.o
 .comment       0x00000000       0x71 _build/nrf_drv_common.o
 .comment       0x00000000       0x71 _build/nrf_drv_gpiote.o
 .comment       0x00000000       0x71 _build/nrf_drv_timer.o
 .comment       0x00000000       0x71 _build/nrf_drv_twi.o
 .comment       0x00000000       0x71 _build/pstorage.o
 .comment       0x00000000       0x71 _build/nrf_drv_uart.o
 .comment       0x00000000       0x71 _build/ble_bas.o
 .comment       0x00000000       0x71 _build/ble_dis.o
 .comment       0x00000000       0x71 _build/ble_conn_params.o
 .comment       0x00000000       0x71 _build/ble_srv_common.o
 .comment       0x00000000       0x71 _build/system_nrf51.o
 .comment       0x00000000       0x71 _build/softdevice_handler.o

.debug_frame    0x00000000      0x3b8
 .debug_frame   0x00000000       0x28 /home/marco/ARMToolchain/gcc-arm-none-eabi-4_9-2015q2/bin/../lib/gcc/arm-none-eabi/4.9.3/../../../../arm-none-eabi/lib/armv6-m/libc_nano.a(lib_a-exit.o)
 .debug_frame   0x00000028       0x2c /home/marco/ARMToolchain/gcc-arm-none-eabi-4_9-2015q2/bin/../lib/gcc/arm-none-eabi/4.9.3/../../../../arm-none-eabi/lib/armv6-m/libc_nano.a(lib_a-init.o)
 .debug_frame   0x00000054       0x20 /home/marco/ARMToolchain/gcc-arm-none-eabi-4_9-2015q2/bin/../lib/gcc/arm-none-eabi/4.9.3/../../../../arm-none-eabi/lib/armv6-m/libc_nano.a(lib_a-memset.o)
 .debug_frame   0x00000074       0x20 /home/marco/ARMToolchain/gcc-arm-none-eabi-4_9-2015q2/bin/../lib/gcc/arm-none-eabi/4.9.3/../../../../arm-none-eabi/lib/armv6-m/libnosys.a(_exit.o)
 .debug_frame   0x00000094       0x20 /home/marco/ARMToolchain/gcc-arm-none-eabi-4_9-2015q2/bin/../lib/gcc/arm-none-eabi/4.9.3/armv6-m/libgcc.a(_udivsi3.o)
 .debug_frame   0x000000b4       0x20 /home/marco/ARMToolchain/gcc-arm-none-eabi-4_9-2015q2/bin/../lib/gcc/arm-none-eabi/4.9.3/armv6-m/libgcc.a(_divsi3.o)
 .debug_frame   0x000000d4       0x28 /home/marco/ARMToolchain/gcc-arm-none-eabi-4_9-2015q2/bin/../lib/gcc/arm-none-eabi/4.9.3/../../../../arm-none-eabi/lib/armv6-m/libc_nano.a(lib_a-memcpy.o)
 .debug_frame   0x000000fc       0x50 /home/marco/ARMToolchain/gcc-arm-none-eabi-4_9-2015q2/bin/../lib/gcc/arm-none-eabi/4.9.3/../../../../arm-none-eabi/lib/armv6-m/libc_nano.a(lib_a-sprintf.o)
 .debug_frame   0x0000014c       0x20 /home/marco/ARMToolchain/gcc-arm-none-eabi-4_9-2015q2/bin/../lib/gcc/arm-none-eabi/4.9.3/../../../../arm-none-eabi/lib/armv6-m/libc_nano.a(lib_a-strlen.o)
 .debug_frame   0x0000016c       0x74 /home/marco/ARMToolchain/gcc-arm-none-eabi-4_9-2015q2/bin/../lib/gcc/arm-none-eabi/4.9.3/../../../../arm-none-eabi/lib/armv6-m/libc_nano.a(lib_a-nano-svfprintf.o)
 .debug_frame   0x000001e0       0x54 /home/marco/ARMToolchain/gcc-arm-none-eabi-4_9-2015q2/bin/../lib/gcc/arm-none-eabi/4.9.3/../../../../arm-none-eabi/lib/armv6-m/libc_nano.a(lib_a-nano-vfprintf_i.o)
 .debug_frame   0x00000234       0x20 /home/marco/ARMToolchain/gcc-arm-none-eabi-4_9-2015q2/bin/../lib/gcc/arm-none-eabi/4.9.3/../../../../arm-none-eabi/lib/armv6-m/libc_nano.a(lib_a-memchr.o)
 .debug_frame   0x00000254       0x28 /home/marco/ARMToolchain/gcc-arm-none-eabi-4_9-2015q2/bin/../lib/gcc/arm-none-eabi/4.9.3/../../../../arm-none-eabi/lib/armv6-m/libc_nano.a(lib_a-memmove.o)
 .debug_frame   0x0000027c       0x2c /home/marco/ARMToolchain/gcc-arm-none-eabi-4_9-2015q2/bin/../lib/gcc/arm-none-eabi/4.9.3/../../../../arm-none-eabi/lib/armv6-m/libc_nano.a(lib_a-nano-freer.o)
 .debug_frame   0x000002a8       0x2c /home/marco/ARMToolchain/gcc-arm-none-eabi-4_9-2015q2/bin/../lib/gcc/arm-none-eabi/4.9.3/../../../../arm-none-eabi/lib/armv6-m/libc_nano.a(lib_a-nano-mallocr.o)
 .debug_frame   0x000002d4       0x30 /home/marco/ARMToolchain/gcc-arm-none-eabi-4_9-2015q2/bin/../lib/gcc/arm-none-eabi/4.9.3/../../../../arm-none-eabi/lib/armv6-m/libc_nano.a(lib_a-nano-reallocr.o)
 .debug_frame   0x00000304       0x2c /home/marco/ARMToolchain/gcc-arm-none-eabi-4_9-2015q2/bin/../lib/gcc/arm-none-eabi/4.9.3/../../../../arm-none-eabi/lib/armv6-m/libc_nano.a(lib_a-sbrkr.o)
 .debug_frame   0x00000330       0x20 /home/marco/ARMToolchain/gcc-arm-none-eabi-4_9-2015q2/bin/../lib/gcc/arm-none-eabi/4.9.3/../../../../arm-none-eabi/lib/armv6-m/libc_nano.a(lib_a-nano-msizer.o)
 .debug_frame   0x00000350       0x48 /home/marco/ARMToolchain/gcc-arm-none-eabi-4_9-2015q2/bin/../lib/gcc/arm-none-eabi/4.9.3/../../../../arm-none-eabi/lib/armv6-m/libc_nano.a(lib_a-reent.o)
 .debug_frame   0x00000398       0x20 /home/marco/ARMToolchain/gcc-arm-none-eabi-4_9-2015q2/bin/../lib/gcc/arm-none-eabi/4.9.3/../../../../arm-none-eabi/lib/armv6-m/libnosys.a(sbrk.o)
